03-19 17:29:06.085   723   794 E AconfigFlags: 	at java.util.concurrent.Executors$RunnableAdapter.call(Executors.java:524)
03-19 17:29:06.085   723   794 E AconfigFlags: 	at java.util.concurrent.FutureTask.run(FutureTask.java:317)
03-19 17:29:06.085   723   794 E AconfigFlags: 	at java.util.concurrent.ThreadPoolExecutor.runWorker(ThreadPoolExecutor.java:1156)
03-19 17:29:06.085   723   794 E AconfigFlags: 	at java.util.concurrent.ThreadPoolExecutor$Worker.run(ThreadPoolExecutor.java:651)
03-19 17:29:06.085   723   794 E AconfigFlags: 	at com.android.internal.util.ConcurrentUtils$1$1.run(ConcurrentUtils.java:65)
03-19 17:29:06.085   723   794 E AconfigFlags: Failed to load aconfig package android.xr
03-19 17:29:06.085   723   794 E AconfigFlags: android.os.flagging.AconfigStorageReadException: ERROR_PACKAGE_NOT_FOUND: package android.xr cannot be found on the device
03-19 17:29:06.085   723   794 E AconfigFlags: 	at android.os.flagging.AconfigPackage.load(AconfigPackage.java:132)
03-19 17:29:06.085   723   794 E AconfigFlags: 	at com.android.internal.pm.pkg.component.AconfigFlags.lambda$getFlagValueFromNewStorage$0(AconfigFlags.java:261)
03-19 17:29:06.085   723   794 E AconfigFlags: 	at com.android.internal.pm.pkg.component.AconfigFlags$$ExternalSyntheticLambda0.apply(D8$$SyntheticClass:0)
03-19 17:29:06.085   723   794 E AconfigFlags: 	at java.util.concurrent.ConcurrentHashMap.computeIfAbsent(ConcurrentHashMap.java:1713)
03-19 17:29:06.085   723   794 E AconfigFlags: 	at com.android.internal.pm.pkg.component.AconfigFlags.getFlagValueFromNewStorage(AconfigFlags.java:259)
03-19 17:29:06.085   723   794 E AconfigFlags: 	at com.android.internal.pm.pkg.component.AconfigFlags.getFlagValue(AconfigFlags.java:225)
03-19 17:29:06.085   723   794 E AconfigFlags: 	at com.android.internal.pm.pkg.component.AconfigFlags.skipCurrentElement(AconfigFlags.java:323)
03-19 17:29:06.085   723   794 E AconfigFlags: 	at com.android.internal.pm.pkg.component.AconfigFlags.skipCurrentElement(AconfigFlags.java:291)
03-19 17:29:06.085   723   794 E AconfigFlags: 	at com.android.internal.pm.pkg.parsing.ParsingPackageUtils.parseBaseApkTags(ParsingPackageUtils.java:1000)
03-19 17:29:06.085   723   794 E AconfigFlags: 	at com.android.internal.pm.pkg.parsing.ParsingPackageUtils.parseBaseApk(ParsingPackageUtils.java:735)
03-19 17:29:06.085   723   794 E AconfigFlags: 	at com.android.internal.pm.pkg.parsing.ParsingPackageUtils.parseBaseApk(ParsingPackageUtils.java:600)
03-19 17:29:06.085   723   794 E AconfigFlags: 	at com.android.internal.pm.pkg.parsing.ParsingPackageUtils.parseMonolithicPackage(ParsingPackageUtils.java:436)
03-19 17:29:06.085   723   794 E AconfigFlags: 	at com.android.internal.pm.pkg.parsing.ParsingPackageUtils.parsePackage(ParsingPackageUtils.java:334)
03-19 17:29:06.085   723   794 E AconfigFlags: 	at com.android.internal.pm.parsing.PackageParser2.parsePackage(PackageParser2.java:134)
03-19 17:29:06.085   723   794 E AconfigFlags: 	at com.android.server.pm.ParallelPackageParser.parsePackage(ParallelPackageParser.java:130)
03-19 17:29:06.085   723   794 E AconfigFlags: 	at com.android.server.pm.ParallelPackageParser.lambda$submit$0(ParallelPackageParser.java:108)
03-19 17:29:06.085   723   794 E AconfigFlags: 	at com.android.server.pm.ParallelPackageParser.$r8$lambda$uW6lAW1ixaCdJ_8ZINGbyQGIceg(ParallelPackageParser.java:0)
03-19 17:29:06.085   723   794 E AconfigFlags: 	at com.android.server.pm.ParallelPackageParser$$ExternalSyntheticLambda0.run(R8$$SyntheticClass:0)
03-19 17:29:06.085   723   794 E AconfigFlags: 	at java.util.concurrent.Executors$RunnableAdapter.call(Executors.java:524)
03-19 17:29:06.085   723   794 E AconfigFlags: 	at java.util.concurrent.FutureTask.run(FutureTask.java:317)
03-19 17:29:06.085   723   794 E AconfigFlags: 	at java.util.concurrent.ThreadPoolExecutor.runWorker(ThreadPoolExecutor.java:1156)
03-19 17:29:06.085   723   794 E AconfigFlags: 	at java.util.concurrent.ThreadPoolExecutor$Worker.run(ThreadPoolExecutor.java:651)
03-19 17:29:06.085   723   794 E AconfigFlags: 	at com.android.internal.util.ConcurrentUtils$1$1.run(ConcurrentUtils.java:65)
03-19 17:29:10.875   633   798 E storaged: getService package_native failed
03-19 17:29:13.154   723   723 E DeviceStateManagerService: Cannot notify device state info change before the initial state has been committed.
03-19 17:29:13.350   723   866 E SystemServiceRegistry: Manager wrapper not available: jobscheduler
03-19 17:29:22.599   723   866 E SystemServiceRegistry: Manager wrapper not available: jobscheduler
03-19 17:29:22.601   723   866 E SystemServiceRegistry: Manager wrapper not available: jobscheduler
03-19 17:29:22.605   723   866 E SystemServiceRegistry: Manager wrapper not available: jobscheduler
03-19 17:29:22.713   723   866 E SystemServiceRegistry: Manager wrapper not available: jobscheduler
03-19 17:29:22.730   723   723 E PowerManagerService: Tried to acquire wake lock for invalid display: 0
03-19 17:29:22.740   723   723 E SoundTriggerMiddlewareImpl: Failed to add a SoundTriggerModule instance
03-19 17:29:22.740   723   723 E SoundTriggerMiddlewareImpl: java.util.NoSuchElementException
03-19 17:29:22.740   723   723 E SoundTriggerMiddlewareImpl: 	at android.os.HwBinder.getService(Native Method)
03-19 17:29:22.740   723   723 E SoundTriggerMiddlewareImpl: 	at android.hardware.soundtrigger.V2_0.ISoundTriggerHw.getService(ISoundTriggerHw.java:57)
03-19 17:29:22.740   723   723 E SoundTriggerMiddlewareImpl: 	at android.hardware.soundtrigger.V2_0.ISoundTriggerHw.getService(ISoundTriggerHw.java:64)
03-19 17:29:22.740   723   723 E SoundTriggerMiddlewareImpl: 	at com.android.server.soundtrigger_middleware.DefaultHalFactory.create(DefaultHalFactory.java:76)
03-19 17:29:22.740   723   723 E SoundTriggerMiddlewareImpl: 	at com.android.server.soundtrigger_middleware.SoundTriggerModule.attachToHal(SoundTriggerModule.java:176)
03-19 17:29:22.740   723   723 E SoundTriggerMiddlewareImpl: 	at com.android.server.soundtrigger_middleware.SoundTriggerModule.<init>(SoundTriggerModule.java:105)
03-19 17:29:22.740   723   723 E SoundTriggerMiddlewareImpl: 	at com.android.server.soundtrigger_middleware.SoundTriggerMiddlewareImpl.<init>(SoundTriggerMiddlewareImpl.java:86)
03-19 17:29:22.740   723   723 E SoundTriggerMiddlewareImpl: 	at com.android.server.soundtrigger_middleware.SoundTriggerMiddlewareService$Lifecycle.onStart(SoundTriggerMiddlewareService.java:248)
03-19 17:29:22.740   723   723 E SoundTriggerMiddlewareImpl: 	at com.android.server.SystemServiceManager.startService(SystemServiceManager.java:280)
03-19 17:29:22.740   723   723 E SoundTriggerMiddlewareImpl: 	at com.android.server.SystemServiceManager.startService(SystemServiceManager.java:257)
03-19 17:29:22.740   723   723 E SoundTriggerMiddlewareImpl: 	at com.android.server.SystemServer.startOtherServices(SystemServer.java:2417)
03-19 17:29:22.740   723   723 E SoundTriggerMiddlewareImpl: 	at com.android.server.SystemServer.run(SystemServer.java:988)
03-19 17:29:22.740   723   723 E SoundTriggerMiddlewareImpl: 	at com.android.server.SystemServer.main(SystemServer.java:689)
03-19 17:29:22.740   723   723 E SoundTriggerMiddlewareImpl: 	at java.lang.reflect.Method.invoke(Native Method)
03-19 17:29:22.740   723   723 E SoundTriggerMiddlewareImpl: 	at com.android.internal.os.RuntimeInit$MethodAndArgsCaller.run(RuntimeInit.java:593)
03-19 17:29:22.740   723   723 E SoundTriggerMiddlewareImpl: 	at com.android.internal.os.ZygoteInit.main(ZygoteInit.java:910)
03-19 17:29:22.764   723   853 E UsbDeviceManager: connectToProxy: usb gadget hidl hal service not found.
03-19 17:29:22.764   723   853 E UsbDeviceManager: java.util.NoSuchElementException
03-19 17:29:22.764   723   853 E UsbDeviceManager: 	at android.os.HwBinder.getService(Native Method)
03-19 17:29:22.764   723   853 E UsbDeviceManager: 	at android.hardware.usb.gadget.V1_0.IUsbGadget.getService(IUsbGadget.java:57)
03-19 17:29:22.764   723   853 E UsbDeviceManager: 	at android.hardware.usb.gadget.V1_0.IUsbGadget.getService(IUsbGadget.java:64)
03-19 17:29:22.764   723   853 E UsbDeviceManager: 	at com.android.server.usb.hal.gadget.UsbGadgetHidl.isServicePresent(UsbGadgetHidl.java:128)
03-19 17:29:22.764   723   853 E UsbDeviceManager: 	at com.android.server.usb.hal.gadget.UsbGadgetHalInstance.getInstance(UsbGadgetHalInstance.java:39)
03-19 17:29:22.764   723   853 E UsbDeviceManager: 	at com.android.server.usb.UsbDeviceManager.<init>(UsbDeviceManager.java:349)
03-19 17:29:22.764   723   853 E UsbDeviceManager: 	at com.android.server.usb.UsbService.<init>(UsbService.java:219)
03-19 17:29:22.764   723   853 E UsbDeviceManager: 	at com.android.server.usb.UsbService$Lifecycle.lambda$onStart$0(UsbService.java:125)
03-19 17:29:22.764   723   853 E UsbDeviceManager: 	at com.android.server.usb.UsbService$Lifecycle.$r8$lambda$HIZVSW8uTg1XjWF6etZh-bC1WP4(UsbService.java:0)
03-19 17:29:22.764   723   853 E UsbDeviceManager: 	at com.android.server.usb.UsbService$Lifecycle$$ExternalSyntheticLambda0.run(R8$$SyntheticClass:0)
03-19 17:29:22.764   723   853 E UsbDeviceManager: 	at com.android.server.SystemServerInitThreadPool.lambda$submitTask$0(SystemServerInitThreadPool.java:107)
03-19 17:29:22.764   723   853 E UsbDeviceManager: 	at com.android.server.SystemServerInitThreadPool.$r8$lambda$KBkrFsHiqcxWyjNRg1WxRI4WNHA(SystemServerInitThreadPool.java:0)
03-19 17:29:22.764   723   853 E UsbDeviceManager: 	at com.android.server.SystemServerInitThreadPool$$ExternalSyntheticLambda1.run(R8$$SyntheticClass:0)
03-19 17:29:22.764   723   853 E UsbDeviceManager: 	at java.util.concurrent.Executors$RunnableAdapter.call(Executors.java:524)
03-19 17:29:22.764   723   853 E UsbDeviceManager: 	at java.util.concurrent.FutureTask.run(FutureTask.java:317)
03-19 17:29:22.764   723   853 E UsbDeviceManager: 	at java.util.concurrent.ThreadPoolExecutor.runWorker(ThreadPoolExecutor.java:1156)
03-19 17:29:22.764   723   853 E UsbDeviceManager: 	at java.util.concurrent.ThreadPoolExecutor$Worker.run(ThreadPoolExecutor.java:651)
03-19 17:29:22.764   723   853 E UsbDeviceManager: 	at com.android.internal.util.ConcurrentUtils$1$1.run(ConcurrentUtils.java:65)
03-19 17:29:22.764   723   853 E UsbPortManager: USB Gadget HAL AIDL/HIDL not present
03-19 17:29:22.764   723   853 E UsbDeviceManager: Failed to open control for mtp
03-19 17:29:22.764   723   853 E UsbDeviceManager: Failed to open control for ptp
03-19 17:29:22.883   723   723 E SystemServiceRegistry: Manager wrapper not available: face
03-19 17:29:22.890   723  1164 E AuthService: Face configuration exists, but FaceService is null.
03-19 17:29:23.006   723   723 E AutofillManagerServiceImpl: Bad service name: com.google.android.gms/.autofill.service.AutofillService
03-19 17:29:23.108   723   723 E EnergyConsumerSnapshot: Unexpected battery voltage (0 mV) when taking energy consumer snapshot
03-19 17:29:23.128   723   771 E EnergyConsumerSnapshot: Unexpected battery voltage (0 mV) when taking energy consumer snapshot
03-19 17:29:23.140   723   723 E DisplayPowerController[0]: failed to set up display white-balance: java.lang.IllegalStateException: cannot find sensor com.google.sensor.color
03-19 17:29:23.260   723   771 E EnergyConsumerSnapshot: Unexpected battery voltage (0 mV) when taking energy consumer snapshot
03-19 17:29:23.285   723   723 E TestHarnessModeService: Failed to start Test Harness Mode; no implementation of PersistentDataBlockManagerInternal was bound!
03-19 17:29:23.367   723   723 E SystemServiceRegistry: Manager wrapper not available: face
03-19 17:29:23.390   723   723 E UserManagerService: Auto-lock preference updated but private space user not found
03-19 17:29:23.477   723   723 E DefaultPermGrantPolicy: Package not found: com.google.android.apps.setupwizard.searchselector
03-19 17:29:23.477   723   723 E DefaultPermGrantPolicy: Package not found: com.google.android.apps.nest.dockmanager.app
03-19 17:29:23.494   723   723 E DefaultPermGrantPolicy: Package not found: com.google.android.gms.location.history
03-19 17:29:23.516   723   723 E DefaultPermGrantPolicy: Package not found: com.google.android.apps.pixelmigrate
03-19 17:29:23.517   723   723 E DefaultPermGrantPolicy: Package not found: com.google.android.adservices
03-19 17:29:23.517   723   723 E DefaultPermGrantPolicy: Package not found: com.google.android.apps.mediashell
03-19 17:29:23.517   723   723 E DefaultPermGrantPolicy: Package not found: com.google.android.apps.tips
03-19 17:29:23.517   723   723 E DefaultPermGrantPolicy: Package not found: com.google.android.apps.turbo
03-19 17:29:23.517   723   723 E DefaultPermGrantPolicy: Package not found: com.google.android.euicc
03-19 17:29:23.517   723   723 E DefaultPermGrantPolicy: Package not found: com.google.android.volta
03-19 17:29:24.296   723   723 E WallpaperCropper: Unable to apply new wallpaper
03-19 17:29:24.513   723   853 E AppOps  : Bad call made by uid 1000. Package "android" does not belong to uid 1037.
03-19 17:29:24.513   723   853 E AppOps  : Cannot getAppOpMode: non-application UID 1037
03-19 17:29:24.901   723   771 E BluetoothPowerStatsCollector: Cannot acquire BluetoothActivityEnergyInfo
03-19 17:29:24.901   723   771 E BluetoothPowerStatsCollector: java.util.concurrent.ExecutionException: java.lang.RuntimeException: error: 9
03-19 17:29:24.901   723   771 E BluetoothPowerStatsCollector: 	at java.util.concurrent.CompletableFuture.reportGet(CompletableFuture.java:372)
03-19 17:29:24.901   723   771 E BluetoothPowerStatsCollector: 	at java.util.concurrent.CompletableFuture.get(CompletableFuture.java:2072)
03-19 17:29:24.901   723   771 E BluetoothPowerStatsCollector: 	at com.android.server.power.stats.BluetoothPowerStatsCollector.collectBluetoothActivityInfo(BluetoothPowerStatsCollector.java:192)
03-19 17:29:24.901   723   771 E BluetoothPowerStatsCollector: 	at com.android.server.power.stats.BluetoothPowerStatsCollector.collectStats(BluetoothPowerStatsCollector.java:155)
03-19 17:29:24.901   723   771 E BluetoothPowerStatsCollector: 	at com.android.server.power.stats.PowerStatsCollector.collectAndDeliverStats(PowerStatsCollector.java:176)
03-19 17:29:24.901   723   771 E BluetoothPowerStatsCollector: 	at com.android.server.power.stats.PowerStatsCollector$$ExternalSyntheticLambda0.run(R8$$SyntheticClass:0)
03-19 17:29:24.901   723   771 E BluetoothPowerStatsCollector: 	at android.os.Handler.handleCallback(Handler.java:995)
03-19 17:29:24.901   723   771 E BluetoothPowerStatsCollector: 	at android.os.Handler.dispatchMessage(Handler.java:103)
03-19 17:29:24.901   723   771 E BluetoothPowerStatsCollector: 	at android.os.Looper.loopOnce(Looper.java:248)
03-19 17:29:24.901   723   771 E BluetoothPowerStatsCollector: 	at android.os.Looper.loop(Looper.java:338)
03-19 17:29:24.901   723   771 E BluetoothPowerStatsCollector: 	at android.os.HandlerThread.run(HandlerThread.java:85)
03-19 17:29:24.901   723   771 E BluetoothPowerStatsCollector: Caused by: java.lang.RuntimeException: error: 9
03-19 17:29:24.901   723   771 E BluetoothPowerStatsCollector: 	at com.android.server.power.stats.BluetoothPowerStatsCollector$1.onBluetoothActivityEnergyInfoError(BluetoothPowerStatsCollector.java:181)
03-19 17:29:24.901   723   771 E BluetoothPowerStatsCollector: 	at android.bluetooth.BluetoothAdapter$OnBluetoothActivityEnergyInfoProxy.lambda$onError$2(BluetoothAdapter.java:1059)
03-19 17:29:24.901   723   771 E BluetoothPowerStatsCollector: 	at android.bluetooth.BluetoothAdapter$OnBluetoothActivityEnergyInfoProxy$$ExternalSyntheticLambda0.run(D8$$SyntheticClass:0)
03-19 17:29:24.901   723   771 E BluetoothPowerStatsCollector: 	at android.bluetooth.BluetoothUtils.lambda$executeFromBinder$0(BluetoothUtils.java:343)
03-19 17:29:24.901   723   771 E BluetoothPowerStatsCollector: 	at android.bluetooth.BluetoothUtils$$ExternalSyntheticLambda1.run(D8$$SyntheticClass:0)
03-19 17:29:24.901   723   771 E BluetoothPowerStatsCollector: 	at com.android.server.SystemServerInitThreadPool$$ExternalSyntheticLambda0.execute(R8$$SyntheticClass:0)
03-19 17:29:24.901   723   771 E BluetoothPowerStatsCollector: 	at android.bluetooth.BluetoothUtils.executeFromBinder(BluetoothUtils.java:343)
03-19 17:29:24.901   723   771 E BluetoothPowerStatsCollector: 	at android.bluetooth.BluetoothAdapter$OnBluetoothActivityEnergyInfoProxy.onError(BluetoothAdapter.java:1058)
03-19 17:29:24.901   723   771 E BluetoothPowerStatsCollector: 	at android.bluetooth.BluetoothAdapter.requestControllerActivityEnergyInfo(BluetoothAdapter.java:2694)
03-19 17:29:24.901   723   771 E BluetoothPowerStatsCollector: 	at com.android.server.power.stats.BatteryStatsImpl$BluetoothStatsRetrieverImpl.requestControllerActivityEnergyInfo(BatteryStatsImpl.java:485)
03-19 17:29:24.901   723   771 E BluetoothPowerStatsCollector: 	at com.android.server.power.stats.BluetoothPowerStatsCollector.collectBluetoothActivityInfo(BluetoothPowerStatsCollector.java:170)
03-19 17:29:24.901   723   771 E BluetoothPowerStatsCollector: 	... 8 more
03-19 17:29:24.915   723   760 E CountryDetector: Could not instantiate the custom country detector class
03-19 17:29:25.190   723  1319 E TransitionChain: Can't collect into a chain with no transition
03-19 17:29:25.190   723  1319 E TransitionChain: Can't collect into a chain with no transition
03-19 17:29:25.192   723   752 E AppOpService: Blocked setUidMode call for runtime permission app op: uid = 10134, code = BLUETOOTH_SCAN, mode = ignore, callingUid = 1000, oldMode = allow
03-19 17:29:25.192   723   752 E AppOpService: java.lang.RuntimeException
03-19 17:29:25.192   723   752 E AppOpService: 	at com.android.server.permission.access.appop.AppOpService.setUidMode(AppOpService.kt:272)
03-19 17:29:25.192   723   752 E AppOpService: 	at com.android.server.appop.AppOpsCheckingServiceTracingDecorator.setUidMode(AppOpsCheckingServiceTracingDecorator.java:120)
03-19 17:29:25.192   723   752 E AppOpService: 	at com.android.server.appop.AppOpsService.setUidMode(AppOpsService.java:2182)
03-19 17:29:25.192   723   752 E AppOpService: 	at com.android.server.appop.AppOpsService.-$$Nest$msetUidMode(AppOpsService.java:0)
03-19 17:29:25.192   723   752 E AppOpService: 	at com.android.server.appop.AppOpsService$AppOpsManagerInternalImpl.setUidModeFromPermissionPolicy(AppOpsService.java:7512)
03-19 17:29:25.192   723   752 E AppOpService: 	at com.android.server.policy.PermissionPolicyService$PermissionToOpSynchroniser.setUidMode(PermissionPolicyService.java:1109)
03-19 17:29:25.192   723   752 E AppOpService: 	at com.android.server.policy.PermissionPolicyService$PermissionToOpSynchroniser.setUidModeIgnored(PermissionPolicyService.java:1087)
03-19 17:29:25.192   723   752 E AppOpService: 	at com.android.server.policy.PermissionPolicyService$PermissionToOpSynchroniser.syncPackages(PermissionPolicyService.java:895)
03-19 17:29:25.192   723   752 E AppOpService: 	at com.android.server.policy.PermissionPolicyService$PermissionToOpSynchroniser.-$$Nest$msyncPackages(PermissionPolicyService.java:0)
03-19 17:29:25.192   723   752 E AppOpService: 	at com.android.server.policy.PermissionPolicyService.synchronizeUidPermissionsAndAppOps(PermissionPolicyService.java:687)
03-19 17:29:25.192   723   752 E AppOpService: 	at com.android.server.policy.PermissionPolicyService.$r8$lambda$g9YhLNd1OZQfuSCyT_yO-G8mZv0(PermissionPolicyService.java:0)
03-19 17:29:25.192   723   752 E AppOpService: 	at com.android.server.policy.PermissionPolicyService$$ExternalSyntheticLambda4.accept(R8$$SyntheticClass:0)
03-19 17:29:25.192   723   752 E AppOpService: 	at com.android.internal.util.function.pooled.PooledLambdaImpl.doInvoke(PooledLambdaImpl.java:281)
03-19 17:29:25.192   723   752 E AppOpService: 	at com.android.internal.util.function.pooled.PooledLambdaImpl.invoke(PooledLambdaImpl.java:204)
03-19 17:29:25.192   723   752 E AppOpService: 	at com.android.internal.util.function.pooled.OmniFunction.run(OmniFunction.java:87)
03-19 17:29:25.192   723   752 E AppOpService: 	at android.os.Handler.handleCallback(Handler.java:995)
03-19 17:29:25.192   723   752 E AppOpService: 	at android.os.Handler.dispatchMessage(Handler.java:103)
03-19 17:29:25.192   723   752 E AppOpService: 	at android.os.Looper.loopOnce(Looper.java:248)
03-19 17:29:25.192   723   752 E AppOpService: 	at android.os.Looper.loop(Looper.java:338)
03-19 17:29:25.192   723   752 E AppOpService: 	at android.os.HandlerThread.run(HandlerThread.java:85)
03-19 17:29:25.192   723   752 E AppOpService: 	at com.android.server.ServiceThread.run(ServiceThread.java:49)
03-19 17:29:25.504   278   465 E keystore2: system/security/keystore2/src/error.rs:183 - system/security/keystore2/src/security_level.rs:739: Trying to call importKey
03-19 17:29:25.504   278   465 E keystore2: 
03-19 17:29:25.504   278   465 E keystore2: Caused by:
03-19 17:29:25.504   278   465 E keystore2:     Error::Km(r#ROLLBACK_RESISTANCE_UNAVAILABLE)
03-19 17:29:25.701   516   539 E android.hardware.wifi-service: Unknown iface name: wlan0
03-19 17:29:25.702   516   539 E android.hardware.wifi-service: Unknown iface name: wlan0
03-19 17:29:25.712   516   539 E android.hardware.wifi-service: Unknown iface name: wlan0
03-19 17:29:25.712   516   539 E android.hardware.wifi-service: Unknown iface name: wlan0
03-19 17:29:25.731   516   539 E android.hardware.wifi-service: Failed to register radio mode change callback
03-19 17:29:25.734   516   539 E android.hardware.wifi-service: Failed to get SupportedIfaceCombinations matrix from legacy HAL: NOT_SUPPORTED
03-19 17:29:25.738   516   539 E android.hardware.wifi-service: Failed to set DFS flag; DFS channels may be unavailable.
03-19 17:29:25.775   516   539 E android.hardware.wifi-service: Failed to get chip capabilities from legacy HAL: NOT_SUPPORTED
03-19 17:29:25.794   516   539 E android.hardware.wifi-service: Failed to get SupportedRadioCombinations matrix from legacy HAL: NOT_SUPPORTED
03-19 17:29:26.817   723   760 E SmartspacePerUserService: Bad service name: com.google.android.as/com.google.android.apps.miphone.aiai.app.AiAiSmartspaceService
03-19 17:29:26.909   723  1535 E AdbDebuggingManager: Caught an exception opening the socket: java.io.IOException: No such file or directory
03-19 17:29:26.978   723   760 E TranslationManagerServiceImpl: Bad service name: com.google.android.as/com.google.android.apps.miphone.aiai.app.AiAiTranslationService
03-19 17:29:26.986   723   760 E CredentialManager: Unable to add serviceInfo : 
03-19 17:29:26.986   723   760 E CredentialManager: android.content.pm.PackageManager$NameNotFoundException: ComponentInfo{com.google.android.gms/com.google.android.gms.auth.api.credentials.credman.service.PasswordAndPasskeyService}
03-19 17:29:26.986   723   760 E CredentialManager: 	at android.service.credentials.CredentialProviderInfoFactory.getServiceInfoOrThrow(CredentialProviderInfoFactory.java:366)
03-19 17:29:26.986   723   760 E CredentialManager: 	at android.service.credentials.CredentialProviderInfoFactory.create(CredentialProviderInfoFactory.java:94)
03-19 17:29:26.986   723   760 E CredentialManager: 	at com.android.server.credentials.CredentialManagerServiceImpl.newServiceInfoLocked(CredentialManagerServiceImpl.java:102)
03-19 17:29:26.986   723   760 E CredentialManager: 	at com.android.server.credentials.CredentialManagerServiceImpl.<init>(CredentialManagerServiceImpl.java:61)
03-19 17:29:26.986   723   760 E CredentialManager: 	at com.android.server.credentials.CredentialManagerService.newServiceListLocked(CredentialManagerService.java:196)
03-19 17:29:26.986   723   760 E CredentialManager: 	at com.android.server.infra.AbstractMasterSystemService.getServiceListForUserLocked(AbstractMasterSystemService.java:612)
03-19 17:29:26.986   723   760 E CredentialManager: 	at com.android.server.infra.AbstractMasterSystemService.updateCachedServiceListMultiModeLocked(AbstractMasterSystemService.java:729)
03-19 17:29:26.986   723   760 E CredentialManager: 	at com.android.server.infra.AbstractMasterSystemService.updateCachedServiceListLocked(AbstractMasterSystemService.java:698)
03-19 17:29:26.986   723   760 E CredentialManager: 	at com.android.server.infra.AbstractMasterSystemService.updateCachedServiceLocked(AbstractMasterSystemService.java:656)
03-19 17:29:26.986   723   760 E CredentialManager: 	at com.android.server.infra.AbstractMasterSystemService$SettingsObserver.onChange(AbstractMasterSystemService.java:1369)
03-19 17:29:26.986   723   760 E CredentialManager: 	at android.database.ContentObserver.onChange(ContentObserver.java:202)
03-19 17:29:26.986   723   760 E CredentialManager: 	at android.database.ContentObserver.onChange(ContentObserver.java:224)
03-19 17:29:26.986   723   760 E CredentialManager: 	at android.database.ContentObserver.onChange(ContentObserver.java:236)
03-19 17:29:26.986   723   760 E CredentialManager: 	at android.database.ContentObserver.lambda$dispatchChange$1(ContentObserver.java:332)
03-19 17:29:26.986   723   760 E CredentialManager: 	at android.database.ContentObserver.$r8$lambda$_30FqRqKC3pUku8T3BsVPQAFotM(Unknown Source:0)
03-19 17:29:26.986   723   760 E CredentialManager: 	at android.database.ContentObserver$$ExternalSyntheticLambda1.run(D8$$SyntheticClass:0)
03-19 17:29:26.986   723   760 E CredentialManager: 	at android.os.Handler.handleCallback(Handler.java:995)
03-19 17:29:26.986   723   760 E CredentialManager: 	at android.os.Handler.dispatchMessage(Handler.java:103)
03-19 17:29:26.986   723   760 E CredentialManager: 	at android.os.Looper.loopOnce(Looper.java:248)
03-19 17:29:26.986   723   760 E CredentialManager: 	at android.os.Looper.loop(Looper.java:338)
03-19 17:29:26.986   723   760 E CredentialManager: 	at android.os.HandlerThread.run(HandlerThread.java:85)
03-19 17:29:26.989   723   760 E SystemCaptionsManagerPerUserService: Bad service name: com.google.android.as/com.google.android.apps.miphone.aiai.captions.SystemCaptionsManagerService
03-19 17:29:26.989   723   760 E ContentSuggestionsPerUserService: Bad service name: com.google.android.as/com.google.android.apps.miphone.aiai.app.AiAiContentSuggestionsService
03-19 17:29:26.989   723   760 E AppPredictionPerUserService: Bad service name: com.google.android.as/com.google.android.apps.miphone.aiai.app.AiAiPredictionService
03-19 17:29:26.990   723   760 E SpeechRecognitionManagerServiceImpl: Bad service name: com.google.android.as/com.google.android.apps.miphone.aiai.app.AiAiSpeechRecognitionService
03-19 17:29:26.990   723   760 E MusicRecognitionManagerPerUserService: Bad service name: com.google.android.googlequicksearchbox/com.google.android.apps.search.soundsearch.service.SoundSearchService
03-19 17:29:26.990   723   760 E AutofillManagerServiceImpl: Bad service name: com.google.android.gms/.autofill.service.AutofillService
03-19 17:29:26.992   723   760 E RemoteAugmentedAutofillService: Bad service name for flags 1048704: com.google.android.as/com.google.android.apps.miphone.aiai.app.AiAiAugmentedAutofillService
03-19 17:29:26.992   723   760 E SearchUiPerUserService: Bad service name: com.google.android.as/com.google.android.apps.miphone.aiai.app.AiAiSearchUiService
03-19 17:29:26.996   723   760 E WallpaperEffectsGenerationPerUserService: Bad service name: com.google.android.as/com.google.android.apps.miphone.aiai.app.wallpapereffects.AiAiWallpaperEffectsGenerationService
03-19 17:29:26.997   723   760 E ContentCapturePerUserService: Bad service name: com.google.android.as/com.google.android.apps.miphone.aiai.app.AiAiContentCaptureService
03-19 17:29:26.997   723   760 E ContentCapturePerUserService: Bad service name: com.google.android.as/com.google.android.apps.miphone.aiai.app.AiAiContentCaptureService
03-19 17:29:26.997   723   760 E ContentCapturePerUserService: Bad service name: com.google.android.as/com.google.android.apps.miphone.aiai.app.AiAiContentCaptureService
03-19 17:29:27.582   723   723 E AppOps  : package com.android.server.telecom.callsequencing.voip not found, can't check for attributionTag null
03-19 17:29:27.582   723   723 E AppOps  : Bad call made by uid 1000. Package "com.android.server.telecom.callsequencing.voip" does not belong to uid 1000.
03-19 17:29:27.582   723   723 E AppOps  : Cannot noteOperation: non-application UID 1000
03-19 17:29:27.629   723   723 E Telecom : TelecomPulledAtom: the atom file not found: TSI.gSCM(a)@AAE
03-19 17:29:27.629   723   723 E Telecom : java.nio.file.NoSuchFileException: /data/user_de/0/com.android.server.telecom/files/api_stats
03-19 17:29:27.629   723   723 E Telecom : 	at sun.nio.fs.UnixFileSystemProvider.newByteChannel(UnixFileSystemProvider.java:220)
03-19 17:29:27.629   723   723 E Telecom : 	at java.nio.file.Files.newByteChannel(Files.java:361)
03-19 17:29:27.629   723   723 E Telecom : 	at java.nio.file.Files.newByteChannel(Files.java:407)
03-19 17:29:27.629   723   723 E Telecom : 	at java.nio.file.Files.readAllBytes(Files.java:3152)
03-19 17:29:27.629   723   723 E Telecom : 	at com.android.server.telecom.metrics.TelecomPulledAtom.loadAtomsFromFile(TelecomPulledAtom.java:94)
03-19 17:29:27.629   723   723 E Telecom : 	at com.android.server.telecom.metrics.TelecomPulledAtom.<init>(TelecomPulledAtom.java:58)
03-19 17:29:27.629   723   723 E Telecom : 	at com.android.server.telecom.metrics.ApiStats.<init>(ApiStats.java:173)
03-19 17:29:27.629   723   723 E Telecom : 	at com.android.server.telecom.metrics.TelecomMetricsController.getApiStats(TelecomMetricsController.java:82)
03-19 17:29:27.629   723   723 E Telecom : 	at com.android.server.telecom.TelecomServiceImpl.logEvent(TelecomServiceImpl.java:3811)
03-19 17:29:27.629   723   723 E Telecom : 	at com.android.server.telecom.TelecomServiceImpl.-$$Nest$mlogEvent(TelecomServiceImpl.java:0)
03-19 17:29:27.629   723   723 E Telecom : 	at com.android.server.telecom.TelecomServiceImpl$1.getSimCallManager(TelecomServiceImpl.java:887)
03-19 17:29:27.629   723   723 E Telecom : 	at android.telecom.TelecomManager.getSimCallManager(TelecomManager.java:1248)
03-19 17:29:27.629   723   723 E Telecom : 	at com.android.server.telecom.TelecomLoaderService$TelecomServiceConnection.onServiceConnected(TelecomLoaderService.java:81)
03-19 17:29:27.629   723   723 E Telecom : 	at android.app.LoadedApk$ServiceDispatcher.doConnected(LoadedApk.java:2235)
03-19 17:29:27.629   723   723 E Telecom : 	at android.app.LoadedApk$ServiceDispatcher$RunConnection.run(LoadedApk.java:2268)
03-19 17:29:27.629   723   723 E Telecom : 	at android.os.Handler.handleCallback(Handler.java:995)
03-19 17:29:27.629   723   723 E Telecom : 	at android.os.Handler.dispatchMessage(Handler.java:103)
03-19 17:29:27.629   723   723 E Telecom : 	at android.os.Looper.loopOnce(Looper.java:248)
03-19 17:29:27.629   723   723 E Telecom : 	at android.os.Looper.loop(Looper.java:338)
03-19 17:29:27.629   723   723 E Telecom : 	at com.android.server.SystemServer.run(SystemServer.java:1036)
03-19 17:29:27.629   723   723 E Telecom : 	at com.android.server.SystemServer.main(SystemServer.java:689)
03-19 17:29:27.629   723   723 E Telecom : 	at java.lang.reflect.Method.invoke(Native Method)
03-19 17:29:27.629   723   723 E Telecom : 	at com.android.internal.os.RuntimeInit$MethodAndArgsCaller.run(RuntimeInit.java:593)
03-19 17:29:27.629   723   723 E Telecom : 	at com.android.internal.os.ZygoteInit.main(ZygoteInit.java:910)
03-19 17:29:27.700   723   723 E ContentCapturePerUserService: Bad service name: com.google.android.as/com.google.android.apps.miphone.aiai.app.AiAiContentCaptureService
03-19 17:29:27.701   723   723 E ContentCapturePerUserService: Bad service name: com.google.android.as/com.google.android.apps.miphone.aiai.app.AiAiContentCaptureService
03-19 17:29:27.701   723   723 E ContentCapturePerUserService: Bad service name: com.google.android.as/com.google.android.apps.miphone.aiai.app.AiAiContentCaptureService
03-19 17:29:27.701   723   723 E ContentSuggestionsPerUserService: Bad service name: com.google.android.as/com.google.android.apps.miphone.aiai.app.AiAiContentSuggestionsService
03-19 17:29:27.721   723   723 E AutofillManagerServiceImpl: Bad service name: com.google.android.gms/.autofill.service.AutofillService
03-19 17:29:27.721   723   723 E RemoteAugmentedAutofillService: Bad service name for flags 1048704: com.google.android.as/com.google.android.apps.miphone.aiai.app.AiAiAugmentedAutofillService
03-19 17:29:27.722   723   723 E AutofillManagerServiceImpl: Bad service name: com.google.android.gms/.autofill.service.AutofillService
03-19 17:29:27.722   723   723 E RemoteAugmentedAutofillService: Bad service name for flags 1048704: com.google.android.as/com.google.android.apps.miphone.aiai.app.AiAiAugmentedAutofillService
03-19 17:29:28.433   723  1293 E WindowManager: Display reconfigured outside of a transition: Display{#0 state=ON size=1080x2400 ROTATION_0}
03-19 17:29:29.009   723   755 E TestHarnessModeService: Failed to start Test Harness Mode; no implementation of PersistentDataBlockManagerInternal was bound!
03-19 17:29:29.261   723  1115 E AppOps  : attributionTag UwbCountryCode not declared in manifest of android
03-19 17:29:29.264   723   755 E AppOps  : attributionTag UwbCountryCode not declared in manifest of android
03-19 17:29:30.150   723   753 E WindowManager: Display reconfigured outside of a transition: Display{#0 state=ON size=1080x2400 ROTATION_0}
03-19 17:29:30.166   723   761 E MusicRecognitionManagerPerUserService: Bad service name: com.google.android.googlequicksearchbox/com.google.android.apps.search.soundsearch.service.SoundSearchService
03-19 17:29:30.376   723  1150 E BackupPasswordManager: Unable to read backup pw version
03-19 17:29:30.376   723  1150 E BackupPasswordManager: Unable to read saved backup pw hash
03-19 17:29:30.478   723   761 E AutofillManagerServiceImpl: Bad service name: com.google.android.gms/.autofill.service.AutofillService
03-19 17:29:30.500   723   761 E AutofillManagerServiceImpl: Bad service name: com.google.android.gms/.autofill.service.AutofillService
03-19 17:29:30.662  1214  1283 E SingleInstanceRemoteListener: Failed remote call on null listener
03-19 17:29:30.845   723  1115 E AppOps  : attributionTag UwbCountryCode not declared in manifest of android
03-19 17:29:31.013   723  1520 E AutofillManagerServiceImpl: Bad service name: com.google.android.gms/.autofill.service.AutofillService
03-19 17:29:31.127   723   723 E SystemServiceRegistry: Manager wrapper not available: face
03-19 17:29:31.534   723  1349 E AppWidgetServiceImpl: Found widget database with version 0, this should not be possible, forcing upgrade to version 1
03-19 17:29:31.765   723  1131 E AppOps  : attributionTag VCN not declared in manifest of android
03-19 17:29:31.806   723  1131 E AppOps  : attributionTag VCN not declared in manifest of android
03-19 17:29:32.055   723   742 E AppOps  : attributionTag VCN not declared in manifest of android
03-19 17:29:32.865   723   760 E StatsPullAtomService: subInfo of subId 1 is invalid, ignored.
03-19 17:29:32.878   723   760 E StatsPullAtomService: subInfo of subId 1 is invalid, ignored.
03-19 17:29:32.981   723   760 E StatsPullAtomService: subInfo of subId 1 is invalid, ignored.
03-19 17:29:36.997   490   517 E NetlinkEvent: NetlinkEvent::FindParam(): Parameter 'INTERFACE' not found
03-19 17:29:36.997   490   517 E NetlinkEvent: NetlinkEvent::FindParam(): Parameter 'STATE' not found
03-19 17:29:36.997   490   517 E NetlinkEvent: NetlinkEvent::FindParam(): Parameter 'TIME_NS' not found
03-19 17:29:36.997   490   517 E NetlinkEvent: NetlinkEvent::FindParam(): Parameter 'UID' not found
03-19 17:29:37.181   723  1131 E AppOps  : attributionTag VCN not declared in manifest of android
03-19 17:29:37.182   723   760 E StatsPullAtomService: subInfo of subId 1 is invalid, ignored.
03-19 17:29:37.243   723   755 E Transition: #8 readiness timeout, used=false deferReadyDepth=0 group={}
03-19 17:29:52.509   723  1131 E AppOps  : attributionTag VCN not declared in manifest of android
03-19 17:29:52.515   723   760 E StatsPullAtomService: subInfo of subId 1 is invalid, ignored.
03-19 17:29:52.701   723   760 E StatsPullAtomService: subInfo of subId 1 is invalid, ignored.
03-19 17:29:53.332   723  2192 E AppOps  : attributionTag VCN not declared in manifest of android
03-19 17:29:56.523   723  1131 E AppOps  : attributionTag VCN not declared in manifest of android
03-19 17:30:00.560   723   885 E SyncManager: Couldn't find backoff values for Account {name=@@xxxxxxxxxxxxxxxxxxxxxxxxx@@, type=com.google}/com.google.android.location.reporting:u0
03-19 17:30:00.618   723   885 E SyncManager: SYNC_OP_STATE_INVALID: account doesn't exist.
03-19 17:30:00.667   723   885 E SyncManager: SYNC_OP_STATE_INVALID: account doesn't exist.
03-19 17:30:01.835   723  1131 E AppOps  : attributionTag VCN not declared in manifest of android
03-19 17:30:02.712   723  3595 E TaskPersister: File error accessing recents directory (directory doesn't exist?).
03-19 17:30:02.815   723  2361 E AppOps  : attributionTag VCN not declared in manifest of android
03-19 17:30:03.545   723  1999 E TransitionChain: Can't collect into a chain with no transition
03-19 17:30:03.562  3606  3646 E PackagePolicyHandler: Failed to setUserControlDisabledPackages
03-19 17:30:03.562  3606  3646 E PackagePolicyHandler: java.lang.SecurityException: Caller does not have the required permissions for this user. Permission required: android.permission.MANAGE_DEVICE_POLICY_APPS_CONTROL.
03-19 17:30:03.562  3606  3646 E PackagePolicyHandler: 	at android.os.Parcel.createExceptionOrNull(Parcel.java:3340)
03-19 17:30:03.562  3606  3646 E PackagePolicyHandler: 	at android.os.Parcel.createException(Parcel.java:3324)
03-19 17:30:03.562  3606  3646 E PackagePolicyHandler: 	at android.os.Parcel.readException(Parcel.java:3307)
03-19 17:30:03.562  3606  3646 E PackagePolicyHandler: 	at android.os.Parcel.readException(Parcel.java:3249)
03-19 17:30:03.562  3606  3646 E PackagePolicyHandler: 	at android.app.admin.IDevicePolicyManager$Stub$Proxy.setUserControlDisabledPackages(IDevicePolicyManager.java:12899)
03-19 17:30:03.562  3606  3646 E PackagePolicyHandler: 	at android.app.admin.DevicePolicyManager.setUserControlDisabledPackages(DevicePolicyManager.java:16984)
03-19 17:30:03.562  3606  3646 E PackagePolicyHandler: 	at com.android.devicelockcontroller.policy.PackagePolicyHandler.lambda$enablePackageProtection$0(PackagePolicyHandler.java:86)
03-19 17:30:03.562  3606  3646 E PackagePolicyHandler: 	at com.android.devicelockcontroller.policy.PackagePolicyHandler.$r8$lambda$CG-8AwQF-Boufxx8rK8KcOWs2bs(PackagePolicyHandler.java:0)
03-19 17:30:03.562  3606  3646 E PackagePolicyHandler: 	at com.android.devicelockcontroller.policy.PackagePolicyHandler$$ExternalSyntheticLambda0.apply(R8$$SyntheticClass:0)
03-19 17:30:03.562  3606  3646 E PackagePolicyHandler: 	at com.google.common.util.concurrent.AbstractTransformFuture$TransformFuture.doTransform(AbstractTransformFuture.java:258)
03-19 17:30:03.562  3606  3646 E PackagePolicyHandler: 	at com.google.common.util.concurrent.AbstractTransformFuture$TransformFuture.doTransform(AbstractTransformFuture.java:248)
03-19 17:30:03.562  3606  3646 E PackagePolicyHandler: 	at com.google.common.util.concurrent.AbstractTransformFuture.run(AbstractTransformFuture.java:129)
03-19 17:30:03.562  3606  3646 E PackagePolicyHandler: 	at java.util.concurrent.ThreadPoolExecutor.runWorker(ThreadPoolExecutor.java:1156)
03-19 17:30:03.562  3606  3646 E PackagePolicyHandler: 	at java.util.concurrent.ThreadPoolExecutor$Worker.run(ThreadPoolExecutor.java:651)
03-19 17:30:03.562  3606  3646 E PackagePolicyHandler: 	at java.lang.Thread.run(Thread.java:1119)
03-19 17:30:03.562  3606  3646 E PackagePolicyHandler: Caused by: android.os.RemoteException: Remote stack trace:
03-19 17:30:03.562  3606  3646 E PackagePolicyHandler: 	at com.android.server.devicepolicy.DevicePolicyManagerService.enforcePermission(DevicePolicyManagerService.java:23501)
03-19 17:30:03.562  3606  3646 E PackagePolicyHandler: 	at com.android.server.devicepolicy.DevicePolicyManagerService.enforcePermission(DevicePolicyManagerService.java:23523)
03-19 17:30:03.562  3606  3646 E PackagePolicyHandler: 	at com.android.server.devicepolicy.DevicePolicyManagerService.enforcePermissionAndGetEnforcingAdmin(DevicePolicyManagerService.java:23464)
03-19 17:30:03.562  3606  3646 E PackagePolicyHandler: 	at com.android.server.devicepolicy.DevicePolicyManagerService.setUserControlDisabledPackages(DevicePolicyManagerService.java:20641)
03-19 17:30:03.562  3606  3646 E PackagePolicyHandler: 	at android.app.admin.IDevicePolicyManager$Stub.onTransact$setUserControlDisabledPackages$(IDevicePolicyManager.java:16167)
03-19 17:30:03.562  3606  3646 E PackagePolicyHandler: 
03-19 17:30:03.564  3606  3646 E DeviceLockControllerService: Failed to perform the request
03-19 17:30:03.564  3606  3646 E DeviceLockControllerService: java.lang.IllegalStateException: Failed to enforce policies for provision state 0 and device state 0
03-19 17:30:03.564  3606  3646 E DeviceLockControllerService: 	at com.android.devicelockcontroller.policy.DevicePolicyControllerImpl.lambda$enforcePoliciesForCurrentStates$6(DevicePolicyControllerImpl.java:318)
03-19 17:30:03.564  3606  3646 E DeviceLockControllerService: 	at com.android.devicelockcontroller.policy.DevicePolicyControllerImpl.$r8$lambda$gyPnkFMLvzj-IyUulIdBhp50tRg(DevicePolicyControllerImpl.java:0)
03-19 17:30:03.564  3606  3646 E DeviceLockControllerService: 	at com.android.devicelockcontroller.policy.DevicePolicyControllerImpl$$ExternalSyntheticLambda14.apply(R8$$SyntheticClass:0)
03-19 17:30:03.564  3606  3646 E DeviceLockControllerService: 	at com.google.common.util.concurrent.AbstractTransformFuture$TransformFuture.doTransform(AbstractTransformFuture.java:258)
03-19 17:30:03.564  3606  3646 E DeviceLockControllerService: 	at com.google.common.util.concurrent.AbstractTransformFuture$TransformFuture.doTransform(AbstractTransformFuture.java:248)
03-19 17:30:03.564  3606  3646 E DeviceLockControllerService: 	at com.google.common.util.concurrent.AbstractTransformFuture.run(AbstractTransformFuture.java:129)
03-19 17:30:03.564  3606  3646 E DeviceLockControllerService: 	at com.google.common.util.concurrent.DirectExecutor.execute(DirectExecutor.java:31)
03-19 17:30:03.564  3606  3646 E DeviceLockControllerService: 	at com.google.common.util.concurrent.AbstractFuture.executeListener(AbstractFuture.java:1300)
03-19 17:30:03.564  3606  3646 E DeviceLockControllerService: 	at com.google.common.util.concurrent.AbstractFuture.complete(AbstractFuture.java:1061)
03-19 17:30:03.564  3606  3646 E DeviceLockControllerService: 	at com.google.common.util.concurrent.AbstractFuture.set(AbstractFuture.java:786)
03-19 17:30:03.564  3606  3646 E DeviceLockControllerService: 	at com.google.common.util.concurrent.CollectionFuture.handleAllCompleted(CollectionFuture.java:72)
03-19 17:30:03.564  3606  3646 E DeviceLockControllerService: 	at com.google.common.util.concurrent.AggregateFuture.processCompleted(AggregateFuture.java:316)
03-19 17:30:03.564  3606  3646 E DeviceLockControllerService: 	at com.google.common.util.concurrent.AggregateFuture.decrementCountAndMaybeComplete(AggregateFuture.java:298)
03-19 17:30:03.564  3606  3646 E DeviceLockControllerService: 	at com.google.common.util.concurrent.AggregateFuture.processAllMustSucceedDoneFuture(AggregateFuture.java:198)
03-19 17:30:03.564  3606  3646 E DeviceLockControllerService: 	at com.google.common.util.concurrent.AggregateFuture.$r8$lambda$b6iaIjtd22FkSuzCmWyTO5V1cdM(AggregateFuture.java:148)
03-19 17:30:03.564  3606  3646 E DeviceLockControllerService: 	at com.google.common.util.concurrent.AggregateFuture$$ExternalSyntheticLambda0.run(R8$$SyntheticClass:0)
03-19 17:30:03.564  3606  3646 E DeviceLockControllerService: 	at com.google.common.util.concurrent.DirectExecutor.execute(DirectExecutor.java:31)
03-19 17:30:03.564  3606  3646 E DeviceLockControllerService: 	at com.google.common.util.concurrent.AbstractFuture.executeListener(AbstractFuture.java:1300)
03-19 17:30:03.564  3606  3646 E DeviceLockControllerService: 	at com.google.common.util.concurrent.AbstractFuture.complete(AbstractFuture.java:1061)
03-19 17:30:03.564  3606  3646 E DeviceLockControllerService: 	at com.google.common.util.concurrent.AbstractFuture.set(AbstractFuture.java:786)
03-19 17:30:03.564  3606  3646 E DeviceLockControllerService: 	at com.google.common.util.concurrent.AbstractTransformFuture$TransformFuture.setResult(AbstractTransformFuture.java:263)
03-19 17:30:03.564  3606  3646 E DeviceLockControllerService: 	at com.google.common.util.concurrent.AbstractTransformFuture.run(AbstractTransformFuture.java:175)
03-19 17:30:03.564  3606  3646 E DeviceLockControllerService: 	at java.util.concurrent.ThreadPoolExecutor.runWorker(ThreadPoolExecutor.java:1156)
03-19 17:30:03.564  3606  3646 E DeviceLockControllerService: 	at java.util.concurrent.ThreadPoolExecutor$Worker.run(ThreadPoolExecutor.java:651)
03-19 17:30:03.564  3606  3646 E DeviceLockControllerService: 	at java.lang.Thread.run(Thread.java:1119)
03-19 17:30:03.571   723  1486 E DeviceLockServiceImpl: Exception reporting user unlocked for: UserHandle{0}
03-19 17:30:03.571   723  1486 E DeviceLockServiceImpl: android.devicelock.ParcelableException: java.lang.IllegalStateException: Failed to enforce policies for provision state 0 and device state 0
03-19 17:30:03.571   723  1486 E DeviceLockServiceImpl: 	at android.devicelock.ParcelableException$1.createFromParcel(ParcelableException.java:68)
03-19 17:30:03.571   723  1486 E DeviceLockServiceImpl: 	at android.devicelock.ParcelableException$1.createFromParcel(ParcelableException.java:65)
03-19 17:30:03.571   723  1486 E DeviceLockServiceImpl: 	at android.os.Parcel.readParcelableInternal(Parcel.java:5215)
03-19 17:30:03.571   723  1486 E DeviceLockServiceImpl: 	at android.os.Parcel.readValue(Parcel.java:4966)
03-19 17:30:03.571   723  1486 E DeviceLockServiceImpl: 	at android.os.Parcel.readValue(Parcel.java:4702)
03-19 17:30:03.571   723  1486 E DeviceLockServiceImpl: 	at android.os.Parcel.-$$Nest$mreadValue(Unknown Source:0)
03-19 17:30:03.571   723  1486 E DeviceLockServiceImpl: 	at android.os.Parcel$LazyValue.apply(Parcel.java:4811)
03-19 17:30:03.571   723  1486 E DeviceLockServiceImpl: 	at android.os.Parcel$LazyValue.apply(Parcel.java:4764)
03-19 17:30:03.571   723  1486 E DeviceLockServiceImpl: 	at android.os.BaseBundle.unwrapLazyValueFromMapLocked(BaseBundle.java:446)
03-19 17:30:03.571   723  1486 E DeviceLockServiceImpl: 	at android.os.BaseBundle.getValueAt(BaseBundle.java:426)
03-19 17:30:03.571   723  1486 E DeviceLockServiceImpl: 	at android.os.BaseBundle.getValue(BaseBundle.java:397)
03-19 17:30:03.571   723  1486 E DeviceLockServiceImpl: 	at android.os.BaseBundle.getValue(BaseBundle.java:380)
03-19 17:30:03.571   723  1486 E DeviceLockServiceImpl: 	at android.os.BaseBundle.get(BaseBundle.java:767)
03-19 17:30:03.571   723  1486 E DeviceLockServiceImpl: 	at android.os.BaseBundle.getSerializable(BaseBundle.java:1548)
03-19 17:30:03.571   723  1486 E DeviceLockServiceImpl: 	at android.os.Bundle.getSerializable(Bundle.java:1357)
03-19 17:30:03.571   723  1486 E DeviceLockServiceImpl: 	at com.android.server.devicelock.DeviceLockControllerConnectorImpl.maybeReportException(DeviceLockControllerConnectorImpl.java:286)
03-19 17:30:03.571   723  1486 E DeviceLockServiceImpl: 	at com.android.server.devicelock.DeviceLockControllerConnectorImpl.lambda$onUserUnlocked$21(DeviceLockControllerConnectorImpl.java:428)
03-19 17:30:03.571   723  1486 E DeviceLockServiceImpl: 	at com.android.server.devicelock.DeviceLockControllerConnectorImpl.$r8$lambda$mJTE3XSdGoqpxooTJZjugjyLbU4(Unknown Source:0)
03-19 17:30:03.571   723  1486 E DeviceLockServiceImpl: 	at com.android.server.devicelock.DeviceLockControllerConnectorImpl$$ExternalSyntheticLambda5.onResult(D8$$SyntheticClass:0)
03-19 17:30:03.571   723  1486 E DeviceLockServiceImpl: 	at com.android.server.devicelock.DeviceLockControllerConnectorImpl.lambda$checkTimeout$5(DeviceLockControllerConnectorImpl.java:156)
03-19 17:30:03.571   723  1486 E DeviceLockServiceImpl: 	at com.android.server.devicelock.DeviceLockControllerConnectorImpl.$r8$lambda$1pyCfmw04yH3GM2tFTW2frry-nk(Unknown Source:0)
03-19 17:30:03.571   723  1486 E DeviceLockServiceImpl: 	at com.android.server.devicelock.DeviceLockControllerConnectorImpl$$ExternalSyntheticLambda19.onResult(D8$$SyntheticClass:0)
03-19 17:30:03.571   723  1486 E DeviceLockServiceImpl: 	at android.os.RemoteCallback.sendResult(RemoteCallback.java:76)
03-19 17:30:03.571   723  1486 E DeviceLockServiceImpl: 	at android.os.RemoteCallback$1.sendResult(RemoteCallback.java:53)
03-19 17:30:03.571   723  1486 E DeviceLockServiceImpl: 	at android.os.IRemoteCallback$Stub.onTransact(IRemoteCallback.java:89)
03-19 17:30:03.571   723  1486 E DeviceLockServiceImpl: 	at android.os.Binder.execTransactInternal(Binder.java:1426)
03-19 17:30:03.571   723  1486 E DeviceLockServiceImpl: 	at android.os.Binder.execTransact(Binder.java:1365)
03-19 17:30:03.571   723  1486 E DeviceLockServiceImpl: Caused by: java.lang.IllegalStateException: Failed to enforce policies for provision state 0 and device state 0
03-19 17:30:03.571   723  1486 E DeviceLockServiceImpl: 	at java.lang.reflect.Constructor.newInstance0(Native Method)
03-19 17:30:03.571   723  1486 E DeviceLockServiceImpl: 	at java.lang.reflect.Constructor.newInstance(Constructor.java:343)
03-19 17:30:03.571   723  1486 E DeviceLockServiceImpl: 	at android.devicelock.ParcelableException.readFromParcel(ParcelableException.java:39)
03-19 17:30:03.571   723  1486 E DeviceLockServiceImpl: 	at android.devicelock.ParcelableException.-$$Nest$smreadFromParcel(Unknown Source:0)
03-19 17:30:03.571   723  1486 E DeviceLockServiceImpl: 	... 27 more
03-19 17:30:03.622   723  3595 E TaskPersister: File error accessing recents directory (directory doesn't exist?).
