03-19 17:30:51.503  2117  2612 E android.vending: hiddenapi: Accessing hidden method Lcom/android/org/conscrypt/OpenSSLSocketImpl;->setUseSessionTickets(Z)V (runtime_flags=CorePlatformApi, domain=core-platform, api=max-target-q,core-platform-api) from Lbjxr; (domain=app) using reflection: denied
03-19 17:30:51.503  2117  2612 E android.vending: hiddenapi: Accessing hidden method Lcom/android/org/conscrypt/AbstractConscryptSocket;->setUseSessionTickets(Z)V (runtime_flags=0, domain=core-platform, api=max-target-q) from Lbjxr; (domain=app) using reflection: denied
03-19 17:30:51.503  2117  2612 E android.vending: hiddenapi: Accessing hidden method Lcom/android/org/conscrypt/ConscryptEngineSocket;->setHostname(Ljava/lang/String;)V (runtime_flags=CorePlatformApi, domain=core-platform, api=max-target-q,core-platform-api) from Lbjxr; (domain=app) using reflection: denied
03-19 17:30:51.504  2117  2612 E android.vending: hiddenapi: Accessing hidden method Lcom/android/org/conscrypt/OpenSSLSocketImpl;->setHostname(Ljava/lang/String;)V (runtime_flags=CorePlatformApi, domain=core-platform, api=max-target-q,core-platform-api) from Lbjxr; (domain=app) using reflection: denied
03-19 17:30:51.504  2117  2612 E android.vending: hiddenapi: Accessing hidden method Lcom/android/org/conscrypt/AbstractConscryptSocket;->setHostname(Ljava/lang/String;)V (runtime_flags=0, domain=core-platform, api=max-target-q) from Lbjxr; (domain=app) using reflection: denied
03-19 17:30:51.504  2117  2612 E android.vending: hiddenapi: Accessing hidden method Lcom/android/org/conscrypt/OpenSSLSocketImpl;->setAlpnProtocols([B)V (runtime_flags=CorePlatformApi, domain=core-platform, api=max-target-q,core-platform-api) from Lbjxr; (domain=app) using reflection: denied
03-19 17:30:51.506  2117  2612 E android.vending: hiddenapi: Accessing hidden method Lcom/android/org/conscrypt/AbstractConscryptSocket;->setAlpnProtocols([B)V (runtime_flags=0, domain=core-platform, api=max-target-q) from Lbjxr; (domain=app) using reflection: denied
03-19 17:30:51.574  4507  5048 E GoogleApiManager: Failed to get service from broker. 
03-19 17:30:51.574  4507  5048 E GoogleApiManager: java.lang.SecurityException: Unknown calling package name 'com.google.android.gms'.
03-19 17:30:51.574  4507  5048 E GoogleApiManager: 	at android.os.Parcel.createExceptionOrNull(Parcel.java:3340)
03-19 17:30:51.574  4507  5048 E GoogleApiManager: 	at android.os.Parcel.createException(Parcel.java:3324)
03-19 17:30:51.574  4507  5048 E GoogleApiManager: 	at android.os.Parcel.readException(Parcel.java:3307)
03-19 17:30:51.574  4507  5048 E GoogleApiManager: 	at android.os.Parcel.readException(Parcel.java:3249)
03-19 17:30:51.574  4507  5048 E GoogleApiManager: 	at asrs.a(:com.google.android.gms@250834038@25.08.34 (260800-739221510):36)
03-19 17:30:51.574  4507  5048 E GoogleApiManager: 	at aspz.z(:com.google.android.gms@250834038@25.08.34 (260800-739221510):143)
03-19 17:30:51.574  4507  5048 E GoogleApiManager: 	at arxi.run(:com.google.android.gms@250834038@25.08.34 (260800-739221510):54)
03-19 17:30:51.574  4507  5048 E GoogleApiManager: 	at android.os.Handler.handleCallback(Handler.java:995)
03-19 17:30:51.574  4507  5048 E GoogleApiManager: 	at android.os.Handler.dispatchMessage(Handler.java:103)
03-19 17:30:51.574  4507  5048 E GoogleApiManager: 	at bzmg.my(:com.google.android.gms@250834038@25.08.34 (260800-739221510):1)
03-19 17:30:51.574  4507  5048 E GoogleApiManager: 	at bzmg.dispatchMessage(:com.google.android.gms@250834038@25.08.34 (260800-739221510):5)
03-19 17:30:51.574  4507  5048 E GoogleApiManager: 	at android.os.Looper.loopOnce(Looper.java:248)
03-19 17:30:51.574  4507  5048 E GoogleApiManager: 	at android.os.Looper.loop(Looper.java:338)
03-19 17:30:51.574  4507  5048 E GoogleApiManager: 	at android.os.HandlerThread.run(HandlerThread.java:85)
03-19 17:30:51.592  3381  3450 E PhenotypeFlagCommitter: Retrieving snapshot for com.google.android.partnersetup#com.google.android.partnersetup failed
03-19 17:30:51.592  3381  3450 E PhenotypeFlagCommitter: java.util.concurrent.TimeoutException: Timed out waiting for Task
03-19 17:30:51.592  3381  3450 E PhenotypeFlagCommitter: 	at my.g(PG:111)
03-19 17:30:51.592  3381  3450 E PhenotypeFlagCommitter: 	at hb.f(PG:9)
03-19 17:30:51.592  3381  3450 E PhenotypeFlagCommitter: 	at hb.e(PG:28)
03-19 17:30:51.592  3381  3450 E PhenotypeFlagCommitter: 	at vi.run(PG:52)
03-19 17:30:51.592  3381  3450 E PhenotypeFlagCommitter: 	at java.util.concurrent.Executors$RunnableAdapter.call(Executors.java:524)
03-19 17:30:51.592  3381  3450 E PhenotypeFlagCommitter: 	at arm.a(PG:3)
03-19 17:30:51.592  3381  3450 E PhenotypeFlagCommitter: 	at aqr.run(PG:19)
03-19 17:30:51.592  3381  3450 E PhenotypeFlagCommitter: 	at arn.run(PG:5)
03-19 17:30:51.592  3381  3450 E PhenotypeFlagCommitter: 	at java.util.concurrent.ThreadPoolExecutor.runWorker(ThreadPoolExecutor.java:1156)
03-19 17:30:51.592  3381  3450 E PhenotypeFlagCommitter: 	at java.util.concurrent.ThreadPoolExecutor$Worker.run(ThreadPoolExecutor.java:651)
03-19 17:30:51.592  3381  3450 E PhenotypeFlagCommitter: 	at ei.run(PG:403)
03-19 17:30:51.592  3381  3450 E PhenotypeFlagCommitter: 	at java.lang.Thread.run(Thread.java:1119)
03-19 17:30:51.592  3381  3450 E PhenotypeFlagCommitter: 	at mp.run(PG:61)
03-19 17:30:51.616  2117  2612 E android.vending: hiddenapi: Accessing hidden method Lcom/android/org/conscrypt/OpenSSLSocketImpl;->getAlpnSelectedProtocol()[B (runtime_flags=CorePlatformApi, domain=core-platform, api=max-target-q,core-platform-api) from Lbjxr; (domain=app) using reflection: denied
03-19 17:30:51.621  2117  2612 E android.vending: hiddenapi: Accessing hidden method Lcom/android/org/conscrypt/AbstractConscryptSocket;->getAlpnSelectedProtocol()[B (runtime_flags=0, domain=core-platform, api=max-target-q) from Lbjxr; (domain=app) using reflection: denied
03-19 17:30:51.775  1953  2330 E MendelPackageState: Failed to fetch after encountering old config
03-19 17:30:51.775  1953  2330 E MendelPackageState: fmrw: Timed out: fmqq@326fbbf[status=PENDING, info=[delegate=[fmnr@d07928c[status=PENDING, info=[inputFuture=[dmni@f283dd5[status=PENDING, info=[cynm@eb769ea]]], exceptionType=[class cwlg], fallback=[dzre@b5994db]]]]]]
03-19 17:30:51.775  1953  2330 E MendelPackageState: 	at tk_trace.<missing root>:PhenotypeApi.getConfigurationSnapshot(Unknown Source:0)
03-19 17:30:51.775  1953  2330 E MendelPackageState: 	at tk_trace.<missing root>:Fetching experiments for account(Unknown Source:0)
03-19 17:30:51.775  1953  2330 E MendelPackageState: 	at tk_trace.<missing root>(Unknown Source:0)
03-19 17:30:51.775  1953  2330 E MendelPackageState: 	at tk_trace.Missing root trace(Unknown Source:0)
03-19 17:30:51.873  1953  2330 E MendelPackageState: Failed to fetch after encountering old config
03-19 17:30:51.873  1953  2330 E MendelPackageState: fmrw: Timed out: fmqq@7bbe251[status=PENDING, info=[delegate=[fmnr@59a3ab6[status=PENDING, info=[inputFuture=[dmni@f52a3b7[status=PENDING, info=[cynm@a9ba724]]], exceptionType=[class cwlg], fallback=[dzre@b0b528d]]]]]]
03-19 17:30:51.873  1953  2330 E MendelPackageState: 	at tk_trace.<missing root>:PhenotypeApi.getConfigurationSnapshot(Unknown Source:0)
03-19 17:30:51.873  1953  2330 E MendelPackageState: 	at tk_trace.<missing root>:Fetching experiments for account(Unknown Source:0)
03-19 17:30:51.873  1953  2330 E MendelPackageState: 	at tk_trace.<missing root>(Unknown Source:0)
03-19 17:30:51.873  1953  2330 E MendelPackageState: 	at tk_trace.Missing root trace(Unknown Source:0)
03-19 17:30:51.986  2117  2310 E AbstractLogEventBuilder: The provided ProductIdOrigin 3 is not one of the process-level expected values: 1 or 2
03-19 17:30:52.328  1898  4170 E GoogleSettingsUtils: Cannot write token, exception in Context lookup [CONTEXT service_id=130 ]
03-19 17:30:52.328  1898  4170 E GoogleSettingsUtils: java.io.FileNotFoundException: /data/user/0/com.google.android.gsf/files/security_token: open failed: ENOENT (No such file or directory)
03-19 17:30:52.328  1898  4170 E GoogleSettingsUtils: 	at libcore.io.IoBridge.open(IoBridge.java:574)
03-19 17:30:52.328  1898  4170 E GoogleSettingsUtils: 	at java.io.FileOutputStream.<init>(FileOutputStream.java:259)
03-19 17:30:52.328  1898  4170 E GoogleSettingsUtils: 	at android.app.ContextImpl.openFileOutput(ContextImpl.java:794)
03-19 17:30:52.328  1898  4170 E GoogleSettingsUtils: 	at aodx.a(:com.google.android.gms@250834038@25.08.34 (260800-739221510):1667)
03-19 17:30:52.328  1898  4170 E GoogleSettingsUtils: 	at aofh.a(:com.google.android.gms@250834038@25.08.34 (260800-739221510):850)
03-19 17:30:52.328  1898  4170 E GoogleSettingsUtils: 	at com.google.android.gms.checkin.CheckinIntentOperation.onHandleIntent(:com.google.android.gms@250834038@25.08.34 (260800-739221510):33)
03-19 17:30:52.328  1898  4170 E GoogleSettingsUtils: 	at com.google.android.chimera.IntentOperation.onHandleIntent(:com.google.android.gms@250834038@25.08.34 (260800-739221510):2)
03-19 17:30:52.328  1898  4170 E GoogleSettingsUtils: 	at aorm.onHandleIntent(:com.google.android.gms@250834038@25.08.34 (260800-739221510):8)
03-19 17:30:52.328  1898  4170 E GoogleSettingsUtils: 	at sgr.run(:com.google.android.gms@250834038@25.08.34 (260800-739221510):70)
03-19 17:30:52.328  1898  4170 E GoogleSettingsUtils: 	at sgq.run(:com.google.android.gms@250834038@25.08.34 (260800-739221510):152)
03-19 17:30:52.328  1898  4170 E GoogleSettingsUtils: 	at fgkq.run(:com.google.android.gms@250834038@25.08.34 (260800-739221510):21)
03-19 17:30:52.328  1898  4170 E GoogleSettingsUtils: 	at java.util.concurrent.ThreadPoolExecutor.runWorker(ThreadPoolExecutor.java:1156)
03-19 17:30:52.328  1898  4170 E GoogleSettingsUtils: 	at java.util.concurrent.ThreadPoolExecutor$Worker.run(ThreadPoolExecutor.java:651)
03-19 17:30:52.328  1898  4170 E GoogleSettingsUtils: 	at java.lang.Thread.run(Thread.java:1119)
03-19 17:30:52.328  1898  4170 E GoogleSettingsUtils: Caused by: android.system.ErrnoException: open failed: ENOENT (No such file or directory)
03-19 17:30:52.328  1898  4170 E GoogleSettingsUtils: 	at libcore.io.Linux.open(Native Method)
03-19 17:30:52.328  1898  4170 E GoogleSettingsUtils: 	at libcore.io.ForwardingOs.open(ForwardingOs.java:568)
03-19 17:30:52.328  1898  4170 E GoogleSettingsUtils: 	at libcore.io.BlockGuardOs.open(BlockGuardOs.java:274)
03-19 17:30:52.328  1898  4170 E GoogleSettingsUtils: 	at libcore.io.ForwardingOs.open(ForwardingOs.java:568)
03-19 17:30:52.328  1898  4170 E GoogleSettingsUtils: 	at android.app.ActivityThread$AndroidOs.open(ActivityThread.java:8953)
03-19 17:30:52.328  1898  4170 E GoogleSettingsUtils: 	at libcore.io.IoBridge.open(IoBridge.java:560)
03-19 17:30:52.328  1898  4170 E GoogleSettingsUtils: 	... 13 more
03-19 17:30:52.472  4507  4903 E SmsApplication: com.google.android.apps.messaging lost android:read_cell_broadcasts:  (no permission to fix)
03-19 17:30:53.037   723  1168 E system_server: No package ID 7f found for resource ID 0x7f080489.
03-19 17:30:53.038   723  1168 E system_server: No package ID 7f found for resource ID 0x7f15129d.
03-19 17:30:53.038   723  1168 E system_server: No package ID 7f found for resource ID 0x7f15129d.
03-19 17:30:53.038   723  1168 E system_server: No package ID 7f found for resource ID 0x7f15129c.
03-19 17:30:53.050   723  1354 E RoleControllerServiceImpl: Default/fallback role holder package doesn't qualify for the role, package: com.google.android.gms.supervision, role: android.app.role.SYSTEM_SUPERVISION
03-19 17:30:53.166  2117  2588 E Finsky  : [59] aiea.w(47): [Counters] attempted to use a non-positive increment for: 3703
03-19 17:30:53.271  1397  1397 E SmsApplication: com.google.android.apps.messaging lost android:read_cell_broadcasts:  (fixing)
03-19 17:30:53.366   723  1354 E RoleControllerServiceImpl: Default/fallback role holder package doesn't qualify for the role, package: com.google.android.gms, role: android.app.role.SYSTEM_DEPENDENCY_INSTALLER
03-19 17:30:53.437  1397  1397 E SatelliteController: registerForSatelliteCommunicationAccessStateChanged: SatelliteManager is null
03-19 17:30:53.493  2117  2525 E Finsky  : [50] aiea.w(47): [Counters] attempted to use a non-positive increment for: 1449
03-19 17:30:53.493  2117  2525 E Finsky  : [50] aiea.w(47): [Counters] attempted to use a non-positive increment for: 1422
03-19 17:30:53.494   723  1354 E RoleControllerServiceImpl: Default/fallback role holder package doesn't qualify for the role, package: com.google.android.gms, role: android.app.role.WALLET
03-19 17:30:53.495  1397  1397 E SmsApplication: com.google.android.apps.messaging lost android:read_cell_broadcasts:  (fixing)
03-19 17:30:53.497  2117  2524 E Finsky  : [49] aiea.w(47): [Counters] attempted to use a non-positive increment for: 1450
03-19 17:30:53.497  2117  2524 E Finsky  : [49] aiea.w(47): [Counters] attempted to use a non-positive increment for: 1424
03-19 17:30:53.770  1898  1898 E ChimeraRcvrProxy: com.google.android.gms.backup.GmsBackupStatusChangeReceiver dropping broadcast com.google.gservices.intent.action.GSERVICES_CHANGED
03-19 17:30:53.945  2117  2578 E Finsky  : [58] aiea.w(47): [Counters] attempted to use a non-positive increment for: 1443
03-19 17:30:54.299   278  4958 E keystore2: system/security/keystore2/src/error.rs:183 - system/security/keystore2/src/security_level.rs:680
03-19 17:30:54.299   278  4958 E keystore2: 
03-19 17:30:54.299   278  4958 E keystore2: Caused by:
03-19 17:30:54.299   278  4958 E keystore2:     0: system/security/keystore2/src/security_level.rs:630: While generating Key Some("keystoreAlias") with remote provisioned attestation key and params: [KeyParameter { tag: r#KEY_SIZE, value: Integer(256) }, KeyParameter { tag: r#ALGORITHM, value: Algorithm(r#EC) }, KeyParameter { tag: r#EC_CURVE, value: EcCurve(r#P_256) }, KeyParameter { tag: r#PURPOSE, value: KeyPurpose(r#SIGN) }, KeyParameter { tag: r#PURPOSE, value: KeyPurpose(r#VERIFY) }, KeyParameter { tag: r#DIGEST, value: Digest(r#SHA_2_256) }, KeyParameter { tag: r#NO_AUTH_REQUIRED, value: BoolValue(true) }, KeyParameter { tag: r#CERTIFICATE_NOT_AFTER, value: DateTime(2461449600000) }, KeyParameter { tag: r#CERTIFICATE_NOT_BEFORE, value: DateTime(0) }, KeyParameter { tag: r#CERTIFICATE_SERIAL, value: Blob([1]) }, KeyParameter { tag: r#CERTIFICATE_SUBJECT, value: Blob([48, 31, 49, 29, 48, 27, 6, 3, 85, 4, 3, 19, 20, 65, 110, 100, 114, 111, 105, 100, 32, 75, 101, 121, 115, 116, 111, 114, 101, 32, 75, 101, 121]) }, KeyParameter { tag: r#ATTESTATION_CHALLENGE, value: Blob([99, 104, 97, 108, 108, 101, 110, 103, 101]) }, KeyParameter { tag: r#ATTESTATION_ID_BRAND, value: Blob([103, 111, 111, 103, 108, 101]) }, KeyParameter { tag: r#ATTESTATION_ID_DEVICE, value: Blob([101, 109, 117, 54, 52, 120, 97]) }, KeyParameter { tag: r#ATTESTATION_ID_PRODUCT, value: Blob([115, 100, 107, 95, 103, 112, 104, 111, 110, 101, 54, 52, 95, 120, 56, 54, 95, 54, 52]) }, KeyParameter { tag: r#ATTESTATION_ID_MANUFACTURER, value: Blob([71, 111, 111, 103, 108, 101]) }, KeyParameter { tag: r#ATTESTATION_ID_MODEL, value: Blob([115, 100, 107, 95, 103, 112, 104, 111, 110, 101, 54, 52, 95, 120, 56, 54, 95, 54, 52]) }, KeyParameter { tag: r#CREATION_DATETIME, value: DateTime(1773921654293) }, KeyParameter { tag: r#ATTESTATION_APPLICATION_ID, value: Blob([48, 67, 49, 29, 48, 27, 4, 19, 99, 111, 109, 46, 97, 110, 100, 114, 111, 105, 100, 46, 118, 101, 110, 100, 105, 110, 103, 2, 4, 5, 9, 219, 162, 49, 34, 4, 32, 240, 253, 108, 91, 65, 15, 37, 203, 37, 195, 181, 51, 70, 200, 151, 47, 174, 48, 248, 238, 116, 17, 223, 145, 4, 128, 173, 107, 45, 96, 219, 131]) }].
03-19 17:30:54.299   278  4958 E keystore2:     1: system/security/keystore2/src/security_level.rs:964: upgrade_rkpd_keyblob_if_required_with(params=[])
03-19 17:30:54.299   278  4958 E keystore2:     2: system/security/keystore2/src/utils.rs:446: Calling km_op.
03-19 17:30:54.299   278  4958 E keystore2:     3: Error::Km(r#CANNOT_ATTEST_IDS)
03-19 17:30:54.572   278  4958 E keystore2: system/security/keystore2/src/error.rs:183 - system/security/keystore2/src/security_level.rs:680
03-19 17:30:54.572   278  4958 E keystore2: 
03-19 17:30:54.572   278  4958 E keystore2: Caused by:
03-19 17:30:54.572   278  4958 E keystore2:     0: system/security/keystore2/src/security_level.rs:630: While generating Key Some("keystoreAlias") with remote provisioned attestation key and params: [KeyParameter { tag: r#KEY_SIZE, value: Integer(256) }, KeyParameter { tag: r#ALGORITHM, value: Algorithm(r#EC) }, KeyParameter { tag: r#EC_CURVE, value: EcCurve(r#P_256) }, KeyParameter { tag: r#PURPOSE, value: KeyPurpose(r#SIGN) }, KeyParameter { tag: r#PURPOSE, value: KeyPurpose(r#VERIFY) }, KeyParameter { tag: r#DIGEST, value: Digest(r#SHA_2_256) }, KeyParameter { tag: r#NO_AUTH_REQUIRED, value: BoolValue(true) }, KeyParameter { tag: r#CERTIFICATE_NOT_AFTER, value: DateTime(2461449600000) }, KeyParameter { tag: r#CERTIFICATE_NOT_BEFORE, value: DateTime(0) }, KeyParameter { tag: r#CERTIFICATE_SERIAL, value: Blob([1]) }, KeyParameter { tag: r#CERTIFICATE_SUBJECT, value: Blob([48, 31, 49, 29, 48, 27, 6, 3, 85, 4, 3, 19, 20, 65, 110, 100, 114, 111, 105, 100, 32, 75, 101, 121, 115, 116, 111, 114, 101, 32, 75, 101, 121]) }, KeyParameter { tag: r#ATTESTATION_CHALLENGE, value: Blob([99, 104, 97, 108, 108, 101, 110, 103, 101]) }, KeyParameter { tag: r#ATTESTATION_ID_BRAND, value: Blob([103, 111, 111, 103, 108, 101]) }, KeyParameter { tag: r#ATTESTATION_ID_DEVICE, value: Blob([101, 109, 117, 54, 52, 120, 97]) }, KeyParameter { tag: r#ATTESTATION_ID_PRODUCT, value: Blob([115, 100, 107, 95, 103, 112, 104, 111, 110, 101, 54, 52, 95, 120, 56, 54, 95, 54, 52]) }, KeyParameter { tag: r#ATTESTATION_ID_MANUFACTURER, value: Blob([71, 111, 111, 103, 108, 101]) }, KeyParameter { tag: r#ATTESTATION_ID_MODEL, value: Blob([115, 100, 107, 95, 103, 112, 104, 111, 110, 101, 54, 52, 95, 120, 56, 54, 95, 54, 52]) }, KeyParameter { tag: r#CREATION_DATETIME, value: DateTime(1773921654567) }, KeyParameter { tag: r#ATTESTATION_APPLICATION_ID, value: Blob([48, 67, 49, 29, 48, 27, 4, 19, 99, 111, 109, 46, 97, 110, 100, 114, 111, 105, 100, 46, 118, 101, 110, 100, 105, 110, 103, 2, 4, 5, 9, 219, 162, 49, 34, 4, 32, 240, 253, 108, 91, 65, 15, 37, 203, 37, 195, 181, 51, 70, 200, 151, 47, 174, 48, 248, 238, 116, 17, 223, 145, 4, 128, 173, 107, 45, 96, 219, 131]) }].
03-19 17:30:54.572   278  4958 E keystore2:     1: system/security/keystore2/src/security_level.rs:964: upgrade_rkpd_keyblob_if_required_with(params=[])
03-19 17:30:54.572   278  4958 E keystore2:     2: system/security/keystore2/src/utils.rs:446: Calling km_op.
03-19 17:30:54.572   278  4958 E keystore2:     3: Error::Km(r#CANNOT_ATTEST_IDS)
03-19 17:30:54.738   278  4958 E keystore2: system/security/keystore2/src/error.rs:183 - system/security/keystore2/src/security_level.rs:680
03-19 17:30:54.738   278  4958 E keystore2: 
03-19 17:30:54.738   278  4958 E keystore2: Caused by:
03-19 17:30:54.738   278  4958 E keystore2:     0: system/security/keystore2/src/security_level.rs:630: While generating Key Some("keystoreAlias") with remote provisioned attestation key and params: [KeyParameter { tag: r#KEY_SIZE, value: Integer(256) }, KeyParameter { tag: r#ALGORITHM, value: Algorithm(r#EC) }, KeyParameter { tag: r#EC_CURVE, value: EcCurve(r#P_256) }, KeyParameter { tag: r#PURPOSE, value: KeyPurpose(r#SIGN) }, KeyParameter { tag: r#PURPOSE, value: KeyPurpose(r#VERIFY) }, KeyParameter { tag: r#DIGEST, value: Digest(r#SHA_2_256) }, KeyParameter { tag: r#NO_AUTH_REQUIRED, value: BoolValue(true) }, KeyParameter { tag: r#CERTIFICATE_NOT_AFTER, value: DateTime(2461449600000) }, KeyParameter { tag: r#CERTIFICATE_NOT_BEFORE, value: DateTime(0) }, KeyParameter { tag: r#CERTIFICATE_SERIAL, value: Blob([1]) }, KeyParameter { tag: r#CERTIFICATE_SUBJECT, value: Blob([48, 31, 49, 29, 48, 27, 6, 3, 85, 4, 3, 19, 20, 65, 110, 100, 114, 111, 105, 100, 32, 75, 101, 121, 115, 116, 111, 114, 101, 32, 75, 101, 121]) }, KeyParameter { tag: r#ATTESTATION_CHALLENGE, value: Blob([99, 104, 97, 108, 108, 101, 110, 103, 101]) }, KeyParameter { tag: r#ATTESTATION_ID_BRAND, value: Blob([103, 111, 111, 103, 108, 101]) }, KeyParameter { tag: r#ATTESTATION_ID_DEVICE, value: Blob([101, 109, 117, 54, 52, 120, 97]) }, KeyParameter { tag: r#ATTESTATION_ID_PRODUCT, value: Blob([115, 100, 107, 95, 103, 112, 104, 111, 110, 101, 54, 52, 95, 120, 56, 54, 95, 54, 52]) }, KeyParameter { tag: r#ATTESTATION_ID_MANUFACTURER, value: Blob([71, 111, 111, 103, 108, 101]) }, KeyParameter { tag: r#ATTESTATION_ID_MODEL, value: Blob([115, 100, 107, 95, 103, 112, 104, 111, 110, 101, 54, 52, 95, 120, 56, 54, 95, 54, 52]) }, KeyParameter { tag: r#CREATION_DATETIME, value: DateTime(1773921654731) }, KeyParameter { tag: r#ATTESTATION_APPLICATION_ID, value: Blob([48, 67, 49, 29, 48, 27, 4, 19, 99, 111, 109, 46, 97, 110, 100, 114, 111, 105, 100, 46, 118, 101, 110, 100, 105, 110, 103, 2, 4, 5, 9, 219, 162, 49, 34, 4, 32, 240, 253, 108, 91, 65, 15, 37, 203, 37, 195, 181, 51, 70, 200, 151, 47, 174, 48, 248, 238, 116, 17, 223, 145, 4, 128, 173, 107, 45, 96, 219, 131]) }].
03-19 17:30:54.738   278  4958 E keystore2:     1: system/security/keystore2/src/security_level.rs:964: upgrade_rkpd_keyblob_if_required_with(params=[])
03-19 17:30:54.738   278  4958 E keystore2:     2: system/security/keystore2/src/utils.rs:446: Calling km_op.
03-19 17:30:54.738   278  4958 E keystore2:     3: Error::Km(r#CANNOT_ATTEST_IDS)
03-19 17:30:55.119  2117  2614 E android.vending: hiddenapi: Accessing hidden method Lcom/android/org/conscrypt/ConscryptEngineSocket;->setUseSessionTickets(Z)V (runtime_flags=CorePlatformApi, domain=core-platform, api=max-target-q,core-platform-api) from Lbjxr; (domain=app) using reflection: denied
03-19 17:30:55.119  2117  2614 E android.vending: hiddenapi: Accessing hidden method Lcom/android/org/conscrypt/OpenSSLSocketImpl;->setUseSessionTickets(Z)V (runtime_flags=CorePlatformApi, domain=core-platform, api=max-target-q,core-platform-api) from Lbjxr; (domain=app) using reflection: denied
03-19 17:30:55.119  2117  2614 E android.vending: hiddenapi: Accessing hidden method Lcom/android/org/conscrypt/AbstractConscryptSocket;->setUseSessionTickets(Z)V (runtime_flags=0, domain=core-platform, api=max-target-q) from Lbjxr; (domain=app) using reflection: denied
03-19 17:30:55.119  2117  2614 E android.vending: hiddenapi: Accessing hidden method Lcom/android/org/conscrypt/ConscryptEngineSocket;->setHostname(Ljava/lang/String;)V (runtime_flags=CorePlatformApi, domain=core-platform, api=max-target-q,core-platform-api) from Lbjxr; (domain=app) using reflection: denied
03-19 17:30:55.119  2117  2614 E android.vending: hiddenapi: Accessing hidden method Lcom/android/org/conscrypt/OpenSSLSocketImpl;->setHostname(Ljava/lang/String;)V (runtime_flags=CorePlatformApi, domain=core-platform, api=max-target-q,core-platform-api) from Lbjxr; (domain=app) using reflection: denied
03-19 17:30:55.119  2117  2614 E android.vending: hiddenapi: Accessing hidden method Lcom/android/org/conscrypt/AbstractConscryptSocket;->setHostname(Ljava/lang/String;)V (runtime_flags=0, domain=core-platform, api=max-target-q) from Lbjxr; (domain=app) using reflection: denied
03-19 17:30:55.119  2117  2614 E android.vending: hiddenapi: Accessing hidden method Lcom/android/org/conscrypt/OpenSSLSocketImpl;->setAlpnProtocols([B)V (runtime_flags=CorePlatformApi, domain=core-platform, api=max-target-q,core-platform-api) from Lbjxr; (domain=app) using reflection: denied
03-19 17:30:55.119  2117  2614 E android.vending: hiddenapi: Accessing hidden method Lcom/android/org/conscrypt/AbstractConscryptSocket;->setAlpnProtocols([B)V (runtime_flags=0, domain=core-platform, api=max-target-q) from Lbjxr; (domain=app) using reflection: denied
03-19 17:30:55.201  2117  2614 E android.vending: hiddenapi: Accessing hidden method Lcom/android/org/conscrypt/OpenSSLSocketImpl;->getAlpnSelectedProtocol()[B (runtime_flags=CorePlatformApi, domain=core-platform, api=max-target-q,core-platform-api) from Lbjxr; (domain=app) using reflection: denied
03-19 17:30:55.201  2117  2614 E android.vending: hiddenapi: Accessing hidden method Lcom/android/org/conscrypt/AbstractConscryptSocket;->getAlpnSelectedProtocol()[B (runtime_flags=0, domain=core-platform, api=max-target-q) from Lbjxr; (domain=app) using reflection: denied
03-19 17:30:56.166   723  1354 E RoleControllerServiceImpl: Default/fallback role holder package doesn't qualify for the role, package: com.google.android.gms.supervision, role: android.app.role.SYSTEM_SUPERVISION
03-19 17:30:56.282   723  1168 E system_server: No package ID 7f found for resource ID 0x7f080489.
03-19 17:30:56.282   723  1168 E system_server: No package ID 7f found for resource ID 0x7f15129d.
03-19 17:30:56.282   723  1168 E system_server: No package ID 7f found for resource ID 0x7f15129d.
03-19 17:30:56.282   723  1168 E system_server: No package ID 7f found for resource ID 0x7f15129c.
03-19 17:30:56.408   723  1168 E system_server: No package ID 7f found for resource ID 0x7f080455.
03-19 17:30:56.408   723  1168 E system_server: No package ID 7f found for resource ID 0x7f140a1b.
03-19 17:30:56.488   723  1354 E RoleControllerServiceImpl: Default/fallback role holder package doesn't qualify for the role, package: com.google.android.gms, role: android.app.role.SYSTEM_DEPENDENCY_INSTALLER
03-19 17:30:56.495  1397  1397 E SmsApplication: com.google.android.apps.messaging lost android:read_cell_broadcasts:  (fixing)
03-19 17:30:56.603  1397  1397 E SmsApplication: com.google.android.apps.messaging lost android:read_cell_broadcasts:  (fixing)
03-19 17:30:56.892  5091  5091 E CarrierServices: Failed to unregister RecurringMetricsUploadReceiver. [CONTEXT log_prefix="RcsEngineProxyImpl:[b9aea838-f35e]" thread_id=2 ]
03-19 17:30:56.892  5091  5091 E CarrierServices: java.lang.IllegalArgumentException: Receiver not registered: dlbl@72752c9
03-19 17:30:56.892  5091  5091 E CarrierServices: 	at android.app.LoadedApk.forgetReceiverDispatcher(LoadedApk.java:1693)
03-19 17:30:56.892  5091  5091 E CarrierServices: 	at android.app.ContextImpl.unregisterReceiver(ContextImpl.java:1957)
03-19 17:30:56.892  5091  5091 E CarrierServices: 	at android.content.ContextWrapper.unregisterReceiver(ContextWrapper.java:843)
03-19 17:30:56.892  5091  5091 E CarrierServices: 	at com.google.android.ims.rcs.engine.impl.RcsEngineProxyImpl.unregisterReceivers(PG:8)
03-19 17:30:56.892  5091  5091 E CarrierServices: 	at com.google.android.ims.rcs.engine.impl.RcsEngineProxyImpl.destroyRcsEngine(PG:11)
03-19 17:30:56.892  5091  5091 E CarrierServices: 	at com.google.android.ims.service.JibeService.onDestroy(PG:38)
03-19 17:30:56.892  5091  5091 E CarrierServices: 	at android.app.ActivityThread.handleStopService(ActivityThread.java:5483)
03-19 17:30:56.892  5091  5091 E CarrierServices: 	at android.app.ActivityThread.-$$Nest$mhandleStopService(Unknown Source:0)
03-19 17:30:56.892  5091  5091 E CarrierServices: 	at android.app.ActivityThread$H.handleMessage(ActivityThread.java:2661)
03-19 17:30:56.892  5091  5091 E CarrierServices: 	at android.os.Handler.dispatchMessage(Handler.java:110)
03-19 17:30:56.892  5091  5091 E CarrierServices: 	at android.os.Looper.loopOnce(Looper.java:248)
03-19 17:30:56.892  5091  5091 E CarrierServices: 	at android.os.Looper.loop(Looper.java:338)
03-19 17:30:56.892  5091  5091 E CarrierServices: 	at android.app.ActivityThread.main(ActivityThread.java:9067)
03-19 17:30:56.892  5091  5091 E CarrierServices: 	at java.lang.reflect.Method.invoke(Native Method)
03-19 17:30:56.892  5091  5091 E CarrierServices: 	at com.android.internal.os.RuntimeInit$MethodAndArgsCaller.run(RuntimeInit.java:593)
03-19 17:30:56.892  5091  5091 E CarrierServices: 	at com.android.internal.os.ZygoteInit.main(ZygoteInit.java:932)
03-19 17:30:56.904  5091  5091 E CarrierServices: TelephonyChangeReceiver is not registered. [CONTEXT thread_id=2 ]
03-19 17:30:56.937  5091  5091 E CarrierServices: Failed to unregister intent receiver. [CONTEXT log_prefix="(Sim)" thread_id=2 ]
03-19 17:30:56.937  5091  5091 E CarrierServices: java.lang.IllegalArgumentException: Receiver not registered: dlcd@c95285
03-19 17:30:56.937  5091  5091 E CarrierServices: 	at android.app.LoadedApk.forgetReceiverDispatcher(LoadedApk.java:1693)
03-19 17:30:56.937  5091  5091 E CarrierServices: 	at android.app.ContextImpl.unregisterReceiver(ContextImpl.java:1957)
03-19 17:30:56.937  5091  5091 E CarrierServices: 	at android.content.ContextWrapper.unregisterReceiver(ContextWrapper.java:843)
03-19 17:30:56.937  5091  5091 E CarrierServices: 	at dlcd.q(PG:5)
03-19 17:30:56.937  5091  5091 E CarrierServices: 	at dlbt.j(PG:4)
03-19 17:30:56.937  5091  5091 E CarrierServices: 	at com.google.android.ims.service.JibeService.c(PG:18)
03-19 17:30:56.937  5091  5091 E CarrierServices: 	at com.google.android.ims.service.JibeService.onDestroy(PG:142)
03-19 17:30:56.937  5091  5091 E CarrierServices: 	at android.app.ActivityThread.handleStopService(ActivityThread.java:5483)
03-19 17:30:56.937  5091  5091 E CarrierServices: 	at android.app.ActivityThread.-$$Nest$mhandleStopService(Unknown Source:0)
03-19 17:30:56.937  5091  5091 E CarrierServices: 	at android.app.ActivityThread$H.handleMessage(ActivityThread.java:2661)
03-19 17:30:56.937  5091  5091 E CarrierServices: 	at android.os.Handler.dispatchMessage(Handler.java:110)
03-19 17:30:56.937  5091  5091 E CarrierServices: 	at android.os.Looper.loopOnce(Looper.java:248)
03-19 17:30:56.937  5091  5091 E CarrierServices: 	at android.os.Looper.loop(Looper.java:338)
03-19 17:30:56.937  5091  5091 E CarrierServices: 	at android.app.ActivityThread.main(ActivityThread.java:9067)
03-19 17:30:56.937  5091  5091 E CarrierServices: 	at java.lang.reflect.Method.invoke(Native Method)
03-19 17:30:56.937  5091  5091 E CarrierServices: 	at com.android.internal.os.RuntimeInit$MethodAndArgsCaller.run(RuntimeInit.java:593)
03-19 17:30:56.937  5091  5091 E CarrierServices: 	at com.android.internal.os.ZygoteInit.main(ZygoteInit.java:932)
03-19 17:30:56.961   723  1354 E RoleControllerServiceImpl: Default/fallback role holder package doesn't qualify for the role, package: com.google.android.gms, role: android.app.role.WALLET
03-19 17:30:57.623   723  1354 E RoleControllerServiceImpl: Default/fallback role holder package doesn't qualify for the role, package: com.google.android.gms.supervision, role: android.app.role.SYSTEM_SUPERVISION
03-19 17:30:57.704  1898  4931 E GoogleSettingsUtils: Cannot write token, exception in Context lookup [CONTEXT service_id=130 ]
03-19 17:30:57.704  1898  4931 E GoogleSettingsUtils: java.io.FileNotFoundException: /data/user/0/com.google.android.gsf/files/security_token: open failed: ENOENT (No such file or directory)
03-19 17:30:57.704  1898  4931 E GoogleSettingsUtils: 	at libcore.io.IoBridge.open(IoBridge.java:574)
03-19 17:30:57.704  1898  4931 E GoogleSettingsUtils: 	at java.io.FileOutputStream.<init>(FileOutputStream.java:259)
03-19 17:30:57.704  1898  4931 E GoogleSettingsUtils: 	at android.app.ContextImpl.openFileOutput(ContextImpl.java:794)
03-19 17:30:57.704  1898  4931 E GoogleSettingsUtils: 	at aodx.a(:com.google.android.gms@250834038@25.08.34 (260800-739221510):1667)
03-19 17:30:57.704  1898  4931 E GoogleSettingsUtils: 	at aofh.a(:com.google.android.gms@250834038@25.08.34 (260800-739221510):850)
03-19 17:30:57.704  1898  4931 E GoogleSettingsUtils: 	at com.google.android.gms.checkin.CheckinIntentOperation.onHandleIntent(:com.google.android.gms@250834038@25.08.34 (260800-739221510):33)
03-19 17:30:57.704  1898  4931 E GoogleSettingsUtils: 	at com.google.android.chimera.IntentOperation.onHandleIntent(:com.google.android.gms@250834038@25.08.34 (260800-739221510):2)
03-19 17:30:57.704  1898  4931 E GoogleSettingsUtils: 	at aorm.onHandleIntent(:com.google.android.gms@250834038@25.08.34 (260800-739221510):8)
03-19 17:30:57.704  1898  4931 E GoogleSettingsUtils: 	at sgr.run(:com.google.android.gms@250834038@25.08.34 (260800-739221510):70)
03-19 17:30:57.704  1898  4931 E GoogleSettingsUtils: 	at sgq.run(:com.google.android.gms@250834038@25.08.34 (260800-739221510):152)
03-19 17:30:57.704  1898  4931 E GoogleSettingsUtils: 	at fgkq.run(:com.google.android.gms@250834038@25.08.34 (260800-739221510):21)
03-19 17:30:57.704  1898  4931 E GoogleSettingsUtils: 	at java.util.concurrent.ThreadPoolExecutor.runWorker(ThreadPoolExecutor.java:1156)
03-19 17:30:57.704  1898  4931 E GoogleSettingsUtils: 	at java.util.concurrent.ThreadPoolExecutor$Worker.run(ThreadPoolExecutor.java:651)
03-19 17:30:57.704  1898  4931 E GoogleSettingsUtils: 	at java.lang.Thread.run(Thread.java:1119)
03-19 17:30:57.704  1898  4931 E GoogleSettingsUtils: Caused by: android.system.ErrnoException: open failed: ENOENT (No such file or directory)
03-19 17:30:57.704  1898  4931 E GoogleSettingsUtils: 	at libcore.io.Linux.open(Native Method)
03-19 17:30:57.704  1898  4931 E GoogleSettingsUtils: 	at libcore.io.ForwardingOs.open(ForwardingOs.java:568)
03-19 17:30:57.704  1898  4931 E GoogleSettingsUtils: 	at libcore.io.BlockGuardOs.open(BlockGuardOs.java:274)
03-19 17:30:57.704  1898  4931 E GoogleSettingsUtils: 	at libcore.io.ForwardingOs.open(ForwardingOs.java:568)
03-19 17:30:57.704  1898  4931 E GoogleSettingsUtils: 	at android.app.ActivityThread$AndroidOs.open(ActivityThread.java:8953)
03-19 17:30:57.704  1898  4931 E GoogleSettingsUtils: 	at libcore.io.IoBridge.open(IoBridge.java:560)
03-19 17:30:57.704  1898  4931 E GoogleSettingsUtils: 	... 13 more
03-19 17:30:57.814   723  1354 E RoleControllerServiceImpl: Default/fallback role holder package doesn't qualify for the role, package: com.google.android.gms, role: android.app.role.SYSTEM_DEPENDENCY_INSTALLER
03-19 17:30:58.086   723  1354 E RoleControllerServiceImpl: Default/fallback role holder package doesn't qualify for the role, package: com.google.android.gms, role: android.app.role.WALLET
03-19 17:30:58.202  4507  5080 E Bugle   : MobileConfigurationRetriever: The mobileConfigurationDataId cannot be removed as it is not present in the configurationCache
03-19 17:30:58.203  4507  5080 E Bugle   : MobileConfigurationRetriever: The mobileConfigurationDataId cannot be removed as it is not present in the configurationCache
03-19 17:30:58.203  4507  5080 E Bugle   : MobileConfigurationRetriever: The mobileConfigurationDataId cannot be removed as it is not present in the configurationCache
03-19 17:30:58.203  4507  5080 E Bugle   : MobileConfigurationRetriever: The mobileConfigurationDataId cannot be removed as it is not present in the configurationCache
03-19 17:30:58.487  5091  5151 E ashmem  : Pinning is deprecated since Android Q. Please use trim or other methods.
03-19 17:30:59.708   723  1354 E RoleControllerServiceImpl: Default/fallback role holder package doesn't qualify for the role, package: com.google.android.gms.supervision, role: android.app.role.SYSTEM_SUPERVISION
03-19 17:30:59.752   723  1354 E RoleControllerServiceImpl: Default/fallback role holder package doesn't qualify for the role, package: com.google.android.gms, role: android.app.role.SYSTEM_DEPENDENCY_INSTALLER
03-19 17:30:59.803   723  1354 E RoleControllerServiceImpl: Default/fallback role holder package doesn't qualify for the role, package: com.google.android.gms, role: android.app.role.WALLET
03-19 17:30:59.887  1397  1397 E SmsApplication: com.google.android.apps.messaging lost android:read_cell_broadcasts:  (fixing)
03-19 17:30:59.895   723  1168 E system_server: No package ID 7f found for resource ID 0x7f080489.
03-19 17:30:59.895   723  1168 E system_server: No package ID 7f found for resource ID 0x7f15129d.
03-19 17:30:59.895   723  1168 E system_server: No package ID 7f found for resource ID 0x7f15129d.
03-19 17:30:59.895   723  1168 E system_server: No package ID 7f found for resource ID 0x7f15129c.
03-19 17:31:00.128  1397  1397 E SmsApplication: com.google.android.apps.messaging lost android:read_cell_broadcasts:  (fixing)
03-19 17:31:00.175  1397  1397 E SmsApplication: com.google.android.apps.messaging lost android:read_cell_broadcasts:  (fixing)
03-19 17:31:00.289  1397  1397 E SmsApplication: com.google.android.apps.messaging lost android:read_cell_broadcasts:  (fixing)
03-19 17:31:00.484  1898  3109 E WakeLock: DG:service ** IS FORCE-RELEASED ON TIMEOUT **
03-19 17:31:00.748   723  1354 E RoleControllerServiceImpl: Default/fallback role holder package doesn't qualify for the role, package: com.google.android.gms.supervision, role: android.app.role.SYSTEM_SUPERVISION
03-19 17:31:00.936   723  1354 E RoleControllerServiceImpl: Default/fallback role holder package doesn't qualify for the role, package: com.google.android.gms, role: android.app.role.SYSTEM_DEPENDENCY_INSTALLER
03-19 17:31:01.329  1397  1397 E SmsApplication: com.google.android.apps.messaging lost android:read_cell_broadcasts:  (fixing)
03-19 17:31:01.412   723  1354 E RoleControllerServiceImpl: Default/fallback role holder package doesn't qualify for the role, package: com.google.android.gms, role: android.app.role.WALLET
03-19 17:31:01.462  4507  5048 E GoogleApiManager: Failed to get service from broker. 
03-19 17:31:01.462  4507  5048 E GoogleApiManager: java.lang.SecurityException: Unknown calling package name 'com.google.android.gms'.
03-19 17:31:01.462  4507  5048 E GoogleApiManager: 	at android.os.Parcel.createExceptionOrNull(Parcel.java:3340)
03-19 17:31:01.462  4507  5048 E GoogleApiManager: 	at android.os.Parcel.createException(Parcel.java:3324)
03-19 17:31:01.462  4507  5048 E GoogleApiManager: 	at android.os.Parcel.readException(Parcel.java:3307)
03-19 17:31:01.462  4507  5048 E GoogleApiManager: 	at android.os.Parcel.readException(Parcel.java:3249)
03-19 17:31:01.462  4507  5048 E GoogleApiManager: 	at asrs.a(:com.google.android.gms@250834038@25.08.34 (260800-739221510):36)
03-19 17:31:01.462  4507  5048 E GoogleApiManager: 	at aspz.z(:com.google.android.gms@250834038@25.08.34 (260800-739221510):143)
03-19 17:31:01.462  4507  5048 E GoogleApiManager: 	at arxi.run(:com.google.android.gms@250834038@25.08.34 (260800-739221510):54)
03-19 17:31:01.462  4507  5048 E GoogleApiManager: 	at android.os.Handler.handleCallback(Handler.java:995)
03-19 17:31:01.462  4507  5048 E GoogleApiManager: 	at android.os.Handler.dispatchMessage(Handler.java:103)
03-19 17:31:01.462  4507  5048 E GoogleApiManager: 	at bzmg.my(:com.google.android.gms@250834038@25.08.34 (260800-739221510):1)
03-19 17:31:01.462  4507  5048 E GoogleApiManager: 	at bzmg.dispatchMessage(:com.google.android.gms@250834038@25.08.34 (260800-739221510):5)
03-19 17:31:01.462  4507  5048 E GoogleApiManager: 	at android.os.Looper.loopOnce(Looper.java:248)
03-19 17:31:01.462  4507  5048 E GoogleApiManager: 	at android.os.Looper.loop(Looper.java:338)
03-19 17:31:01.462  4507  5048 E GoogleApiManager: 	at android.os.HandlerThread.run(HandlerThread.java:85)
03-19 17:31:01.502  1397  1397 E SmsApplication: com.google.android.apps.messaging lost android:read_cell_broadcasts:  (fixing)
03-19 17:31:01.696   723  1354 E RoleControllerServiceImpl: Default/fallback role holder package doesn't qualify for the role, package: com.google.android.gms.supervision, role: android.app.role.SYSTEM_SUPERVISION
03-19 17:31:01.797   723  1354 E RoleControllerServiceImpl: Default/fallback role holder package doesn't qualify for the role, package: com.google.android.gms, role: android.app.role.SYSTEM_DEPENDENCY_INSTALLER
03-19 17:31:02.222   723  1354 E RoleControllerServiceImpl: Default/fallback role holder package doesn't qualify for the role, package: com.google.android.gms, role: android.app.role.WALLET
03-19 17:31:02.284  4620  4725 E DialerRestVvmCarrierService: com.android.dialer.voicemail.service.impl.vvmclients.rest.RestVvmCarrierService.getMsisdn:420 Retrieved phone number in an unexpected format: +15551234567 [CONTEXT disable_client_error_logging=true ]
03-19 17:31:02.284  4620  4725 E DialerRestVvmCarrierService: zxo: MEDIUM
03-19 17:31:02.284  4620  4725 E DialerRestVvmCarrierService: 	at a.cN(PG:15)
03-19 17:31:02.284  4620  4725 E DialerRestVvmCarrierService: 	at pxq.apply(PG:489)
03-19 17:31:02.284  4620  4725 E DialerRestVvmCarrierService: 	at zcp.apply(PG:13)
03-19 17:31:02.284  4620  4725 E DialerRestVvmCarrierService: 	at aaka.d(PG:3)
03-19 17:31:02.284  4620  4725 E DialerRestVvmCarrierService: 	at aakb.run(PG:38)
03-19 17:31:02.284  4620  4725 E DialerRestVvmCarrierService: 	at umz.run(PG:7)
03-19 17:31:02.284  4620  4725 E DialerRestVvmCarrierService: 	at aadu.run(PG:44)
03-19 17:31:02.284  4620  4725 E DialerRestVvmCarrierService: 	at tdt.run(PG:78)
03-19 17:31:02.284  4620  4725 E DialerRestVvmCarrierService: 	at cp.run(PG:143)
03-19 17:31:02.284  4620  4725 E DialerRestVvmCarrierService: 	at java.lang.Thread.run(Thread.java:1119)
03-19 17:31:02.284  4620  4725 E DialerRestVvmCarrierService: 	at uoe.run(PG:61)
03-19 17:31:02.419  4620  4725 E DialerRestVvmCarrierService: com.android.dialer.voicemail.service.impl.vvmclients.rest.RestVvmCarrierService.getMsisdn:420 Retrieved phone number in an unexpected format: +15551234567 [CONTEXT disable_client_error_logging=true ]
03-19 17:31:02.419  4620  4725 E DialerRestVvmCarrierService: zxo: MEDIUM
03-19 17:31:02.419  4620  4725 E DialerRestVvmCarrierService: 	at a.cN(PG:15)
03-19 17:31:02.419  4620  4725 E DialerRestVvmCarrierService: 	at pxq.apply(PG:489)
03-19 17:31:02.419  4620  4725 E DialerRestVvmCarrierService: 	at zcp.apply(PG:13)
03-19 17:31:02.419  4620  4725 E DialerRestVvmCarrierService: 	at aaka.d(PG:3)
03-19 17:31:02.419  4620  4725 E DialerRestVvmCarrierService: 	at aakb.run(PG:38)
03-19 17:31:02.419  4620  4725 E DialerRestVvmCarrierService: 	at umz.run(PG:7)
03-19 17:31:02.419  4620  4725 E DialerRestVvmCarrierService: 	at aadu.run(PG:44)
03-19 17:31:02.419  4620  4725 E DialerRestVvmCarrierService: 	at tdt.run(PG:78)
03-19 17:31:02.419  4620  4725 E DialerRestVvmCarrierService: 	at cp.run(PG:143)
03-19 17:31:02.419  4620  4725 E DialerRestVvmCarrierService: 	at java.lang.Thread.run(Thread.java:1119)
03-19 17:31:02.419  4620  4725 E DialerRestVvmCarrierService: 	at uoe.run(PG:61)
03-19 17:31:02.673  1628  4833 E WakeLock: IntentOp:.common.appdoctor.AppDoctorConfigChangedIntentOperation ** IS FORCE-RELEASED ON TIMEOUT **
03-19 17:31:02.829  1397  1397 E SmsApplication: com.google.android.apps.messaging lost android:read_cell_broadcasts:  (fixing)
03-19 17:31:02.889   723  1354 E RoleControllerServiceImpl: Default/fallback role holder package doesn't qualify for the role, package: com.google.android.gms.supervision, role: android.app.role.SYSTEM_SUPERVISION
03-19 17:31:02.950  1397  1397 E SmsApplication: com.google.android.apps.messaging lost android:read_cell_broadcasts:  (fixing)
03-19 17:31:03.289   723  1354 E RoleControllerServiceImpl: Default/fallback role holder package doesn't qualify for the role, package: com.google.android.gms, role: android.app.role.SYSTEM_DEPENDENCY_INSTALLER
03-19 17:31:03.385  1898  3740 E FirstPartyBroadcaster: Signature check failed. The calling package is not google signed. [CONTEXT service_id=39 ]
03-19 17:31:03.385  1898  3740 E FirstPartyBroadcaster: java.lang.SecurityException: GoogleCertificatesRslt: callingPackage not found (go/gsrlt)
03-19 17:31:03.385  1898  3740 E FirstPartyBroadcaster: 	at arqo.b(:com.google.android.gms@250834038@25.08.34 (260800-739221510):34)
03-19 17:31:03.385  1898  3740 E FirstPartyBroadcaster: 	at arqt.d(:com.google.android.gms@250834038@25.08.34 (260800-739221510):14)
03-19 17:31:03.385  1898  3740 E FirstPartyBroadcaster: 	at ashw.b(:com.google.android.gms@250834038@25.08.34 (260800-739221510):12)
03-19 17:31:03.385  1898  3740 E FirstPartyBroadcaster: 	at ashw.a(:com.google.android.gms@250834038@25.08.34 (260800-739221510):3)
03-19 17:31:03.385  1898  3740 E FirstPartyBroadcaster: 	at bfjm.apply(:com.google.android.gms@250834038@25.08.34 (260800-739221510):36)
03-19 17:31:03.385  1898  3740 E FirstPartyBroadcaster: 	at fgko.apply(:com.google.android.gms@250834038@25.08.34 (260800-739221510):13)
03-19 17:31:03.385  1898  3740 E FirstPartyBroadcaster: 	at foea.d(:com.google.android.gms@250834038@25.08.34 (260800-739221510):3)
03-19 17:31:03.385  1898  3740 E FirstPartyBroadcaster: 	at foeb.run(:com.google.android.gms@250834038@25.08.34 (260800-739221510):38)
03-19 17:31:03.385  1898  3740 E FirstPartyBroadcaster: 	at fofn.execute(:com.google.android.gms@250834038@25.08.34 (260800-739221510):1)
03-19 17:31:03.385  1898  3740 E FirstPartyBroadcaster: 	at fodx.h(:com.google.android.gms@250834038@25.08.34 (260800-739221510):1)
03-19 17:31:03.385  1898  3740 E FirstPartyBroadcaster: 	at fodx.l(:com.google.android.gms@250834038@25.08.34 (260800-739221510):101)
03-19 17:31:03.385  1898  3740 E FirstPartyBroadcaster: 	at fodx.o(:com.google.android.gms@250834038@25.08.34 (260800-739221510):15)
03-19 17:31:03.385  1898  3740 E FirstPartyBroadcaster: 	at foea.e(:com.google.android.gms@250834038@25.08.34 (260800-739221510):1)
03-19 17:31:03.385  1898  3740 E FirstPartyBroadcaster: 	at foeb.run(:com.google.android.gms@250834038@25.08.34 (260800-739221510):44)
03-19 17:31:03.385  1898  3740 E FirstPartyBroadcaster: 	at fofn.execute(:com.google.android.gms@250834038@25.08.34 (260800-739221510):1)
03-19 17:31:03.385  1898  3740 E FirstPartyBroadcaster: 	at fodx.h(:com.google.android.gms@250834038@25.08.34 (260800-739221510):1)
03-19 17:31:03.385  1898  3740 E FirstPartyBroadcaster: 	at fodx.l(:com.google.android.gms@250834038@25.08.34 (260800-739221510):101)
03-19 17:31:03.385  1898  3740 E FirstPartyBroadcaster: 	at fodx.r(:com.google.android.gms@250834038@25.08.34 (260800-739221510):28)
03-19 17:31:03.385  1898  3740 E FirstPartyBroadcaster: 	at fogk.run(:com.google.android.gms@250834038@25.08.34 (260800-739221510):5)
03-19 17:31:03.385  1898  3740 E FirstPartyBroadcaster: 	at fofn.execute(:com.google.android.gms@250834038@25.08.34 (260800-739221510):1)
03-19 17:31:03.385  1898  3740 E FirstPartyBroadcaster: 	at fodx.h(:com.google.android.gms@250834038@25.08.34 (260800-739221510):1)
03-19 17:31:03.385  1898  3740 E FirstPartyBroadcaster: 	at fodx.l(:com.google.android.gms@250834038@25.08.34 (260800-739221510):101)
03-19 17:31:03.385  1898  3740 E FirstPartyBroadcaster: 	at fodx.r(:com.google.android.gms@250834038@25.08.34 (260800-739221510):28)
03-19 17:31:03.385  1898  3740 E FirstPartyBroadcaster: 	at fogk.run(:com.google.android.gms@250834038@25.08.34 (260800-739221510):5)
03-19 17:31:03.385  1898  3740 E FirstPartyBroadcaster: 	at fofn.execute(:com.google.android.gms@250834038@25.08.34 (260800-739221510):1)
03-19 17:31:03.385  1898  3740 E FirstPartyBroadcaster: 	at fodx.h(:com.google.android.gms@250834038@25.08.34 (260800-739221510):1)
03-19 17:31:03.385  1898  3740 E FirstPartyBroadcaster: 	at fodx.l(:com.google.android.gms@250834038@25.08.34 (260800-739221510):101)
03-19 17:31:03.385  1898  3740 E FirstPartyBroadcaster: 	at fodx.o(:com.google.android.gms@250834038@25.08.34 (260800-739221510):15)
03-19 17:31:03.385  1898  3740 E FirstPartyBroadcaster: 	at fofk.c(:com.google.android.gms@250834038@25.08.34 (260800-739221510):3)
03-19 17:31:03.385  1898  3740 E FirstPartyBroadcaster: 	at fofl.e(:com.google.android.gms@250834038@25.08.34 (260800-739221510):6)
03-19 17:31:03.385  1898  3740 E FirstPartyBroadcaster: 	at fogz.run(:com.google.android.gms@250834038@25.08.34 (260800-739221510):73)
03-19 17:31:03.385  1898  3740 E FirstPartyBroadcaster: 	at atin.c(:com.google.android.gms@250834038@25.08.34 (260800-739221510):50)
03-19 17:31:03.385  1898  3740 E FirstPartyBroadcaster: 	at atin.run(:com.google.android.gms@250834038@25.08.34 (260800-739221510):76)
03-19 17:31:03.385  1898  3740 E FirstPartyBroadcaster: 	at java.util.concurrent.ThreadPoolExecutor.runWorker(ThreadPoolExecutor.java:1156)
03-19 17:31:03.385  1898  3740 E FirstPartyBroadcaster: 	at java.util.concurrent.ThreadPoolExecutor$Worker.run(ThreadPoolExecutor.java:651)
03-19 17:31:03.385  1898  3740 E FirstPartyBroadcaster: 	at atoa.run(:com.google.android.gms@250834038@25.08.34 (260800-739221510):8)
03-19 17:31:03.385  1898  3740 E FirstPartyBroadcaster: 	at java.lang.Thread.run(Thread.java:1119)
03-19 17:31:03.385  1898  3740 E FirstPartyBroadcaster: Caused by: android.content.pm.PackageManager$NameNotFoundException
03-19 17:31:03.385  1898  3740 E FirstPartyBroadcaster: 	at arqg.f(:com.google.android.gms@250834038@25.08.34 (260800-739221510):37)
03-19 17:31:03.385  1898  3740 E FirstPartyBroadcaster: 	at arqg.a(:com.google.android.gms@250834038@25.08.34 (260800-739221510):54)
03-19 17:31:03.385  1898  3740 E FirstPartyBroadcaster: 	at arqt.a(:com.google.android.gms@250834038@25.08.34 (260800-739221510):54)
03-19 17:31:03.385  1898  3740 E FirstPartyBroadcaster: 	at arqt.m(:com.google.android.gms@250834038@25.08.34 (260800-739221510):2)
03-19 17:31:03.385  1898  3740 E FirstPartyBroadcaster: 	at arqt.l(:com.google.android.gms@250834038@25.08.34 (260800-739221510):2)
03-19 17:31:03.385  1898  3740 E FirstPartyBroadcaster: 	at arqt.d(:com.google.android.gms@250834038@25.08.34 (260800-739221510):10)
03-19 17:31:03.385  1898  3740 E FirstPartyBroadcaster: 	... 35 more
03-19 17:31:03.418  2117  2577 E AbstractLogEventBuilder: The provided ProductIdOrigin 3 is not one of the process-level expected values: 1 or 2
03-19 17:31:03.551  1953  1953 E rdv     : onError
03-19 17:31:03.551  1953  1953 E rdv     : afvv: errorCode: 65561, engine: 2
03-19 17:31:03.551  1953  1953 E rdv     : 	at auki.a(PG:23)
03-19 17:31:03.551  1953  1953 E rdv     : 	at abhl.hv(PG:13)
03-19 17:31:03.551  1953  1953 E rdv     : 	at fyqd.e(PG:9)
03-19 17:31:03.551  1953  1953 E rdv     : 	at ahbi.d(PG:154)
03-19 17:31:03.551  1953  1953 E rdv     : 	at ahbi.iW(PG:26)
03-19 17:31:03.551  1953  1953 E rdv     : 	at abhm.c(PG:102)
03-19 17:31:03.551  1953  1953 E rdv     : 	at abhn.run(PG:1)
