03-19 17:31:17.365  1898  4838 E GoogleSettingsUtils: 	at com.google.android.chimera.IntentOperation.onHandleIntent(:com.google.android.gms@250834038@25.08.34 (260800-739221510):2)
03-19 17:31:17.365  1898  4838 E GoogleSettingsUtils: 	at aorm.onHandleIntent(:com.google.android.gms@250834038@25.08.34 (260800-739221510):8)
03-19 17:31:17.365  1898  4838 E GoogleSettingsUtils: 	at sgr.run(:com.google.android.gms@250834038@25.08.34 (260800-739221510):70)
03-19 17:31:17.365  1898  4838 E GoogleSettingsUtils: 	at sgq.run(:com.google.android.gms@250834038@25.08.34 (260800-739221510):152)
03-19 17:31:17.365  1898  4838 E GoogleSettingsUtils: 	at fgkq.run(:com.google.android.gms@250834038@25.08.34 (260800-739221510):21)
03-19 17:31:17.365  1898  4838 E GoogleSettingsUtils: 	at java.util.concurrent.ThreadPoolExecutor.runWorker(ThreadPoolExecutor.java:1156)
03-19 17:31:17.365  1898  4838 E GoogleSettingsUtils: 	at java.util.concurrent.ThreadPoolExecutor$Worker.run(ThreadPoolExecutor.java:651)
03-19 17:31:17.365  1898  4838 E GoogleSettingsUtils: 	at java.lang.Thread.run(Thread.java:1119)
03-19 17:31:17.365  1898  4838 E GoogleSettingsUtils: Caused by: android.system.ErrnoException: open failed: ENOENT (No such file or directory)
03-19 17:31:17.365  1898  4838 E GoogleSettingsUtils: 	at libcore.io.Linux.open(Native Method)
03-19 17:31:17.365  1898  4838 E GoogleSettingsUtils: 	at libcore.io.ForwardingOs.open(ForwardingOs.java:568)
03-19 17:31:17.365  1898  4838 E GoogleSettingsUtils: 	at libcore.io.BlockGuardOs.open(BlockGuardOs.java:274)
03-19 17:31:17.365  1898  4838 E GoogleSettingsUtils: 	at libcore.io.ForwardingOs.open(ForwardingOs.java:568)
03-19 17:31:17.365  1898  4838 E GoogleSettingsUtils: 	at android.app.ActivityThread$AndroidOs.open(ActivityThread.java:8953)
03-19 17:31:17.365  1898  4838 E GoogleSettingsUtils: 	at libcore.io.IoBridge.open(IoBridge.java:560)
03-19 17:31:17.365  1898  4838 E GoogleSettingsUtils: 	... 13 more
03-19 17:31:17.526  1898  5058 E PhenotypeFlagCommitter: Retrieving snapshot for com.google.android.gms.playlog.uploader failed
03-19 17:31:17.526  1898  5058 E PhenotypeFlagCommitter: java.util.concurrent.TimeoutException: Timed out waiting for Task
03-19 17:31:17.526  1898  5058 E PhenotypeFlagCommitter: 	at ebdw.o(:com.google.android.gms@250834038@25.08.34 (260800-739221510):53)
03-19 17:31:17.526  1898  5058 E PhenotypeFlagCommitter: 	at dovh.f(:com.google.android.gms@250834038@25.08.34 (260800-739221510):11)
03-19 17:31:17.526  1898  5058 E PhenotypeFlagCommitter: 	at dovh.j(:com.google.android.gms@250834038@25.08.34 (260800-739221510):42)
03-19 17:31:17.526  1898  5058 E PhenotypeFlagCommitter: 	at dovh.h(:com.google.android.gms@250834038@25.08.34 (260800-739221510):4)
03-19 17:31:17.526  1898  5058 E PhenotypeFlagCommitter: 	at com.google.android.gms.clearcut.init.ClearcutInitChimeraIntentService.b(:com.google.android.gms@250834038@25.08.34 (260800-739221510):48)
03-19 17:31:17.526  1898  5058 E PhenotypeFlagCommitter: 	at aolt.onHandleIntent(:com.google.android.gms@250834038@25.08.34 (260800-739221510):136)
03-19 17:31:17.526  1898  5058 E PhenotypeFlagCommitter: 	at com.google.android.gms.clearcut.init.DefaultPriorityClearcutInitChimeraIntentService.onHandleIntent(:com.google.android.gms@250834038@25.08.34 (260800-739221510):11)
03-19 17:31:17.526  1898  5058 E PhenotypeFlagCommitter: 	at com.google.android.chimera.IntentOperation.onHandleIntent(:com.google.android.gms@250834038@25.08.34 (260800-739221510):2)
03-19 17:31:17.526  1898  5058 E PhenotypeFlagCommitter: 	at aorm.onHandleIntent(:com.google.android.gms@250834038@25.08.34 (260800-739221510):8)
03-19 17:31:17.526  1898  5058 E PhenotypeFlagCommitter: 	at sgr.run(:com.google.android.gms@250834038@25.08.34 (260800-739221510):70)
03-19 17:31:17.526  1898  5058 E PhenotypeFlagCommitter: 	at sgq.run(:com.google.android.gms@250834038@25.08.34 (260800-739221510):152)
03-19 17:31:17.526  1898  5058 E PhenotypeFlagCommitter: 	at fgkq.run(:com.google.android.gms@250834038@25.08.34 (260800-739221510):21)
03-19 17:31:17.526  1898  5058 E PhenotypeFlagCommitter: 	at java.util.concurrent.ThreadPoolExecutor.runWorker(ThreadPoolExecutor.java:1156)
03-19 17:31:17.526  1898  5058 E PhenotypeFlagCommitter: 	at java.util.concurrent.ThreadPoolExecutor$Worker.run(ThreadPoolExecutor.java:651)
03-19 17:31:17.526  1898  5058 E PhenotypeFlagCommitter: 	at java.lang.Thread.run(Thread.java:1119)
03-19 17:31:17.828  1898  2130 E Pay     : NfcAdapter is null while obtaining CardEmulation instance. [CONTEXT service_id=198 ]
03-19 17:31:17.828  1898  2130 E Pay     : CardEmulation is null while checking aid registration. [CONTEXT service_id=198 ]
03-19 17:31:18.300   723  1354 E RoleControllerServiceImpl: Default/fallback role holder package doesn't qualify for the role, package: com.google.android.gms.supervision, role: android.app.role.SYSTEM_SUPERVISION
03-19 17:31:18.331   723  1354 E RoleControllerServiceImpl: Default/fallback role holder package doesn't qualify for the role, package: com.google.android.gms, role: android.app.role.SYSTEM_DEPENDENCY_INSTALLER
03-19 17:31:18.364   723  1354 E RoleControllerServiceImpl: Default/fallback role holder package doesn't qualify for the role, package: com.google.android.gms, role: android.app.role.WALLET
03-19 17:31:19.668  1898  2130 E gzzw    : *~*~*~ Previous channel {0} was garbage collected without being shut down! ~*~*~*
03-19 17:31:19.668  1898  2130 E gzzw    :     Make sure to call shutdown()/shutdownNow()
03-19 17:31:19.668  1898  2130 E gzzw    : java.lang.RuntimeException: ManagedChannel allocation site
03-19 17:31:19.668  1898  2130 E gzzw    : 	at gzzv.<init>(:com.google.android.gms@250834038@25.08.34 (260800-739221510):21)
03-19 17:31:19.668  1898  2130 E gzzw    : 	at gzzw.<init>(:com.google.android.gms@250834038@25.08.34 (260800-739221510):10)
03-19 17:31:19.668  1898  2130 E gzzw    : 	at gzzu.a(:com.google.android.gms@250834038@25.08.34 (260800-739221510):251)
03-19 17:31:19.668  1898  2130 E gzzw    : 	at gzku.a(:com.google.android.gms@250834038@25.08.34 (260800-739221510):5)
03-19 17:31:19.668  1898  2130 E gzzw    : 	at caoz.g(:com.google.android.gms@250834038@25.08.34 (260800-739221510):81)
03-19 17:31:19.668  1898  2130 E gzzw    : 	at frny.a(:com.google.android.gms@250834038@25.08.34 (260800-739221510):219)
03-19 17:31:19.668  1898  2130 E gzzw    : 	at fgkl.a(:com.google.android.gms@250834038@25.08.34 (260800-739221510):13)
03-19 17:31:19.668  1898  2130 E gzzw    : 	at fohy.a(:com.google.android.gms@250834038@25.08.34 (260800-739221510):3)
03-19 17:31:19.668  1898  2130 E gzzw    : 	at fogz.run(:com.google.android.gms@250834038@25.08.34 (260800-739221510):19)
03-19 17:31:19.668  1898  2130 E gzzw    : 	at foia.run(:com.google.android.gms@250834038@25.08.34 (260800-739221510):5)
03-19 17:31:19.668  1898  2130 E gzzw    : 	at atin.c(:com.google.android.gms@250834038@25.08.34 (260800-739221510):50)
03-19 17:31:19.668  1898  2130 E gzzw    : 	at atin.run(:com.google.android.gms@250834038@25.08.34 (260800-739221510):76)
03-19 17:31:19.668  1898  2130 E gzzw    : 	at java.util.concurrent.ThreadPoolExecutor.runWorker(ThreadPoolExecutor.java:1156)
03-19 17:31:19.668  1898  2130 E gzzw    : 	at java.util.concurrent.ThreadPoolExecutor$Worker.run(ThreadPoolExecutor.java:651)
03-19 17:31:19.668  1898  2130 E gzzw    : 	at atoa.run(:com.google.android.gms@250834038@25.08.34 (260800-739221510):8)
03-19 17:31:19.668  1898  2130 E gzzw    : 	at java.lang.Thread.run(Thread.java:1119)
03-19 17:31:19.818  3507  5407 E WifiScanner: listener does not exist
03-19 17:31:19.922   723  1999 E WifiService: Attempt to retrieve passpoint with invalid scanResult List
03-19 17:31:20.143  5292  5321 E acjl    : Attempt to overwrite completionTime
03-19 17:31:20.144  5292  5321 E acjl    : Attempt to overwrite workProxyEndState
03-19 17:31:20.144  5292  5321 E acjl    : Attempt to overwrite delegationTime
03-19 17:31:20.456  1889  2362 E tkr     : Calling getConfiguration() before NgaConfigurationManager is initialized.
03-19 17:31:20.456  1889  2362 E tkr     : fkpr: MEDIUM
03-19 17:31:20.456  1889  2362 E tkr     : 	at tkr.c(PG:29)
03-19 17:31:20.456  1889  2362 E tkr     : 	at vaw.hb(PG:3)
03-19 17:31:20.456  1889  2362 E tkr     : 	at uue.a(PG:4)
03-19 17:31:20.456  1889  2362 E tkr     : 	at uue.R(PG:1)
03-19 17:31:20.456  1889  2362 E tkr     : 	at uuk.V(PG:11)
03-19 17:31:20.456  1889  2362 E tkr     : 	at uuk.hd(PG:21)
03-19 17:31:20.456  1889  2362 E tkr     : 	at wkx.a(PG:9)
03-19 17:31:20.456  1889  2362 E tkr     : 	at yng.hl(PG:5)
03-19 17:31:20.456  1889  2362 E tkr     : 	at yni.a(PG:27)
03-19 17:31:20.456  1889  2362 E tkr     : 	at dnqq.call(PG:34)
03-19 17:31:20.456  1889  2362 E tkr     : 	at java.util.concurrent.FutureTask.run(FutureTask.java:317)
03-19 17:31:20.456  1889  2362 E tkr     : 	at fmrp.run(PG:3)
03-19 17:31:20.456  1889  2362 E tkr     : 	at fmrq.run(PG:68)
03-19 17:31:20.456  1889  2362 E tkr     : 	at djui.run(PG:5)
03-19 17:31:20.456  1889  2362 E tkr     : 	at fler.run(PG:44)
03-19 17:31:20.456  1889  2362 E tkr     : 	at djtz.run(PG:42)
03-19 17:31:20.456  1889  2362 E tkr     : 	at java.lang.Thread.run(Thread.java:1119)
03-19 17:31:20.456  1889  2362 E tkr     : 	at djvl.run(PG:62)
03-19 17:31:20.460  1889  2362 E tkr     : Calling getConfiguration() before NgaConfigurationManager is initialized.
03-19 17:31:20.460  1889  2362 E tkr     : fkpr: MEDIUM
03-19 17:31:20.460  1889  2362 E tkr     : 	at tkr.c(PG:29)
03-19 17:31:20.460  1889  2362 E tkr     : 	at uuh.hb(PG:3)
03-19 17:31:20.460  1889  2362 E tkr     : 	at uue.a(PG:4)
03-19 17:31:20.460  1889  2362 E tkr     : 	at uue.R(PG:1)
03-19 17:31:20.460  1889  2362 E tkr     : 	at uuk.V(PG:11)
03-19 17:31:20.460  1889  2362 E tkr     : 	at uuk.hd(PG:21)
03-19 17:31:20.460  1889  2362 E tkr     : 	at wkx.a(PG:9)
03-19 17:31:20.460  1889  2362 E tkr     : 	at yng.hl(PG:5)
03-19 17:31:20.460  1889  2362 E tkr     : 	at yni.a(PG:27)
03-19 17:31:20.460  1889  2362 E tkr     : 	at dnqq.call(PG:34)
03-19 17:31:20.460  1889  2362 E tkr     : 	at java.util.concurrent.FutureTask.run(FutureTask.java:317)
03-19 17:31:20.460  1889  2362 E tkr     : 	at fmrp.run(PG:3)
03-19 17:31:20.460  1889  2362 E tkr     : 	at fmrq.run(PG:68)
03-19 17:31:20.460  1889  2362 E tkr     : 	at djui.run(PG:5)
03-19 17:31:20.460  1889  2362 E tkr     : 	at fler.run(PG:44)
03-19 17:31:20.460  1889  2362 E tkr     : 	at djtz.run(PG:42)
03-19 17:31:20.460  1889  2362 E tkr     : 	at java.lang.Thread.run(Thread.java:1119)
03-19 17:31:20.460  1889  2362 E tkr     : 	at djvl.run(PG:62)
03-19 17:31:20.460  1889  2362 E tkr     : Calling getConfiguration() before NgaConfigurationManager is initialized.
03-19 17:31:20.460  1889  2362 E tkr     : fkpr: MEDIUM
03-19 17:31:20.460  1889  2362 E tkr     : 	at tkr.c(PG:29)
03-19 17:31:20.460  1889  2362 E tkr     : 	at tqq.hb(PG:3)
03-19 17:31:20.460  1889  2362 E tkr     : 	at uue.a(PG:4)
03-19 17:31:20.460  1889  2362 E tkr     : 	at uue.R(PG:1)
03-19 17:31:20.460  1889  2362 E tkr     : 	at uuk.V(PG:11)
03-19 17:31:20.460  1889  2362 E tkr     : 	at uuk.hd(PG:21)
03-19 17:31:20.460  1889  2362 E tkr     : 	at wkx.a(PG:9)
03-19 17:31:20.460  1889  2362 E tkr     : 	at yng.hl(PG:5)
03-19 17:31:20.460  1889  2362 E tkr     : 	at yni.a(PG:27)
03-19 17:31:20.460  1889  2362 E tkr     : 	at dnqq.call(PG:34)
03-19 17:31:20.460  1889  2362 E tkr     : 	at java.util.concurrent.FutureTask.run(FutureTask.java:317)
03-19 17:31:20.460  1889  2362 E tkr     : 	at fmrp.run(PG:3)
03-19 17:31:20.460  1889  2362 E tkr     : 	at fmrq.run(PG:68)
03-19 17:31:20.460  1889  2362 E tkr     : 	at djui.run(PG:5)
03-19 17:31:20.460  1889  2362 E tkr     : 	at fler.run(PG:44)
03-19 17:31:20.460  1889  2362 E tkr     : 	at djtz.run(PG:42)
03-19 17:31:20.460  1889  2362 E tkr     : 	at java.lang.Thread.run(Thread.java:1119)
03-19 17:31:20.460  1889  2362 E tkr     : 	at djvl.run(PG:62)
03-19 17:31:20.460  1889  2362 E tkr     : Calling getConfiguration() before NgaConfigurationManager is initialized.
03-19 17:31:20.460  1889  2362 E tkr     : fkpr: MEDIUM
03-19 17:31:20.460  1889  2362 E tkr     : 	at tkr.c(PG:29)
03-19 17:31:20.460  1889  2362 E tkr     : 	at uhc.hb(PG:3)
03-19 17:31:20.460  1889  2362 E tkr     : 	at uue.a(PG:4)
03-19 17:31:20.460  1889  2362 E tkr     : 	at uue.R(PG:1)
03-19 17:31:20.460  1889  2362 E tkr     : 	at uuk.V(PG:11)
03-19 17:31:20.460  1889  2362 E tkr     : 	at uuk.hd(PG:21)
03-19 17:31:20.460  1889  2362 E tkr     : 	at wkx.a(PG:9)
03-19 17:31:20.460  1889  2362 E tkr     : 	at yng.hl(PG:5)
03-19 17:31:20.460  1889  2362 E tkr     : 	at yni.a(PG:27)
03-19 17:31:20.460  1889  2362 E tkr     : 	at dnqq.call(PG:34)
03-19 17:31:20.460  1889  2362 E tkr     : 	at java.util.concurrent.FutureTask.run(FutureTask.java:317)
03-19 17:31:20.460  1889  2362 E tkr     : 	at fmrp.run(PG:3)
03-19 17:31:20.460  1889  2362 E tkr     : 	at fmrq.run(PG:68)
03-19 17:31:20.460  1889  2362 E tkr     : 	at djui.run(PG:5)
03-19 17:31:20.460  1889  2362 E tkr     : 	at fler.run(PG:44)
03-19 17:31:20.460  1889  2362 E tkr     : 	at djtz.run(PG:42)
03-19 17:31:20.460  1889  2362 E tkr     : 	at java.lang.Thread.run(Thread.java:1119)
03-19 17:31:20.460  1889  2362 E tkr     : 	at djvl.run(PG:62)
03-19 17:31:20.535  1889  1889 E agtu    : Error locating SCO method
03-19 17:31:20.535  1889  1889 E agtu    : java.lang.NoSuchMethodException: android.bluetooth.BluetoothHeadset.startScoUsingVirtualVoiceCall [class android.bluetooth.BluetoothDevice]
03-19 17:31:20.535  1889  1889 E agtu    : 	at java.lang.Class.getMethod(Class.java:2940)
03-19 17:31:20.535  1889  1889 E agtu    : 	at java.lang.Class.getMethod(Class.java:2440)
03-19 17:31:20.535  1889  1889 E agtu    : 	at agtq.<clinit>(PG:13)
03-19 17:31:20.535  1889  1889 E agtu    : 	at agtn.onServiceConnected(PG:1)
03-19 17:31:20.535  1889  1889 E agtu    : 	at android.bluetooth.BluetoothAdapter$ProfileConnection.lambda$connect$0(BluetoothAdapter.java:916)
03-19 17:31:20.535  1889  1889 E agtu    : 	at android.bluetooth.BluetoothAdapter$ProfileConnection.$r8$lambda$hMSj6DHUqt7YX73SazN4nT4TGpw(Unknown Source:0)
03-19 17:31:20.535  1889  1889 E agtu    : 	at android.bluetooth.BluetoothAdapter$ProfileConnection$$ExternalSyntheticLambda0.run(D8$$SyntheticClass:0)
03-19 17:31:20.535  1889  1889 E agtu    : 	at android.bluetooth.BluetoothUtils.lambda$executeFromBinder$0(BluetoothUtils.java:343)
03-19 17:31:20.535  1889  1889 E agtu    : 	at android.bluetooth.BluetoothUtils$$ExternalSyntheticLambda1.run(D8$$SyntheticClass:0)
03-19 17:31:20.535  1889  1889 E agtu    : 	at android.os.Handler.handleCallback(Handler.java:995)
03-19 17:31:20.535  1889  1889 E agtu    : 	at android.os.Handler.dispatchMessage(Handler.java:103)
03-19 17:31:20.535  1889  1889 E agtu    : 	at android.os.Looper.loopOnce(Looper.java:248)
03-19 17:31:20.535  1889  1889 E agtu    : 	at android.os.Looper.loop(Looper.java:338)
03-19 17:31:20.535  1889  1889 E agtu    : 	at android.app.ActivityThread.main(ActivityThread.java:9067)
03-19 17:31:20.535  1889  1889 E agtu    : 	at java.lang.reflect.Method.invoke(Native Method)
03-19 17:31:20.535  1889  1889 E agtu    : 	at com.android.internal.os.RuntimeInit$MethodAndArgsCaller.run(RuntimeInit.java:593)
03-19 17:31:20.535  1889  1889 E agtu    : 	at com.android.internal.os.ZygoteInit.main(ZygoteInit.java:932)
03-19 17:31:20.706  5292  5415 E SpeechMicro: Hotword model is single-channel neuralnet.
03-19 17:31:20.722  5292  5415 E SpeechMicro: Hotword model is single-channel neuralnet.
03-19 17:31:20.734  5292  5309 E akww    : Soda silent enrollment failed.
03-19 17:31:20.734  5292  5309 E akww    : java.lang.IllegalStateException: No account found.
03-19 17:31:20.734  5292  5309 E akww    : 	at sjh.apply(PG:31)
03-19 17:31:20.734  5292  5309 E akww    : 	at fcqt.apply(PG:13)
03-19 17:31:20.734  5292  5309 E akww    : 	at fmnz.e(PG:3)
03-19 17:31:20.734  5292  5309 E akww    : 	at fmob.run(PG:38)
03-19 17:31:20.734  5292  5309 E akww    : 	at djui.run(PG:5)
03-19 17:31:20.734  5292  5309 E akww    : 	at fler.run(PG:44)
03-19 17:31:20.734  5292  5309 E akww    : 	at djtz.run(PG:42)
03-19 17:31:20.734  5292  5309 E akww    : 	at java.lang.Thread.run(Thread.java:1119)
03-19 17:31:20.734  5292  5309 E akww    : 	at djvl.run(PG:62)
03-19 17:31:20.978   723  1354 E RoleControllerServiceImpl: Default/fallback role holder package doesn't qualify for the role, package: com.google.android.gms.supervision, role: android.app.role.SYSTEM_SUPERVISION
03-19 17:31:20.995  1397  1397 E SmsApplication: com.google.android.apps.messaging lost android:read_cell_broadcasts:  (fixing)
03-19 17:31:21.070   723  1269 E SettingsToPropertiesMapper: key=persist.device_config.storage_native_boot.transcode_compat_manifest value=com.yelp.android,0,com.yy.biu,0,com.groupme.android,0,air.tv.douyu.android,0,com.baidu.mbaby,0,com.vlocker.locker,0,com.znxh.hyhuo,0,com.yixia.xiaokaxiu,0 exceeds system property max length.
03-19 17:31:21.104   723  1354 E RoleControllerServiceImpl: Default/fallback role holder package doesn't qualify for the role, package: com.google.android.gms, role: android.app.role.SYSTEM_DEPENDENCY_INSTALLER
03-19 17:31:21.111  1397  1397 E SatelliteController: registerForSatelliteCommunicationAccessStateChanged: SatelliteManager is null
03-19 17:31:21.139  1397  1397 E SmsApplication: com.google.android.apps.messaging lost android:read_cell_broadcasts:  (fixing)
03-19 17:31:21.189  5420  5420 E oid.photopicker: Not starting debugger since process cannot load the jdwp agent.
03-19 17:31:21.273   723  1168 E system_server: No package ID 7f found for resource ID 0x7f080489.
03-19 17:31:21.273   723  1168 E system_server: No package ID 7f found for resource ID 0x7f15129d.
03-19 17:31:21.273   723  1168 E system_server: No package ID 7f found for resource ID 0x7f15129d.
03-19 17:31:21.273   723  1168 E system_server: No package ID 7f found for resource ID 0x7f15129c.
03-19 17:31:21.391   723  1354 E RoleControllerServiceImpl: Default/fallback role holder package doesn't qualify for the role, package: com.google.android.gms, role: android.app.role.WALLET
03-19 17:31:25.392   723  1269 E SettingsToPropertiesMapper: key=persist.device_config.storage_native_boot.transcode_compat_manifest value=com.yelp.android,0,com.yy.biu,0,com.groupme.android,0,air.tv.douyu.android,0,com.baidu.mbaby,0,com.vlocker.locker,0,com.znxh.hyhuo,0,com.yixia.xiaokaxiu,0 exceeds system property max length.
03-19 17:31:25.421  5420  5420 E ashmem  : Pinning is deprecated since Android Q. Please use trim or other methods.
03-19 17:31:27.215  5214  5214 E ConfigUpdater: Content URL or Metadata URL from flag is empty, ignoring flag change.
03-19 17:31:27.241  1875  2286 E SP.Service.AiAi: captions_i18n_v0_mandatory is opened by other clients. It will stay open until all clients close it.
03-19 17:31:27.241  1875  2286 E SP.Service.AiAi: captions_i18n_v0_en-US is opened by other clients. It will stay open until all clients close it.
03-19 17:31:27.241  1875  2286 E SP.Service.AiAi: captions_i18n_v0_mandatory is opened by other clients. It will stay open until all clients close it.
03-19 17:31:27.255  1875  2286 E SP.Service.AiAi: captions_i18n_v0_mandatory is opened by other clients. It will stay open until all clients close it.
03-19 17:31:27.255  1875  5490 E AiAiEcho: Reading elements from Geller failed with cause
03-19 17:31:27.255  1875  5490 E AiAiEcho: ilw: Code: UNKNOWN, Message: Geller data fetch is not enabled
03-19 17:31:27.255  1875  5490 E AiAiEcho: 	at imn.a(PG:17)
03-19 17:31:27.255  1875  5490 E AiAiEcho: 	at lhh.b(PG:20)
03-19 17:31:27.255  1875  5490 E AiAiEcho: 	at abge.g(PG:11)
03-19 17:31:27.255  1875  5490 E AiAiEcho: 	at kotlinx.coroutines.DispatchedTask.run(PG:112)
03-19 17:31:27.255  1875  5490 E AiAiEcho: 	at java.util.concurrent.Executors$RunnableAdapter.call(Executors.java:524)
03-19 17:31:27.255  1875  5490 E AiAiEcho: 	at xjo.a(PG:3)
03-19 17:31:27.255  1875  5490 E AiAiEcho: 	at xir.run(PG:19)
03-19 17:31:27.255  1875  5490 E AiAiEcho: 	at xjp.run(PG:5)
03-19 17:31:27.255  1875  5490 E AiAiEcho: 	at java.util.concurrent.Executors$RunnableAdapter.call(Executors.java:524)
03-19 17:31:27.255  1875  5490 E AiAiEcho: 	at java.util.concurrent.FutureTask.run(FutureTask.java:317)
03-19 17:31:27.255  1875  5490 E AiAiEcho: 	at java.util.concurrent.ScheduledThreadPoolExecutor$ScheduledFutureTask.run(ScheduledThreadPoolExecutor.java:348)
03-19 17:31:27.255  1875  5490 E AiAiEcho: 	at java.util.concurrent.ThreadPoolExecutor.runWorker(ThreadPoolExecutor.java:1156)
03-19 17:31:27.255  1875  5490 E AiAiEcho: 	at java.util.concurrent.ThreadPoolExecutor$Worker.run(ThreadPoolExecutor.java:651)
03-19 17:31:27.255  1875  5490 E AiAiEcho: 	at hxw.run(PG:221)
03-19 17:31:27.255  1875  5490 E AiAiEcho: 	at java.lang.Thread.run(Thread.java:1119)
03-19 17:31:27.256  1875  2286 E SP.Service.AiAi: captions_i18n_v0_mandatory is opened by other clients. It will stay open until all clients close it.
03-19 17:31:27.265  1875  2286 E SP.Service.AiAi: captions_i18n_v0_mandatory is opened by other clients. It will stay open until all clients close it.
03-19 17:31:27.265  1875  2286 E SP.Service.AiAi: captions_i18n_v0_mandatory is opened by other clients. It will stay open until all clients close it.
03-19 17:31:27.266  1875  2286 E SP.Service.AiAi: captions_i18n_v0_mandatory is opened by other clients. It will stay open until all clients close it.
03-19 17:31:27.266  1875  2286 E SP.Service.AiAi: captions_i18n_v0_mandatory is opened by other clients. It will stay open until all clients close it.
03-19 17:31:27.268  1875  2286 E SP.Service.AiAi: captions_i18n_v0_mandatory is opened by other clients. It will stay open until all clients close it.
03-19 17:31:27.268  1875  2286 E SP.Service.AiAi: captions_i18n_v0_mandatory is opened by other clients. It will stay open until all clients close it.
03-19 17:31:27.270  1875  2286 E SP.Service.AiAi: captions_i18n_v0_mandatory is opened by other clients. It will stay open until all clients close it.
03-19 17:31:27.270  1875  2286 E SP.Service.AiAi: captions_i18n_v0_mandatory is opened by other clients. It will stay open until all clients close it.
03-19 17:31:27.270  1875  2286 E SP.Service.AiAi: captions_i18n_v0_mandatory is opened by other clients. It will stay open until all clients close it.
03-19 17:31:27.272  1875  2286 E SP.Service.AiAi: captions_i18n_v0_mandatory is opened by other clients. It will stay open until all clients close it.
03-19 17:31:27.274  1875  2286 E SP.Service.AiAi: captions_i18n_v0_mandatory is opened by other clients. It will stay open until all clients close it.
03-19 17:31:27.363  5491  5491 E gle.android.tts: Not starting debugger since process cannot load the jdwp agent.
03-19 17:31:27.410  1875  2287 E AmbientMusicServiceMana: ylk: java.lang.reflect.InvocationTargetException
03-19 17:31:27.410  1875  2287 E AmbientMusicServiceMana: 	at yll.c(PG:55)
03-19 17:31:27.410  1875  2287 E AmbientMusicServiceMana: 	at xws.w(PG:78)
03-19 17:31:27.410  1875  2287 E AmbientMusicServiceMana: 	at xws.e(PG:90)
03-19 17:31:27.410  1875  2287 E AmbientMusicServiceMana: 	at xwp.a(PG:34)
03-19 17:31:27.410  1875  2287 E AmbientMusicServiceMana: 	at mpd.M(PG:25)
03-19 17:31:27.410  1875  2287 E AmbientMusicServiceMana: 	at qmu.d(PG:34)
03-19 17:31:27.410  1875  2287 E AmbientMusicServiceMana: 	at qmf.e(PG:7)
03-19 17:31:27.410  1875  2287 E AmbientMusicServiceMana: 	at mpg.a(PG:11)
03-19 17:31:27.410  1875  2287 E AmbientMusicServiceMana: 	at acgy.h(PG:7)
03-19 17:31:27.410  1875  2287 E AmbientMusicServiceMana: 	at qmv.run(PG:9)
03-19 17:31:27.410  1875  2287 E AmbientMusicServiceMana: 	at xho.execute(PG:1)
03-19 17:31:27.410  1875  2287 E AmbientMusicServiceMana: 	at qmx.onPropertiesChanged(PG:47)
03-19 17:31:27.410  1875  2287 E AmbientMusicServiceMana: 	at android.provider.DeviceConfig.lambda$handleChange$1(DeviceConfig.java:1796)
03-19 17:31:27.410  1875  2287 E AmbientMusicServiceMana: 	at android.provider.DeviceConfig$$ExternalSyntheticLambda0.run(D8$$SyntheticClass:0)
03-19 17:31:27.410  1875  2287 E AmbientMusicServiceMana: 	at java.util.concurrent.Executors$RunnableAdapter.call(Executors.java:524)
03-19 17:31:27.410  1875  2287 E AmbientMusicServiceMana: 	at xjo.a(PG:3)
03-19 17:31:27.410  1875  2287 E AmbientMusicServiceMana: 	at xir.run(PG:19)
03-19 17:31:27.410  1875  2287 E AmbientMusicServiceMana: 	at xjp.run(PG:5)
03-19 17:31:27.410  1875  2287 E AmbientMusicServiceMana: 	at java.util.concurrent.Executors$RunnableAdapter.call(Executors.java:524)
03-19 17:31:27.410  1875  2287 E AmbientMusicServiceMana: 	at java.util.concurrent.FutureTask.run(FutureTask.java:317)
03-19 17:31:27.410  1875  2287 E AmbientMusicServiceMana: 	at java.util.concurrent.ScheduledThreadPoolExecutor$ScheduledFutureTask.run(ScheduledThreadPoolExecutor.java:348)
03-19 17:31:27.410  1875  2287 E AmbientMusicServiceMana: 	at java.util.concurrent.ThreadPoolExecutor.runWorker(ThreadPoolExecutor.java:1156)
03-19 17:31:27.410  1875  2287 E AmbientMusicServiceMana: 	at java.util.concurrent.ThreadPoolExecutor$Worker.run(ThreadPoolExecutor.java:651)
03-19 17:31:27.410  1875  2287 E AmbientMusicServiceMana: 	at hxw.run(PG:221)
03-19 17:31:27.410  1875  2287 E AmbientMusicServiceMana: 	at java.lang.Thread.run(Thread.java:1119)
03-19 17:31:27.410  1875  2287 E AmbientMusicServiceMana: Caused by: java.lang.reflect.InvocationTargetException
03-19 17:31:27.410  1875  2287 E AmbientMusicServiceMana: 	at java.lang.reflect.Method.invoke(Native Method)
03-19 17:31:27.410  1875  2287 E AmbientMusicServiceMana: 	at yll.c(PG:48)
03-19 17:31:27.410  1875  2287 E AmbientMusicServiceMana: 	... 24 more
03-19 17:31:27.410  1875  2287 E AmbientMusicServiceMana: Caused by: java.lang.IllegalStateException: No underlying SoundTriggerModule available
03-19 17:31:27.410  1875  2287 E AmbientMusicServiceMana: 	at android.media.soundtrigger.SoundTriggerManager.deleteModel(SoundTriggerManager.java:265)
03-19 17:31:27.410  1875  2287 E AmbientMusicServiceMana: 	... 26 more
03-19 17:31:27.540  1748  2172 E MDDSuperpacks: MDDSuperpacks.parseManifest():476 cannot find metadata for delight_overrides
03-19 17:31:27.646  1748  2166 E MDD     : LogUtil.e():137 FileGroupManager downloadFileGroup __KLP_manifest_delight__en-US com.google.android.inputmethod.latin can't finish!
03-19 17:31:27.646  1748  2166 E MDD     : LogUtil.e():123 FileGroupManager: Expecting DownloadException's in AggregateException
03-19 17:31:27.655  1748  2166 E DownloadManager: DownloadManager.startDownload():531 error downloading __KLP_manifest_delight__en-US
03-19 17:31:27.655  1748  2166 E DownloadManager: mxs: Failed to download file group __KLP_manifest_delight__en-US
03-19 17:31:27.655  1748  2166 E DownloadManager: 	at ncc.E(PG:30)
03-19 17:31:27.655  1748  2166 E DownloadManager: 	at dxw.a(PG:597)
03-19 17:31:27.655  1748  2166 E DownloadManager: 	at qdi.a(PG:57)
03-19 17:31:27.655  1748  2166 E DownloadManager: 	at qcs.e(PG:3)
03-19 17:31:27.655  1748  2166 E DownloadManager: 	at qcu.run(PG:38)
03-19 17:31:27.655  1748  2166 E DownloadManager: 	at qfj.run(PG:74)
03-19 17:31:27.655  1748  2166 E DownloadManager: 	at jab.run(PG:51)
03-19 17:31:27.655  1748  2166 E DownloadManager: 	at java.util.concurrent.ThreadPoolExecutor.runWorker(ThreadPoolExecutor.java:1156)
03-19 17:31:27.655  1748  2166 E DownloadManager: 	at java.util.concurrent.ThreadPoolExecutor$Worker.run(ThreadPoolExecutor.java:651)
03-19 17:31:27.655  1748  2166 E DownloadManager: 	at java.lang.Thread.run(Thread.java:1119)
03-19 17:31:27.655  1748  2166 E DownloadManager: 	at izq.run(PG:8)
03-19 17:31:27.655  1748  2166 E DownloadManager: Caused by: java.util.concurrent.CancellationException: Task was cancelled.
03-19 17:31:27.655  1748  2166 E DownloadManager: 	at qcq.r(PG:33)
03-19 17:31:27.655  1748  2166 E DownloadManager: 	at qcq.get(PG:3)
03-19 17:31:27.655  1748  2166 E DownloadManager: 	at a.k(PG:2)
03-19 17:31:27.655  1748  2166 E DownloadManager: 	at pqu.E(PG:10)
03-19 17:31:27.655  1748  2166 E DownloadManager: 	at mxs.b(PG:18)
03-19 17:31:27.655  1748  2166 E DownloadManager: 	... 11 more
03-19 17:31:27.655  1748  2166 E MDD     : LogUtil.e():151 DownloadListener: onFailure
03-19 17:31:27.655  1748  2166 E MDD     : mxs: Failed to download file group __KLP_manifest_delight__en-US
03-19 17:31:27.655  1748  2166 E MDD     : 	at ncc.E(PG:30)
03-19 17:31:27.655  1748  2166 E MDD     : 	at dxw.a(PG:597)
03-19 17:31:27.655  1748  2166 E MDD     : 	at qdi.a(PG:57)
03-19 17:31:27.655  1748  2166 E MDD     : 	at qcs.e(PG:3)
03-19 17:31:27.655  1748  2166 E MDD     : 	at qcu.run(PG:38)
03-19 17:31:27.655  1748  2166 E MDD     : 	at qfj.run(PG:74)
03-19 17:31:27.655  1748  2166 E MDD     : 	at jab.run(PG:51)
03-19 17:31:27.655  1748  2166 E MDD     : 	at java.util.concurrent.ThreadPoolExecutor.runWorker(ThreadPoolExecutor.java:1156)
03-19 17:31:27.655  1748  2166 E MDD     : 	at java.util.concurrent.ThreadPoolExecutor$Worker.run(ThreadPoolExecutor.java:651)
03-19 17:31:27.655  1748  2166 E MDD     : 	at java.lang.Thread.run(Thread.java:1119)
03-19 17:31:27.655  1748  2166 E MDD     : 	at izq.run(PG:8)
03-19 17:31:27.655  1748  2166 E MDD     : Caused by: java.util.concurrent.CancellationException: Task was cancelled.
03-19 17:31:27.655  1748  2166 E MDD     : 	at qcq.r(PG:33)
03-19 17:31:27.655  1748  2166 E MDD     : 	at qcq.get(PG:3)
03-19 17:31:27.655  1748  2166 E MDD     : 	at a.k(PG:2)
03-19 17:31:27.655  1748  2166 E MDD     : 	at pqu.E(PG:10)
03-19 17:31:27.655  1748  2166 E MDD     : 	at mxs.b(PG:18)
03-19 17:31:27.655  1748  2166 E MDD     : 	... 11 more
03-19 17:31:27.792  1748  2166 E MDD     : LogUtil.e():151 DownloadListener: onFailure
03-19 17:31:27.792  1748  2166 E MDD     : mxz: Nothing to download for file group: __KLP_manifest_delight__en-US
03-19 17:31:27.792  1748  2166 E MDD     : 	at ori.a(PG:32)
03-19 17:31:27.792  1748  2166 E MDD     : 	at mzi.a(PG:47)
03-19 17:31:27.792  1748  2166 E MDD     : 	at qdi.a(PG:57)
03-19 17:31:27.792  1748  2166 E MDD     : 	at qcs.e(PG:3)
03-19 17:31:27.792  1748  2166 E MDD     : 	at qcu.run(PG:38)
03-19 17:31:27.792  1748  2166 E MDD     : 	at qfj.run(PG:74)
03-19 17:31:27.792  1748  2166 E MDD     : 	at jab.run(PG:51)
03-19 17:31:27.792  1748  2166 E MDD     : 	at java.util.concurrent.ThreadPoolExecutor.runWorker(ThreadPoolExecutor.java:1156)
03-19 17:31:27.792  1748  2166 E MDD     : 	at java.util.concurrent.ThreadPoolExecutor$Worker.run(ThreadPoolExecutor.java:651)
03-19 17:31:27.792  1748  2166 E MDD     : 	at java.lang.Thread.run(Thread.java:1119)
03-19 17:31:27.792  1748  2166 E MDD     : 	at izq.run(PG:8)
03-19 17:31:27.795  1748  2166 E DownloadManager: DownloadManager.startDownload():531 error downloading __KLP_manifest_delight__en-US
03-19 17:31:27.795  1748  2166 E DownloadManager: mxz: Nothing to download for file group: __KLP_manifest_delight__en-US
03-19 17:31:27.795  1748  2166 E DownloadManager: 	at ori.a(PG:32)
03-19 17:31:27.795  1748  2166 E DownloadManager: 	at mzi.a(PG:47)
03-19 17:31:27.795  1748  2166 E DownloadManager: 	at qdi.a(PG:57)
03-19 17:31:27.795  1748  2166 E DownloadManager: 	at qcs.e(PG:3)
03-19 17:31:27.795  1748  2166 E DownloadManager: 	at qcu.run(PG:38)
03-19 17:31:27.795  1748  2166 E DownloadManager: 	at qfj.run(PG:74)
03-19 17:31:27.795  1748  2166 E DownloadManager: 	at jab.run(PG:51)
03-19 17:31:27.795  1748  2166 E DownloadManager: 	at java.util.concurrent.ThreadPoolExecutor.runWorker(ThreadPoolExecutor.java:1156)
03-19 17:31:27.795  1748  2166 E DownloadManager: 	at java.util.concurrent.ThreadPoolExecutor$Worker.run(ThreadPoolExecutor.java:651)
03-19 17:31:27.795  1748  2166 E DownloadManager: 	at java.lang.Thread.run(Thread.java:1119)
03-19 17:31:27.795  1748  2166 E DownloadManager: 	at izq.run(PG:8)
03-19 17:31:27.876  1748  2166 E MDD     : LogUtil.e():151 DownloadListener: onFailure
03-19 17:31:27.876  1748  2166 E MDD     : mxz: Nothing to download for file group: __KLP_manifest_delight__en-US
03-19 17:31:27.876  1748  2166 E MDD     : 	at ori.a(PG:32)
03-19 17:31:27.876  1748  2166 E MDD     : 	at mzi.a(PG:47)
03-19 17:31:27.876  1748  2166 E MDD     : 	at qdi.a(PG:57)
03-19 17:31:27.876  1748  2166 E MDD     : 	at qcs.e(PG:3)
03-19 17:31:27.876  1748  2166 E MDD     : 	at qcu.run(PG:38)
03-19 17:31:27.876  1748  2166 E MDD     : 	at qfj.run(PG:74)
03-19 17:31:27.876  1748  2166 E MDD     : 	at jab.run(PG:51)
03-19 17:31:27.876  1748  2166 E MDD     : 	at java.util.concurrent.ThreadPoolExecutor.runWorker(ThreadPoolExecutor.java:1156)
03-19 17:31:27.876  1748  2166 E MDD     : 	at java.util.concurrent.ThreadPoolExecutor$Worker.run(ThreadPoolExecutor.java:651)
03-19 17:31:27.876  1748  2166 E MDD     : 	at java.lang.Thread.run(Thread.java:1119)
03-19 17:31:27.876  1748  2166 E MDD     : 	at izq.run(PG:8)
03-19 17:31:27.877  1748  2166 E DownloadManager: DownloadManager.startDownload():531 error downloading __KLP_manifest_delight__en-US
03-19 17:31:27.877  1748  2166 E DownloadManager: mxz: Nothing to download for file group: __KLP_manifest_delight__en-US
03-19 17:31:27.877  1748  2166 E DownloadManager: 	at ori.a(PG:32)
03-19 17:31:27.877  1748  2166 E DownloadManager: 	at mzi.a(PG:47)
03-19 17:31:27.877  1748  2166 E DownloadManager: 	at qdi.a(PG:57)
03-19 17:31:27.877  1748  2166 E DownloadManager: 	at qcs.e(PG:3)
03-19 17:31:27.877  1748  2166 E DownloadManager: 	at qcu.run(PG:38)
03-19 17:31:27.877  1748  2166 E DownloadManager: 	at qfj.run(PG:74)
03-19 17:31:27.877  1748  2166 E DownloadManager: 	at jab.run(PG:51)
03-19 17:31:27.877  1748  2166 E DownloadManager: 	at java.util.concurrent.ThreadPoolExecutor.runWorker(ThreadPoolExecutor.java:1156)
03-19 17:31:27.877  1748  2166 E DownloadManager: 	at java.util.concurrent.ThreadPoolExecutor$Worker.run(ThreadPoolExecutor.java:651)
03-19 17:31:27.877  1748  2166 E DownloadManager: 	at java.lang.Thread.run(Thread.java:1119)
03-19 17:31:27.877  1748  2166 E DownloadManager: 	at izq.run(PG:8)
03-19 17:31:27.877  1748  2166 E DownloadManager: DownloadManager.startDownload():535 filegroup __KLP_manifest_delight__en-US failed 3 times, removed from task list
03-19 17:31:27.878  1748  2166 E DownloadManager: DownloadManager$4.onFailure():576 error downloading __KLP_manifest_delight__en-US
03-19 17:31:27.878  1748  2166 E DownloadManager: mxz: Nothing to download for file group: __KLP_manifest_delight__en-US
03-19 17:31:27.878  1748  2166 E DownloadManager: 	at ori.a(PG:32)
03-19 17:31:27.878  1748  2166 E DownloadManager: 	at mzi.a(PG:47)
03-19 17:31:27.878  1748  2166 E DownloadManager: 	at qdi.a(PG:57)
03-19 17:31:27.878  1748  2166 E DownloadManager: 	at qcs.e(PG:3)
03-19 17:31:27.878  1748  2166 E DownloadManager: 	at qcu.run(PG:38)
03-19 17:31:27.878  1748  2166 E DownloadManager: 	at qfj.run(PG:74)
03-19 17:31:27.878  1748  2166 E DownloadManager: 	at jab.run(PG:51)
03-19 17:31:27.878  1748  2166 E DownloadManager: 	at java.util.concurrent.ThreadPoolExecutor.runWorker(ThreadPoolExecutor.java:1156)
03-19 17:31:27.878  1748  2166 E DownloadManager: 	at java.util.concurrent.ThreadPoolExecutor$Worker.run(ThreadPoolExecutor.java:651)
03-19 17:31:27.878  1748  2166 E DownloadManager: 	at java.lang.Thread.run(Thread.java:1119)
03-19 17:31:27.878  1748  2166 E DownloadManager: 	at izq.run(PG:8)
03-19 17:31:27.878  1748  2166 E DownloadManager: DownloadManager$4.onFailure():576 error downloading __KLP_manifest_delight__en-US
03-19 17:31:27.878  1748  2166 E DownloadManager: mxz: Nothing to download for file group: __KLP_manifest_delight__en-US
03-19 17:31:27.878  1748  2166 E DownloadManager: 	at ori.a(PG:32)
03-19 17:31:27.878  1748  2166 E DownloadManager: 	at mzi.a(PG:47)
03-19 17:31:27.878  1748  2166 E DownloadManager: 	at qdi.a(PG:57)
03-19 17:31:27.878  1748  2166 E DownloadManager: 	at qcs.e(PG:3)
03-19 17:31:27.878  1748  2166 E DownloadManager: 	at qcu.run(PG:38)
03-19 17:31:27.878  1748  2166 E DownloadManager: 	at qfj.run(PG:74)
03-19 17:31:27.878  1748  2166 E DownloadManager: 	at jab.run(PG:51)
03-19 17:31:27.878  1748  2166 E DownloadManager: 	at java.util.concurrent.ThreadPoolExecutor.runWorker(ThreadPoolExecutor.java:1156)
03-19 17:31:27.878  1748  2166 E DownloadManager: 	at java.util.concurrent.ThreadPoolExecutor$Worker.run(ThreadPoolExecutor.java:651)
03-19 17:31:27.878  1748  2166 E DownloadManager: 	at java.lang.Thread.run(Thread.java:1119)
03-19 17:31:27.878  1748  2166 E DownloadManager: 	at izq.run(PG:8)
03-19 17:31:27.879  1748  2166 E DownloadManager: DownloadManager$4.onFailure():576 error downloading __KLP_manifest_delight__en-US
03-19 17:31:27.879  1748  2166 E DownloadManager: mxz: Nothing to download for file group: __KLP_manifest_delight__en-US
03-19 17:31:27.879  1748  2166 E DownloadManager: 	at ori.a(PG:32)
03-19 17:31:27.879  1748  2166 E DownloadManager: 	at mzi.a(PG:47)
03-19 17:31:27.879  1748  2166 E DownloadManager: 	at qdi.a(PG:57)
03-19 17:31:27.879  1748  2166 E DownloadManager: 	at qcs.e(PG:3)
03-19 17:31:27.879  1748  2166 E DownloadManager: 	at qcu.run(PG:38)
03-19 17:31:27.879  1748  2166 E DownloadManager: 	at qfj.run(PG:74)
03-19 17:31:27.879  1748  2166 E DownloadManager: 	at jab.run(PG:51)
03-19 17:31:27.879  1748  2166 E DownloadManager: 	at java.util.concurrent.ThreadPoolExecutor.runWorker(ThreadPoolExecutor.java:1156)
03-19 17:31:27.879  1748  2166 E DownloadManager: 	at java.util.concurrent.ThreadPoolExecutor$Worker.run(ThreadPoolExecutor.java:651)
03-19 17:31:27.879  1748  2166 E DownloadManager: 	at java.lang.Thread.run(Thread.java:1119)
03-19 17:31:27.879  1748  2166 E DownloadManager: 	at izq.run(PG:8)
03-19 17:31:27.880  5491  5491 E ashmem  : Pinning is deprecated since Android Q. Please use trim or other methods.
03-19 17:31:27.888  1748  2085 E DelightKLPDownloader: DelightKLPDownloader$2.onFailure():228 Error downloading klp for en_US
03-19 17:31:27.888  1748  2085 E DelightKLPDownloader: mxz: Nothing to download for file group: __KLP_manifest_delight__en-US
03-19 17:31:27.888  1748  2085 E DelightKLPDownloader: 	at ori.a(PG:32)
03-19 17:31:27.888  1748  2085 E DelightKLPDownloader: 	at mzi.a(PG:47)
03-19 17:31:27.888  1748  2085 E DelightKLPDownloader: 	at qdi.a(PG:57)
03-19 17:31:27.888  1748  2085 E DelightKLPDownloader: 	at qcs.e(PG:3)
03-19 17:31:27.888  1748  2085 E DelightKLPDownloader: 	at qcu.run(PG:38)
03-19 17:31:27.888  1748  2085 E DelightKLPDownloader: 	at qfj.run(PG:74)
03-19 17:31:27.888  1748  2085 E DelightKLPDownloader: 	at jab.run(PG:51)
03-19 17:31:27.888  1748  2085 E DelightKLPDownloader: 	at java.util.concurrent.ThreadPoolExecutor.runWorker(ThreadPoolExecutor.java:1156)
03-19 17:31:27.888  1748  2085 E DelightKLPDownloader: 	at java.util.concurrent.ThreadPoolExecutor$Worker.run(ThreadPoolExecutor.java:651)
03-19 17:31:27.888  1748  2085 E DelightKLPDownloader: 	at java.lang.Thread.run(Thread.java:1119)
03-19 17:31:27.888  1748  2085 E DelightKLPDownloader: 	at izq.run(PG:8)
03-19 17:31:28.053  1748  2088 E HandwritingSuperpacksUtil: HandwritingSuperpacksUtil.getPackMappingPackName():40 No pack mapping pack found in []
03-19 17:31:28.059  5214  5214 E ConfigUpdater: Content URL or Metadata URL from flag is empty, ignoring flag change.
03-19 17:31:28.066  5214  5214 E ConfigUpdater: Content URL or Metadata URL from flag is empty, ignoring flag change.
03-19 17:31:28.070  5214  5214 E ConfigUpdater: Content URL or Metadata URL from flag is empty, ignoring flag change.
03-19 17:31:28.461  1397  1397 E SmsApplication: com.google.android.apps.messaging lost android:read_cell_broadcasts:  (fixing)
03-19 17:31:28.498   723  1354 E RoleControllerServiceImpl: Default/fallback role holder package doesn't qualify for the role, package: com.google.android.gms.supervision, role: android.app.role.SYSTEM_SUPERVISION
03-19 17:31:28.551  1397  1397 E SmsApplication: com.google.android.apps.messaging lost android:read_cell_broadcasts:  (fixing)
03-19 17:31:28.554   723  1354 E RoleControllerServiceImpl: Default/fallback role holder package doesn't qualify for the role, package: com.google.android.gms, role: android.app.role.SYSTEM_DEPENDENCY_INSTALLER
03-19 17:31:28.599   723  1354 E RoleControllerServiceImpl: Default/fallback role holder package doesn't qualify for the role, package: com.google.android.gms, role: android.app.role.WALLET
03-19 17:31:28.700  1748  2171 E MDD     : LogUtil.e():151 DownloadListener: onFailure
03-19 17:31:28.700  1748  2171 E MDD     : mxz: Nothing to download for file group: __KLP_delight__en-US
03-19 17:31:28.700  1748  2171 E MDD     : 	at ori.a(PG:32)
03-19 17:31:28.700  1748  2171 E MDD     : 	at mzi.a(PG:47)
03-19 17:31:28.700  1748  2171 E MDD     : 	at qdi.a(PG:57)
03-19 17:31:28.700  1748  2171 E MDD     : 	at qcs.e(PG:3)
03-19 17:31:28.700  1748  2171 E MDD     : 	at qcu.run(PG:38)
03-19 17:31:28.700  1748  2171 E MDD     : 	at qfj.run(PG:74)
03-19 17:31:28.700  1748  2171 E MDD     : 	at jab.run(PG:51)
03-19 17:31:28.700  1748  2171 E MDD     : 	at java.util.concurrent.ThreadPoolExecutor.runWorker(ThreadPoolExecutor.java:1156)
03-19 17:31:28.700  1748  2171 E MDD     : 	at java.util.concurrent.ThreadPoolExecutor$Worker.run(ThreadPoolExecutor.java:651)
03-19 17:31:28.700  1748  2171 E MDD     : 	at java.lang.Thread.run(Thread.java:1119)
03-19 17:31:28.700  1748  2171 E MDD     : 	at izq.run(PG:8)
03-19 17:31:28.714  1748  2171 E DownloadManager: DownloadManager.startDownload():531 error downloading __KLP_delight__en-US
03-19 17:31:28.714  1748  2171 E DownloadManager: mxz: Nothing to download for file group: __KLP_delight__en-US
03-19 17:31:28.714  1748  2171 E DownloadManager: 	at ori.a(PG:32)
03-19 17:31:28.714  1748  2171 E DownloadManager: 	at mzi.a(PG:47)
03-19 17:31:28.714  1748  2171 E DownloadManager: 	at qdi.a(PG:57)
03-19 17:31:28.714  1748  2171 E DownloadManager: 	at qcs.e(PG:3)
03-19 17:31:28.714  1748  2171 E DownloadManager: 	at qcu.run(PG:38)
03-19 17:31:28.714  1748  2171 E DownloadManager: 	at qfj.run(PG:74)
03-19 17:31:28.714  1748  2171 E DownloadManager: 	at jab.run(PG:51)
03-19 17:31:28.714  1748  2171 E DownloadManager: 	at java.util.concurrent.ThreadPoolExecutor.runWorker(ThreadPoolExecutor.java:1156)
03-19 17:31:28.714  1748  2171 E DownloadManager: 	at java.util.concurrent.ThreadPoolExecutor$Worker.run(ThreadPoolExecutor.java:651)
03-19 17:31:28.714  1748  2171 E DownloadManager: 	at java.lang.Thread.run(Thread.java:1119)
03-19 17:31:28.714  1748  2171 E DownloadManager: 	at izq.run(PG:8)
03-19 17:31:28.750  1748  2171 E MDD     : LogUtil.e():151 DownloadListener: onFailure
03-19 17:31:28.750  1748  2171 E MDD     : mxz: Nothing to download for file group: __KLP_delight__en-US
03-19 17:31:28.750  1748  2171 E MDD     : 	at ori.a(PG:32)
03-19 17:31:28.750  1748  2171 E MDD     : 	at mzi.a(PG:47)
03-19 17:31:28.750  1748  2171 E MDD     : 	at qdi.a(PG:57)
03-19 17:31:28.750  1748  2171 E MDD     : 	at qcs.e(PG:3)
03-19 17:31:28.750  1748  2171 E MDD     : 	at qcu.run(PG:38)
03-19 17:31:28.750  1748  2171 E MDD     : 	at qfj.run(PG:74)
03-19 17:31:28.750  1748  2171 E MDD     : 	at jab.run(PG:51)
03-19 17:31:28.750  1748  2171 E MDD     : 	at java.util.concurrent.ThreadPoolExecutor.runWorker(ThreadPoolExecutor.java:1156)
03-19 17:31:28.750  1748  2171 E MDD     : 	at java.util.concurrent.ThreadPoolExecutor$Worker.run(ThreadPoolExecutor.java:651)
03-19 17:31:28.750  1748  2171 E MDD     : 	at java.lang.Thread.run(Thread.java:1119)
03-19 17:31:28.750  1748  2171 E MDD     : 	at izq.run(PG:8)
03-19 17:31:28.751  1748  2171 E DownloadManager: DownloadManager.startDownload():531 error downloading __KLP_delight__en-US
03-19 17:31:28.751  1748  2171 E DownloadManager: mxz: Nothing to download for file group: __KLP_delight__en-US
03-19 17:31:28.751  1748  2171 E DownloadManager: 	at ori.a(PG:32)
03-19 17:31:28.751  1748  2171 E DownloadManager: 	at mzi.a(PG:47)
03-19 17:31:28.751  1748  2171 E DownloadManager: 	at qdi.a(PG:57)
03-19 17:31:28.751  1748  2171 E DownloadManager: 	at qcs.e(PG:3)
03-19 17:31:28.751  1748  2171 E DownloadManager: 	at qcu.run(PG:38)
03-19 17:31:28.751  1748  2171 E DownloadManager: 	at qfj.run(PG:74)
03-19 17:31:28.751  1748  2171 E DownloadManager: 	at jab.run(PG:51)
03-19 17:31:28.751  1748  2171 E DownloadManager: 	at java.util.concurrent.ThreadPoolExecutor.runWorker(ThreadPoolExecutor.java:1156)
03-19 17:31:28.751  1748  2171 E DownloadManager: 	at java.util.concurrent.ThreadPoolExecutor$Worker.run(ThreadPoolExecutor.java:651)
03-19 17:31:28.751  1748  2171 E DownloadManager: 	at java.lang.Thread.run(Thread.java:1119)
03-19 17:31:28.751  1748  2171 E DownloadManager: 	at izq.run(PG:8)
03-19 17:31:28.761  1748  2171 E MDD     : LogUtil.e():151 DownloadListener: onFailure
03-19 17:31:28.761  1748  2171 E MDD     : mxz: Nothing to download for file group: __KLP_delight__en-US
03-19 17:31:28.761  1748  2171 E MDD     : 	at ori.a(PG:32)
03-19 17:31:28.761  1748  2171 E MDD     : 	at mzi.a(PG:47)
03-19 17:31:28.761  1748  2171 E MDD     : 	at qdi.a(PG:57)
03-19 17:31:28.761  1748  2171 E MDD     : 	at qcs.e(PG:3)
03-19 17:31:28.761  1748  2171 E MDD     : 	at qcu.run(PG:38)
03-19 17:31:28.761  1748  2171 E MDD     : 	at qfj.run(PG:74)
03-19 17:31:28.761  1748  2171 E MDD     : 	at jab.run(PG:51)
03-19 17:31:28.761  1748  2171 E MDD     : 	at java.util.concurrent.ThreadPoolExecutor.runWorker(ThreadPoolExecutor.java:1156)
03-19 17:31:28.761  1748  2171 E MDD     : 	at java.util.concurrent.ThreadPoolExecutor$Worker.run(ThreadPoolExecutor.java:651)
03-19 17:31:28.761  1748  2171 E MDD     : 	at java.lang.Thread.run(Thread.java:1119)
03-19 17:31:28.761  1748  2171 E MDD     : 	at izq.run(PG:8)
03-19 17:31:28.763  1748  2171 E DownloadManager: DownloadManager.startDownload():531 error downloading __KLP_delight__en-US
03-19 17:31:28.763  1748  2171 E DownloadManager: mxz: Nothing to download for file group: __KLP_delight__en-US
03-19 17:31:28.763  1748  2171 E DownloadManager: 	at ori.a(PG:32)
03-19 17:31:28.763  1748  2171 E DownloadManager: 	at mzi.a(PG:47)
03-19 17:31:28.763  1748  2171 E DownloadManager: 	at qdi.a(PG:57)
03-19 17:31:28.763  1748  2171 E DownloadManager: 	at qcs.e(PG:3)
03-19 17:31:28.763  1748  2171 E DownloadManager: 	at qcu.run(PG:38)
03-19 17:31:28.763  1748  2171 E DownloadManager: 	at qfj.run(PG:74)
03-19 17:31:28.763  1748  2171 E DownloadManager: 	at jab.run(PG:51)
03-19 17:31:28.763  1748  2171 E DownloadManager: 	at java.util.concurrent.ThreadPoolExecutor.runWorker(ThreadPoolExecutor.java:1156)
03-19 17:31:28.763  1748  2171 E DownloadManager: 	at java.util.concurrent.ThreadPoolExecutor$Worker.run(ThreadPoolExecutor.java:651)
03-19 17:31:28.763  1748  2171 E DownloadManager: 	at java.lang.Thread.run(Thread.java:1119)
03-19 17:31:28.763  1748  2171 E DownloadManager: 	at izq.run(PG:8)
03-19 17:31:28.764  1748  2171 E DownloadManager: DownloadManager.startDownload():535 filegroup __KLP_delight__en-US failed 3 times, removed from task list
03-19 17:31:28.766  1748  2171 E DownloadManager: DownloadManager$4.onFailure():576 error downloading __KLP_delight__en-US
03-19 17:31:28.766  1748  2171 E DownloadManager: mxz: Nothing to download for file group: __KLP_delight__en-US
03-19 17:31:28.766  1748  2171 E DownloadManager: 	at ori.a(PG:32)
03-19 17:31:28.766  1748  2171 E DownloadManager: 	at mzi.a(PG:47)
03-19 17:31:28.766  1748  2171 E DownloadManager: 	at qdi.a(PG:57)
03-19 17:31:28.766  1748  2171 E DownloadManager: 	at qcs.e(PG:3)
03-19 17:31:28.766  1748  2171 E DownloadManager: 	at qcu.run(PG:38)
03-19 17:31:28.766  1748  2171 E DownloadManager: 	at qfj.run(PG:74)
03-19 17:31:28.766  1748  2171 E DownloadManager: 	at jab.run(PG:51)
03-19 17:31:28.766  1748  2171 E DownloadManager: 	at java.util.concurrent.ThreadPoolExecutor.runWorker(ThreadPoolExecutor.java:1156)
03-19 17:31:28.766  1748  2171 E DownloadManager: 	at java.util.concurrent.ThreadPoolExecutor$Worker.run(ThreadPoolExecutor.java:651)
03-19 17:31:28.766  1748  2171 E DownloadManager: 	at java.lang.Thread.run(Thread.java:1119)
03-19 17:31:28.766  1748  2171 E DownloadManager: 	at izq.run(PG:8)
03-19 17:31:28.766  1748  2171 E DownloadManager: DownloadManager$4.onFailure():576 error downloading __KLP_delight__en-US
03-19 17:31:28.766  1748  2171 E DownloadManager: mxz: Nothing to download for file group: __KLP_delight__en-US
03-19 17:31:28.766  1748  2171 E DownloadManager: 	at ori.a(PG:32)
03-19 17:31:28.766  1748  2171 E DownloadManager: 	at mzi.a(PG:47)
03-19 17:31:28.766  1748  2171 E DownloadManager: 	at qdi.a(PG:57)
03-19 17:31:28.766  1748  2171 E DownloadManager: 	at qcs.e(PG:3)
03-19 17:31:28.766  1748  2171 E DownloadManager: 	at qcu.run(PG:38)
03-19 17:31:28.766  1748  2171 E DownloadManager: 	at qfj.run(PG:74)
03-19 17:31:28.766  1748  2171 E DownloadManager: 	at jab.run(PG:51)
03-19 17:31:28.766  1748  2171 E DownloadManager: 	at java.util.concurrent.ThreadPoolExecutor.runWorker(ThreadPoolExecutor.java:1156)
03-19 17:31:28.766  1748  2171 E DownloadManager: 	at java.util.concurrent.ThreadPoolExecutor$Worker.run(ThreadPoolExecutor.java:651)
03-19 17:31:28.766  1748  2171 E DownloadManager: 	at java.lang.Thread.run(Thread.java:1119)
03-19 17:31:28.766  1748  2171 E DownloadManager: 	at izq.run(PG:8)
03-19 17:31:28.767  1748  2171 E DownloadManager: DownloadManager$4.onFailure():576 error downloading __KLP_delight__en-US
03-19 17:31:28.767  1748  2171 E DownloadManager: mxz: Nothing to download for file group: __KLP_delight__en-US
03-19 17:31:28.767  1748  2171 E DownloadManager: 	at ori.a(PG:32)
03-19 17:31:28.767  1748  2171 E DownloadManager: 	at mzi.a(PG:47)
03-19 17:31:28.767  1748  2171 E DownloadManager: 	at qdi.a(PG:57)
03-19 17:31:28.767  1748  2171 E DownloadManager: 	at qcs.e(PG:3)
03-19 17:31:28.767  1748  2171 E DownloadManager: 	at qcu.run(PG:38)
03-19 17:31:28.767  1748  2171 E DownloadManager: 	at qfj.run(PG:74)
