03-19 17:32:20.346   246   254 E lowmemorykiller: process_mrelease 4562 failed: No such process
03-19 17:32:20.463   246   255 E lowmemorykiller: process_mrelease 4546 failed: No such process
03-19 17:32:20.505   246   254 E lowmemorykiller: process_mrelease 4457 failed: No such process
03-19 17:32:20.614   246   255 E lowmemorykiller: process_mrelease 3689 failed: No such process
03-19 17:32:20.784   246   254 E lowmemorykiller: process_mrelease 4675 failed: No such process
03-19 17:32:20.862  6067  6067 E GmsCoreLogger: Missing account for FACET_USAGE_GAIA_UNSAMPLED [CONTEXT service_id=299 ]
03-19 17:32:20.873  6067  6117 E .gms.persistent: hiddenapi: Accessing hidden method Landroid/net/ConnectivityManager;->isNetworkSupported(I)Z (runtime_flags=0, domain=platform, api=max-target-p) from Latmk; (domain=app) using reflection: denied
03-19 17:32:21.142  5777  6222 E ActivityThread: Failed to find provider info for androidx.car.app.connection
03-19 17:32:21.426   723  1115 E WifiChipAidlImpl: getUsableChannels failed with service-specific exception: android.os.ServiceSpecificException:  (code 4)
03-19 17:32:21.531  6067  6067 E GmsCoreLogger: Missing account for FACET_USAGE_GAIA_UNSAMPLED [CONTEXT service_id=299 ]
03-19 17:32:22.487  1898  1898 E ChimeraRcvrProxy: com.google.android.gms.backup.GmsBackupStatusChangeReceiver dropping broadcast com.google.gservices.intent.action.GSERVICES_CHANGED
03-19 17:32:24.148  1397  1397 E SmsApplication: com.google.android.apps.messaging lost android:read_cell_broadcasts:  (fixing)
03-19 17:32:24.260   723  1354 E RoleControllerServiceImpl: Default/fallback role holder package doesn't qualify for the role, package: com.google.android.gms.supervision, role: android.app.role.SYSTEM_SUPERVISION
03-19 17:32:24.300  1397  1397 E SmsApplication: com.google.android.apps.messaging lost android:read_cell_broadcasts:  (fixing)
03-19 17:32:24.321   723  1168 E system_server: No package ID 7f found for resource ID 0x7f0804cf.
03-19 17:32:24.321   723  1168 E system_server: No package ID 7f found for resource ID 0x7f140c00.
03-19 17:32:24.796   723  1354 E RoleControllerServiceImpl: Default/fallback role holder package doesn't qualify for the role, package: com.google.android.gms, role: android.app.role.SYSTEM_DEPENDENCY_INSTALLER
03-19 17:32:25.009   723  1354 E RoleControllerServiceImpl: Default/fallback role holder package doesn't qualify for the role, package: com.google.android.gms, role: android.app.role.WALLET
03-19 17:32:25.404  5777  5854 E Finsky  : [57] [Counters] attempted to use a non-positive increment for: 3703
03-19 17:32:25.705  5777  5872 E Finsky  : [64] [Counters] attempted to use a non-positive increment for: 5969
03-19 17:32:26.042   723  2368 E AppOps  : Bad call made by uid 1000. Package "com.google.android.googlequicksearchbox" does not belong to uid 1000.
03-19 17:32:26.831   723   789 E ActivityManager: Unable to freeze binder for 4207: -11
03-19 17:32:26.914  6067  6103 E IPCThreadState: Binder transaction failure. id: 420373, BR_*: 29189, error: -22 (Invalid argument)
03-19 17:32:26.991  1397  1397 E SmsApplication: com.google.android.apps.messaging lost android:read_cell_broadcasts:  (fixing)
03-19 17:32:26.992  1214  1368 E ServiceManager: error in isDeclared
03-19 17:32:26.992  1214  1368 E ServiceManager: java.lang.SecurityException: SELinux denied for service.
03-19 17:32:26.992  1214  1368 E ServiceManager: 	at android.os.Parcel.createExceptionOrNull(Parcel.java:3340)
03-19 17:32:26.992  1214  1368 E ServiceManager: 	at android.os.Parcel.createException(Parcel.java:3324)
03-19 17:32:26.992  1214  1368 E ServiceManager: 	at android.os.Parcel.readException(Parcel.java:3307)
03-19 17:32:26.992  1214  1368 E ServiceManager: 	at android.os.Parcel.readException(Parcel.java:3249)
03-19 17:32:26.992  1214  1368 E ServiceManager: 	at android.os.IServiceManager$Stub$Proxy.isDeclared(IServiceManager.java:656)
03-19 17:32:26.992  1214  1368 E ServiceManager: 	at android.os.ServiceManagerProxy.isDeclared(ServiceManagerNative.java:104)
03-19 17:32:26.992  1214  1368 E ServiceManager: 	at android.os.ServiceManager.isDeclared(ServiceManager.java:297)
03-19 17:32:26.992  1214  1368 E ServiceManager: 	at android.os.ServiceManager.waitForDeclaredService(ServiceManager.java:353)
03-19 17:32:26.992  1214  1368 E ServiceManager: 	at com.google.android.systemui.googlebattery.GoogleBatteryManager.initHalInterface(go/retraceme a8c1465d5e9c4243d45b4ac0a9a7c4cb31d83661ee484ccadd8178a2c2605b4b:16)
03-19 17:32:26.992  1214  1368 E ServiceManager: 	at com.google.android.systemui.power.batteryhealth.HealthManager$initHalInterface$2.invokeSuspend(go/retraceme a8c1465d5e9c4243d45b4ac0a9a7c4cb31d83661ee484ccadd8178a2c2605b4b:21)
03-19 17:32:26.992  1214  1368 E ServiceManager: 	at com.google.android.systemui.power.batteryhealth.HealthManager$initHalInterface$2.invoke(go/retraceme a8c1465d5e9c4243d45b4ac0a9a7c4cb31d83661ee484ccadd8178a2c2605b4b:13)
03-19 17:32:26.992  1214  1368 E ServiceManager: 	at com.google.android.systemui.power.batteryhealth.HealthManager$runOnBackground$2.invokeSuspend(go/retraceme a8c1465d5e9c4243d45b4ac0a9a7c4cb31d83661ee484ccadd8178a2c2605b4b:33)
03-19 17:32:26.992  1214  1368 E ServiceManager: 	at kotlin.coroutines.jvm.internal.BaseContinuationImpl.resumeWith(go/retraceme a8c1465d5e9c4243d45b4ac0a9a7c4cb31d83661ee484ccadd8178a2c2605b4b:8)
03-19 17:32:26.992  1214  1368 E ServiceManager: 	at kotlinx.coroutines.DispatchedTask.run(go/retraceme a8c1465d5e9c4243d45b4ac0a9a7c4cb31d83661ee484ccadd8178a2c2605b4b:112)
03-19 17:32:26.992  1214  1368 E ServiceManager: 	at java.util.concurrent.Executors$RunnableAdapter.call(Executors.java:524)
03-19 17:32:26.992  1214  1368 E ServiceManager: 	at java.util.concurrent.FutureTask.run(FutureTask.java:317)
03-19 17:32:26.992  1214  1368 E ServiceManager: 	at java.util.concurrent.ScheduledThreadPoolExecutor$ScheduledFutureTask.run(ScheduledThreadPoolExecutor.java:348)
03-19 17:32:26.992  1214  1368 E ServiceManager: 	at java.util.concurrent.ThreadPoolExecutor.runWorker(ThreadPoolExecutor.java:1156)
03-19 17:32:26.992  1214  1368 E ServiceManager: 	at java.util.concurrent.ThreadPoolExecutor$Worker.run(ThreadPoolExecutor.java:651)
03-19 17:32:26.992  1214  1368 E ServiceManager: 	at java.lang.Thread.run(Thread.java:1119)
03-19 17:32:27.104  3507  5452 E ScreenResolutionController: No support
03-19 17:32:27.161  1397  1397 E SmsApplication: com.google.android.apps.messaging lost android:read_cell_broadcasts:  (fixing)
03-19 17:32:27.217   246   255 E lowmemorykiller: process_mrelease 2345 failed: No such process
03-19 17:32:27.221  3507  4286 E ScreenResolutionController: No support
03-19 17:32:27.239   246   254 E lowmemorykiller: process_mrelease 4453 failed: No such process
03-19 17:32:27.269  6340  6340 E gs.intelligence: Not starting debugger since process cannot load the jdwp agent.
03-19 17:32:27.305   246   255 E lowmemorykiller: process_mrelease 5420 failed: No such process
03-19 17:32:27.306   246   254 E lowmemorykiller: process_mrelease 5491 failed: No such process
03-19 17:32:27.355  3507  5452 E HardwareInfoFeatureProviderImpl: Could not parse manufactured year from serial.
03-19 17:32:27.355  3507  5452 E HardwareInfoFeatureProviderImpl: java.lang.NumberFormatException: For input string: "E"
03-19 17:32:27.355  3507  5452 E HardwareInfoFeatureProviderImpl: 	at java.lang.Integer.parseInt(Integer.java:781)
03-19 17:32:27.355  3507  5452 E HardwareInfoFeatureProviderImpl: 	at java.lang.Integer.valueOf(Integer.java:1108)
03-19 17:32:27.355  3507  5452 E HardwareInfoFeatureProviderImpl: 	at com.google.android.settings.hardwareinfo.HardwareInfoFeatureProviderGoogleImpl.getManufacturedYear(HardwareInfoFeatureProviderGoogleImpl.kt:24)
03-19 17:32:27.355  3507  5452 E HardwareInfoFeatureProviderImpl: 	at com.android.settings.deviceinfo.hardwareinfo.ManufacturedYearPreferenceController.<init>(ManufacturedYearPreferenceController.kt:26)
03-19 17:32:27.355  3507  5452 E HardwareInfoFeatureProviderImpl: 	at java.lang.reflect.Constructor.newInstance0(Native Method)
03-19 17:32:27.355  3507  5452 E HardwareInfoFeatureProviderImpl: 	at java.lang.reflect.Constructor.newInstance(Constructor.java:343)
03-19 17:32:27.355  3507  5452 E HardwareInfoFeatureProviderImpl: 	at com.android.settings.core.BasePreferenceController.createInstance(BasePreferenceController.java:190)
03-19 17:32:27.355  3507  5452 E HardwareInfoFeatureProviderImpl: 	at com.android.settings.core.PreferenceControllerListHelper.getPreferenceControllersFromXml(PreferenceControllerListHelper.java:86)
03-19 17:32:27.355  3507  5452 E HardwareInfoFeatureProviderImpl: 	at com.android.settings.search.BaseSearchIndexProvider.getPreferenceControllers(BaseSearchIndexProvider.java:195)
03-19 17:32:27.355  3507  5452 E HardwareInfoFeatureProviderImpl: 	at com.android.settings.search.BaseSearchIndexProvider.getRawDataToIndex(BaseSearchIndexProvider.java:80)
03-19 17:32:27.355  3507  5452 E HardwareInfoFeatureProviderImpl: 	at com.android.settings.search.SettingsSearchIndexablesProvider.getSearchIndexableRawFromProvider(SettingsSearchIndexablesProvider.java:357)
03-19 17:32:27.355  3507  5452 E HardwareInfoFeatureProviderImpl: 	at com.android.settings.search.SettingsSearchIndexablesProvider.queryRawData(SettingsSearchIndexablesProvider.java:142)
03-19 17:32:27.355  3507  5452 E HardwareInfoFeatureProviderImpl: 	at android.provider.SearchIndexablesProvider.query(SearchIndexablesProvider.java:125)
03-19 17:32:27.355  3507  5452 E HardwareInfoFeatureProviderImpl: 	at android.content.ContentProvider.query(ContentProvider.java:1625)
03-19 17:32:27.355  3507  5452 E HardwareInfoFeatureProviderImpl: 	at android.content.ContentProvider.query(ContentProvider.java:1721)
03-19 17:32:27.355  3507  5452 E HardwareInfoFeatureProviderImpl: 	at android.content.ContentProvider$Transport.query(ContentProvider.java:296)
03-19 17:32:27.355  3507  5452 E HardwareInfoFeatureProviderImpl: 	at android.content.ContentProviderNative.onTransact(ContentProviderNative.java:107)
03-19 17:32:27.355  3507  5452 E HardwareInfoFeatureProviderImpl: 	at android.os.Binder.execTransactInternal(Binder.java:1421)
03-19 17:32:27.355  3507  5452 E HardwareInfoFeatureProviderImpl: 	at android.os.Binder.execTransact(Binder.java:1365)
03-19 17:32:27.361   723  1354 E RoleControllerServiceImpl: Default/fallback role holder package doesn't qualify for the role, package: com.google.android.gms.supervision, role: android.app.role.SYSTEM_SUPERVISION
03-19 17:32:27.390   723  1354 E RoleControllerServiceImpl: Default/fallback role holder package doesn't qualify for the role, package: com.google.android.gms, role: android.app.role.SYSTEM_DEPENDENCY_INSTALLER
03-19 17:32:27.451   723  1354 E RoleControllerServiceImpl: Default/fallback role holder package doesn't qualify for the role, package: com.google.android.gms, role: android.app.role.WALLET
03-19 17:32:27.453   246   255 E lowmemorykiller: process_mrelease 2010 failed: No such process
03-19 17:32:27.608   246   255 E lowmemorykiller: process_mrelease 5214 failed: No such process
03-19 17:32:27.743   246   255 E lowmemorykiller: process_mrelease 5962 failed: No such process
03-19 17:32:27.743   246   254 E lowmemorykiller: process_mrelease 5237 failed: No such process
03-19 17:32:27.820   246   254 E lowmemorykiller: process_mrelease 4593 failed: No such process
03-19 17:32:27.940  3507  4286 E HardwareInfoFeatureProviderImpl: Could not parse manufactured year from serial.
03-19 17:32:27.940  3507  4286 E HardwareInfoFeatureProviderImpl: java.lang.NumberFormatException: For input string: "E"
03-19 17:32:27.940  3507  4286 E HardwareInfoFeatureProviderImpl: 	at java.lang.Integer.parseInt(Integer.java:781)
03-19 17:32:27.940  3507  4286 E HardwareInfoFeatureProviderImpl: 	at java.lang.Integer.valueOf(Integer.java:1108)
03-19 17:32:27.940  3507  4286 E HardwareInfoFeatureProviderImpl: 	at com.google.android.settings.hardwareinfo.HardwareInfoFeatureProviderGoogleImpl.getManufacturedYear(HardwareInfoFeatureProviderGoogleImpl.kt:24)
03-19 17:32:27.940  3507  4286 E HardwareInfoFeatureProviderImpl: 	at com.android.settings.deviceinfo.hardwareinfo.ManufacturedYearPreferenceController.<init>(ManufacturedYearPreferenceController.kt:26)
03-19 17:32:27.940  3507  4286 E HardwareInfoFeatureProviderImpl: 	at java.lang.reflect.Constructor.newInstance0(Native Method)
03-19 17:32:27.940  3507  4286 E HardwareInfoFeatureProviderImpl: 	at java.lang.reflect.Constructor.newInstance(Constructor.java:343)
03-19 17:32:27.940  3507  4286 E HardwareInfoFeatureProviderImpl: 	at com.android.settings.core.BasePreferenceController.createInstance(BasePreferenceController.java:190)
03-19 17:32:27.940  3507  4286 E HardwareInfoFeatureProviderImpl: 	at com.android.settings.core.PreferenceControllerListHelper.getPreferenceControllersFromXml(PreferenceControllerListHelper.java:86)
03-19 17:32:27.940  3507  4286 E HardwareInfoFeatureProviderImpl: 	at com.android.settings.search.BaseSearchIndexProvider.getPreferenceControllers(BaseSearchIndexProvider.java:195)
03-19 17:32:27.940  3507  4286 E HardwareInfoFeatureProviderImpl: 	at com.android.settings.search.BaseSearchIndexProvider.getDynamicRawDataToIndex(BaseSearchIndexProvider.java:102)
03-19 17:32:27.940  3507  4286 E HardwareInfoFeatureProviderImpl: 	at com.android.settings.search.SettingsSearchIndexablesProvider.getDynamicSearchIndexableRawData(SettingsSearchIndexablesProvider.java:379)
03-19 17:32:27.940  3507  4286 E HardwareInfoFeatureProviderImpl: 	at com.android.settings.search.SettingsSearchIndexablesProvider.queryDynamicRawData(SettingsSearchIndexablesProvider.java:181)
03-19 17:32:27.940  3507  4286 E HardwareInfoFeatureProviderImpl: 	at android.provider.SearchIndexablesProvider.query(SearchIndexablesProvider.java:133)
03-19 17:32:27.940  3507  4286 E HardwareInfoFeatureProviderImpl: 	at android.content.ContentProvider.query(ContentProvider.java:1625)
03-19 17:32:27.940  3507  4286 E HardwareInfoFeatureProviderImpl: 	at android.content.ContentProvider.query(ContentProvider.java:1721)
03-19 17:32:27.940  3507  4286 E HardwareInfoFeatureProviderImpl: 	at android.content.ContentProvider$Transport.query(ContentProvider.java:296)
03-19 17:32:27.940  3507  4286 E HardwareInfoFeatureProviderImpl: 	at android.content.ContentProviderNative.onTransact(ContentProviderNative.java:107)
03-19 17:32:27.940  3507  4286 E HardwareInfoFeatureProviderImpl: 	at android.os.Binder.execTransactInternal(Binder.java:1421)
03-19 17:32:27.940  3507  4286 E HardwareInfoFeatureProviderImpl: 	at android.os.Binder.execTransact(Binder.java:1365)
03-19 17:32:27.965  6340  6355 E ashmem  : Pinning is deprecated since Android Q. Please use trim or other methods.
03-19 17:32:28.049  3507  4285 E ScreenResolutionController: No support
03-19 17:32:28.065  5777  5854 E AbstractLogEventBuilder: The provided ProductIdOrigin 3 is not one of the process-level expected values: 1 or 2
03-19 17:32:28.274  6364  6364 E d.process.acore: Not starting debugger since process cannot load the jdwp agent.
03-19 17:32:28.310  3507  4285 E HardwareInfoFeatureProviderImpl: Could not parse manufactured year from serial.
03-19 17:32:28.310  3507  4285 E HardwareInfoFeatureProviderImpl: java.lang.NumberFormatException: For input string: "E"
03-19 17:32:28.310  3507  4285 E HardwareInfoFeatureProviderImpl: 	at java.lang.Integer.parseInt(Integer.java:781)
03-19 17:32:28.310  3507  4285 E HardwareInfoFeatureProviderImpl: 	at java.lang.Integer.valueOf(Integer.java:1108)
03-19 17:32:28.310  3507  4285 E HardwareInfoFeatureProviderImpl: 	at com.google.android.settings.hardwareinfo.HardwareInfoFeatureProviderGoogleImpl.getManufacturedYear(HardwareInfoFeatureProviderGoogleImpl.kt:24)
03-19 17:32:28.310  3507  4285 E HardwareInfoFeatureProviderImpl: 	at com.android.settings.deviceinfo.hardwareinfo.ManufacturedYearPreferenceController.<init>(ManufacturedYearPreferenceController.kt:26)
03-19 17:32:28.310  3507  4285 E HardwareInfoFeatureProviderImpl: 	at java.lang.reflect.Constructor.newInstance0(Native Method)
03-19 17:32:28.310  3507  4285 E HardwareInfoFeatureProviderImpl: 	at java.lang.reflect.Constructor.newInstance(Constructor.java:343)
03-19 17:32:28.310  3507  4285 E HardwareInfoFeatureProviderImpl: 	at com.android.settings.core.BasePreferenceController.createInstance(BasePreferenceController.java:190)
03-19 17:32:28.310  3507  4285 E HardwareInfoFeatureProviderImpl: 	at com.android.settings.core.PreferenceControllerListHelper.getPreferenceControllersFromXml(PreferenceControllerListHelper.java:86)
03-19 17:32:28.310  3507  4285 E HardwareInfoFeatureProviderImpl: 	at com.android.settings.search.BaseSearchIndexProvider.getPreferenceControllers(BaseSearchIndexProvider.java:195)
03-19 17:32:28.310  3507  4285 E HardwareInfoFeatureProviderImpl: 	at com.android.settings.search.BaseSearchIndexProvider.updateNonIndexableKeysFromControllers(BaseSearchIndexProvider.java:142)
03-19 17:32:28.310  3507  4285 E HardwareInfoFeatureProviderImpl: 	at com.android.settings.search.BaseSearchIndexProvider.getNonIndexableKeys(BaseSearchIndexProvider.java:136)
03-19 17:32:28.310  3507  4285 E HardwareInfoFeatureProviderImpl: 	at com.android.settings.search.SettingsSearchIndexablesProvider.getNonIndexableKeysFromProvider(SettingsSearchIndexablesProvider.java:285)
03-19 17:32:28.310  3507  4285 E HardwareInfoFeatureProviderImpl: 	at com.android.settings.search.SettingsSearchIndexablesProvider.queryNonIndexableKeys(SettingsSearchIndexablesProvider.java:158)
03-19 17:32:28.310  3507  4285 E HardwareInfoFeatureProviderImpl: 	at android.provider.SearchIndexablesProvider.query(SearchIndexablesProvider.java:127)
03-19 17:32:28.310  3507  4285 E HardwareInfoFeatureProviderImpl: 	at android.content.ContentProvider.query(ContentProvider.java:1625)
03-19 17:32:28.310  3507  4285 E HardwareInfoFeatureProviderImpl: 	at android.content.ContentProvider.query(ContentProvider.java:1721)
03-19 17:32:28.310  3507  4285 E HardwareInfoFeatureProviderImpl: 	at android.content.ContentProvider$Transport.query(ContentProvider.java:296)
03-19 17:32:28.310  3507  4285 E HardwareInfoFeatureProviderImpl: 	at android.content.ContentProviderNative.onTransact(ContentProviderNative.java:107)
03-19 17:32:28.310  3507  4285 E HardwareInfoFeatureProviderImpl: 	at android.os.Binder.execTransactInternal(Binder.java:1421)
03-19 17:32:28.310  3507  4285 E HardwareInfoFeatureProviderImpl: 	at android.os.Binder.execTransact(Binder.java:1365)
03-19 17:32:28.368  3507  4286 E ScreenResolutionController: No support
03-19 17:32:28.469  3507  4285 E SystemServiceRegistry: No service published for: ethernet
03-19 17:32:28.469  3507  4285 E SystemServiceRegistry: android.os.ServiceManager$ServiceNotFoundException: No service published for: ethernet
03-19 17:32:28.469  3507  4285 E SystemServiceRegistry: 	at android.os.ServiceManager.getServiceOrThrow(ServiceManager.java:203)
03-19 17:32:28.469  3507  4285 E SystemServiceRegistry: 	at android.app.SystemServiceRegistry$149.createService(SystemServiceRegistry.java:2232)
03-19 17:32:28.469  3507  4285 E SystemServiceRegistry: 	at android.app.SystemServiceRegistry$CachedServiceFetcher.getService(SystemServiceRegistry.java:2343)
03-19 17:32:28.469  3507  4285 E SystemServiceRegistry: 	at android.app.SystemServiceRegistry.getSystemService(SystemServiceRegistry.java:1918)
03-19 17:32:28.469  3507  4285 E SystemServiceRegistry: 	at android.app.ContextImpl.getSystemService(ContextImpl.java:2315)
03-19 17:32:28.469  3507  4285 E SystemServiceRegistry: 	at android.content.ContextWrapper.getSystemService(ContextWrapper.java:964)
03-19 17:32:28.469  3507  4285 E SystemServiceRegistry: 	at android.content.Context.getSystemService(Context.java:4630)
03-19 17:32:28.469  3507  4285 E SystemServiceRegistry: 	at com.android.settings.network.tether.TetherSettings$2.getNonIndexableKeys(TetherSettings.java:673)
03-19 17:32:28.469  3507  4285 E SystemServiceRegistry: 	at com.android.settings.search.SettingsSearchIndexablesProvider.getNonIndexableKeysFromProvider(SettingsSearchIndexablesProvider.java:285)
03-19 17:32:28.469  3507  4285 E SystemServiceRegistry: 	at com.android.settings.search.SettingsSearchIndexablesProvider.queryNonIndexableKeys(SettingsSearchIndexablesProvider.java:158)
03-19 17:32:28.469  3507  4285 E SystemServiceRegistry: 	at android.provider.SearchIndexablesProvider.query(SearchIndexablesProvider.java:127)
03-19 17:32:28.469  3507  4285 E SystemServiceRegistry: 	at android.content.ContentProvider.query(ContentProvider.java:1625)
03-19 17:32:28.469  3507  4285 E SystemServiceRegistry: 	at android.content.ContentProvider.query(ContentProvider.java:1721)
03-19 17:32:28.469  3507  4285 E SystemServiceRegistry: 	at android.content.ContentProvider$Transport.query(ContentProvider.java:296)
03-19 17:32:28.469  3507  4285 E SystemServiceRegistry: 	at android.content.ContentProviderNative.onTransact(ContentProviderNative.java:107)
03-19 17:32:28.469  3507  4285 E SystemServiceRegistry: 	at android.os.Binder.execTransactInternal(Binder.java:1421)
03-19 17:32:28.469  3507  4285 E SystemServiceRegistry: 	at android.os.Binder.execTransact(Binder.java:1365)
03-19 17:32:28.484  6364  6391 E ashmem  : Pinning is deprecated since Android Q. Please use trim or other methods.
03-19 17:32:28.511  3507  4288 E ScreenResolutionController: No support
03-19 17:32:28.606  3507  4288 E HardwareInfoFeatureProviderImpl: Could not parse manufactured year from serial.
03-19 17:32:28.606  3507  4288 E HardwareInfoFeatureProviderImpl: java.lang.NumberFormatException: For input string: "E"
03-19 17:32:28.606  3507  4288 E HardwareInfoFeatureProviderImpl: 	at java.lang.Integer.parseInt(Integer.java:781)
03-19 17:32:28.606  3507  4288 E HardwareInfoFeatureProviderImpl: 	at java.lang.Integer.valueOf(Integer.java:1108)
03-19 17:32:28.606  3507  4288 E HardwareInfoFeatureProviderImpl: 	at com.google.android.settings.hardwareinfo.HardwareInfoFeatureProviderGoogleImpl.getManufacturedYear(HardwareInfoFeatureProviderGoogleImpl.kt:24)
03-19 17:32:28.606  3507  4288 E HardwareInfoFeatureProviderImpl: 	at com.android.settings.deviceinfo.hardwareinfo.ManufacturedYearPreferenceController.<init>(ManufacturedYearPreferenceController.kt:26)
03-19 17:32:28.606  3507  4288 E HardwareInfoFeatureProviderImpl: 	at java.lang.reflect.Constructor.newInstance0(Native Method)
03-19 17:32:28.606  3507  4288 E HardwareInfoFeatureProviderImpl: 	at java.lang.reflect.Constructor.newInstance(Constructor.java:343)
03-19 17:32:28.606  3507  4288 E HardwareInfoFeatureProviderImpl: 	at com.android.settings.core.BasePreferenceController.createInstance(BasePreferenceController.java:190)
03-19 17:32:28.606  3507  4288 E HardwareInfoFeatureProviderImpl: 	at com.android.settings.core.PreferenceControllerListHelper.getPreferenceControllersFromXml(PreferenceControllerListHelper.java:86)
03-19 17:32:28.606  3507  4288 E HardwareInfoFeatureProviderImpl: 	at com.android.settings.search.BaseSearchIndexProvider.getPreferenceControllers(BaseSearchIndexProvider.java:195)
03-19 17:32:28.606  3507  4288 E HardwareInfoFeatureProviderImpl: 	at com.android.settings.search.BaseSearchIndexProvider.getRawDataToIndex(BaseSearchIndexProvider.java:80)
03-19 17:32:28.606  3507  4288 E HardwareInfoFeatureProviderImpl: 	at com.android.settings.search.SettingsSearchIndexablesProvider.getSearchIndexableRawFromProvider(SettingsSearchIndexablesProvider.java:357)
03-19 17:32:28.606  3507  4288 E HardwareInfoFeatureProviderImpl: 	at com.android.settings.search.SettingsSearchIndexablesProvider.queryRawData(SettingsSearchIndexablesProvider.java:142)
03-19 17:32:28.606  3507  4288 E HardwareInfoFeatureProviderImpl: 	at android.provider.SearchIndexablesProvider.query(SearchIndexablesProvider.java:125)
03-19 17:32:28.606  3507  4288 E HardwareInfoFeatureProviderImpl: 	at android.content.ContentProvider.query(ContentProvider.java:1625)
03-19 17:32:28.606  3507  4288 E HardwareInfoFeatureProviderImpl: 	at android.content.ContentProvider.query(ContentProvider.java:1721)
03-19 17:32:28.606  3507  4288 E HardwareInfoFeatureProviderImpl: 	at android.content.ContentProvider$Transport.query(ContentProvider.java:296)
03-19 17:32:28.606  3507  4288 E HardwareInfoFeatureProviderImpl: 	at android.content.ContentProviderNative.onTransact(ContentProviderNative.java:107)
03-19 17:32:28.606  3507  4288 E HardwareInfoFeatureProviderImpl: 	at android.os.Binder.execTransactInternal(Binder.java:1421)
03-19 17:32:28.606  3507  4288 E HardwareInfoFeatureProviderImpl: 	at android.os.Binder.execTransact(Binder.java:1365)
03-19 17:32:28.615  3507  4427 E ScreenResolutionController: No support
03-19 17:32:28.745  3507  4427 E HardwareInfoFeatureProviderImpl: Could not parse manufactured year from serial.
03-19 17:32:28.745  3507  4427 E HardwareInfoFeatureProviderImpl: java.lang.NumberFormatException: For input string: "E"
03-19 17:32:28.745  3507  4427 E HardwareInfoFeatureProviderImpl: 	at java.lang.Integer.parseInt(Integer.java:781)
03-19 17:32:28.745  3507  4427 E HardwareInfoFeatureProviderImpl: 	at java.lang.Integer.valueOf(Integer.java:1108)
03-19 17:32:28.745  3507  4427 E HardwareInfoFeatureProviderImpl: 	at com.google.android.settings.hardwareinfo.HardwareInfoFeatureProviderGoogleImpl.getManufacturedYear(HardwareInfoFeatureProviderGoogleImpl.kt:24)
03-19 17:32:28.745  3507  4427 E HardwareInfoFeatureProviderImpl: 	at com.android.settings.deviceinfo.hardwareinfo.ManufacturedYearPreferenceController.<init>(ManufacturedYearPreferenceController.kt:26)
03-19 17:32:28.745  3507  4427 E HardwareInfoFeatureProviderImpl: 	at java.lang.reflect.Constructor.newInstance0(Native Method)
03-19 17:32:28.745  3507  4427 E HardwareInfoFeatureProviderImpl: 	at java.lang.reflect.Constructor.newInstance(Constructor.java:343)
03-19 17:32:28.745  3507  4427 E HardwareInfoFeatureProviderImpl: 	at com.android.settings.core.BasePreferenceController.createInstance(BasePreferenceController.java:190)
03-19 17:32:28.745  3507  4427 E HardwareInfoFeatureProviderImpl: 	at com.android.settings.core.PreferenceControllerListHelper.getPreferenceControllersFromXml(PreferenceControllerListHelper.java:86)
03-19 17:32:28.745  3507  4427 E HardwareInfoFeatureProviderImpl: 	at com.android.settings.search.BaseSearchIndexProvider.getPreferenceControllers(BaseSearchIndexProvider.java:195)
03-19 17:32:28.745  3507  4427 E HardwareInfoFeatureProviderImpl: 	at com.android.settings.search.BaseSearchIndexProvider.getDynamicRawDataToIndex(BaseSearchIndexProvider.java:102)
03-19 17:32:28.745  3507  4427 E HardwareInfoFeatureProviderImpl: 	at com.android.settings.search.SettingsSearchIndexablesProvider.getDynamicSearchIndexableRawData(SettingsSearchIndexablesProvider.java:379)
03-19 17:32:28.745  3507  4427 E HardwareInfoFeatureProviderImpl: 	at com.android.settings.search.SettingsSearchIndexablesProvider.queryDynamicRawData(SettingsSearchIndexablesProvider.java:181)
03-19 17:32:28.745  3507  4427 E HardwareInfoFeatureProviderImpl: 	at android.provider.SearchIndexablesProvider.query(SearchIndexablesProvider.java:133)
03-19 17:32:28.745  3507  4427 E HardwareInfoFeatureProviderImpl: 	at android.content.ContentProvider.query(ContentProvider.java:1625)
03-19 17:32:28.745  3507  4427 E HardwareInfoFeatureProviderImpl: 	at android.content.ContentProvider.query(ContentProvider.java:1721)
03-19 17:32:28.745  3507  4427 E HardwareInfoFeatureProviderImpl: 	at android.content.ContentProvider$Transport.query(ContentProvider.java:296)
03-19 17:32:28.745  3507  4427 E HardwareInfoFeatureProviderImpl: 	at android.content.ContentProviderNative.onTransact(ContentProviderNative.java:107)
03-19 17:32:28.745  3507  4427 E HardwareInfoFeatureProviderImpl: 	at android.os.Binder.execTransactInternal(Binder.java:1421)
03-19 17:32:28.745  3507  4427 E HardwareInfoFeatureProviderImpl: 	at android.os.Binder.execTransact(Binder.java:1365)
03-19 17:32:28.784  3507  4287 E ScreenResolutionController: No support
03-19 17:32:28.884  3507  4285 E ConvertToEsimPreference: Fail to check pSIM conversion supported carrier: Attempt to invoke virtual method 'boolean android.telephony.euicc.EuiccManager.isPsimConversionSupported(int)' on a null object reference
03-19 17:32:28.890  3507  4285 E ConvertToEsimPreference: Fail to check pSIM conversion supported carrier: Attempt to invoke virtual method 'boolean android.telephony.euicc.EuiccManager.isPsimConversionSupported(int)' on a null object reference
03-19 17:32:29.013  3507  4287 E HardwareInfoFeatureProviderImpl: Could not parse manufactured year from serial.
03-19 17:32:29.013  3507  4287 E HardwareInfoFeatureProviderImpl: java.lang.NumberFormatException: For input string: "E"
03-19 17:32:29.013  3507  4287 E HardwareInfoFeatureProviderImpl: 	at java.lang.Integer.parseInt(Integer.java:781)
03-19 17:32:29.013  3507  4287 E HardwareInfoFeatureProviderImpl: 	at java.lang.Integer.valueOf(Integer.java:1108)
03-19 17:32:29.013  3507  4287 E HardwareInfoFeatureProviderImpl: 	at com.google.android.settings.hardwareinfo.HardwareInfoFeatureProviderGoogleImpl.getManufacturedYear(HardwareInfoFeatureProviderGoogleImpl.kt:24)
03-19 17:32:29.013  3507  4287 E HardwareInfoFeatureProviderImpl: 	at com.android.settings.deviceinfo.hardwareinfo.ManufacturedYearPreferenceController.<init>(ManufacturedYearPreferenceController.kt:26)
03-19 17:32:29.013  3507  4287 E HardwareInfoFeatureProviderImpl: 	at java.lang.reflect.Constructor.newInstance0(Native Method)
03-19 17:32:29.013  3507  4287 E HardwareInfoFeatureProviderImpl: 	at java.lang.reflect.Constructor.newInstance(Constructor.java:343)
03-19 17:32:29.013  3507  4287 E HardwareInfoFeatureProviderImpl: 	at com.android.settings.core.BasePreferenceController.createInstance(BasePreferenceController.java:190)
03-19 17:32:29.013  3507  4287 E HardwareInfoFeatureProviderImpl: 	at com.android.settings.core.PreferenceControllerListHelper.getPreferenceControllersFromXml(PreferenceControllerListHelper.java:86)
03-19 17:32:29.013  3507  4287 E HardwareInfoFeatureProviderImpl: 	at com.android.settings.search.BaseSearchIndexProvider.getPreferenceControllers(BaseSearchIndexProvider.java:195)
03-19 17:32:29.013  3507  4287 E HardwareInfoFeatureProviderImpl: 	at com.android.settings.search.BaseSearchIndexProvider.updateNonIndexableKeysFromControllers(BaseSearchIndexProvider.java:142)
03-19 17:32:29.013  3507  4287 E HardwareInfoFeatureProviderImpl: 	at com.android.settings.search.BaseSearchIndexProvider.getNonIndexableKeys(BaseSearchIndexProvider.java:136)
03-19 17:32:29.013  3507  4287 E HardwareInfoFeatureProviderImpl: 	at com.android.settings.search.SettingsSearchIndexablesProvider.getNonIndexableKeysFromProvider(SettingsSearchIndexablesProvider.java:285)
03-19 17:32:29.013  3507  4287 E HardwareInfoFeatureProviderImpl: 	at com.android.settings.search.SettingsSearchIndexablesProvider.queryNonIndexableKeys(SettingsSearchIndexablesProvider.java:158)
03-19 17:32:29.013  3507  4287 E HardwareInfoFeatureProviderImpl: 	at android.provider.SearchIndexablesProvider.query(SearchIndexablesProvider.java:127)
03-19 17:32:29.013  3507  4287 E HardwareInfoFeatureProviderImpl: 	at android.content.ContentProvider.query(ContentProvider.java:1625)
03-19 17:32:29.013  3507  4287 E HardwareInfoFeatureProviderImpl: 	at android.content.ContentProvider.query(ContentProvider.java:1721)
03-19 17:32:29.013  3507  4287 E HardwareInfoFeatureProviderImpl: 	at android.content.ContentProvider$Transport.query(ContentProvider.java:296)
03-19 17:32:29.013  3507  4287 E HardwareInfoFeatureProviderImpl: 	at android.content.ContentProviderNative.onTransact(ContentProviderNative.java:107)
03-19 17:32:29.013  3507  4287 E HardwareInfoFeatureProviderImpl: 	at android.os.Binder.execTransactInternal(Binder.java:1421)
03-19 17:32:29.013  3507  4287 E HardwareInfoFeatureProviderImpl: 	at android.os.Binder.execTransact(Binder.java:1365)
03-19 17:32:29.101  3507  4427 E ScreenResolutionController: No support
03-19 17:32:29.110  3507  4285 E ScreenResolutionController: No support
03-19 17:32:29.214  3507  4287 E SystemServiceRegistry: No service published for: ethernet
03-19 17:32:29.214  3507  4287 E SystemServiceRegistry: android.os.ServiceManager$ServiceNotFoundException: No service published for: ethernet
03-19 17:32:29.214  3507  4287 E SystemServiceRegistry: 	at android.os.ServiceManager.getServiceOrThrow(ServiceManager.java:203)
03-19 17:32:29.214  3507  4287 E SystemServiceRegistry: 	at android.app.SystemServiceRegistry$149.createService(SystemServiceRegistry.java:2232)
03-19 17:32:29.214  3507  4287 E SystemServiceRegistry: 	at android.app.SystemServiceRegistry$CachedServiceFetcher.getService(SystemServiceRegistry.java:2343)
03-19 17:32:29.214  3507  4287 E SystemServiceRegistry: 	at android.app.SystemServiceRegistry.getSystemService(SystemServiceRegistry.java:1918)
03-19 17:32:29.214  3507  4287 E SystemServiceRegistry: 	at android.app.ContextImpl.getSystemService(ContextImpl.java:2315)
03-19 17:32:29.214  3507  4287 E SystemServiceRegistry: 	at android.content.ContextWrapper.getSystemService(ContextWrapper.java:964)
03-19 17:32:29.214  3507  4287 E SystemServiceRegistry: 	at android.content.Context.getSystemService(Context.java:4630)
03-19 17:32:29.214  3507  4287 E SystemServiceRegistry: 	at com.android.settings.network.tether.TetherSettings$2.getNonIndexableKeys(TetherSettings.java:673)
03-19 17:32:29.214  3507  4287 E SystemServiceRegistry: 	at com.android.settings.search.SettingsSearchIndexablesProvider.getNonIndexableKeysFromProvider(SettingsSearchIndexablesProvider.java:285)
03-19 17:32:29.214  3507  4287 E SystemServiceRegistry: 	at com.android.settings.search.SettingsSearchIndexablesProvider.queryNonIndexableKeys(SettingsSearchIndexablesProvider.java:158)
03-19 17:32:29.214  3507  4287 E SystemServiceRegistry: 	at android.provider.SearchIndexablesProvider.query(SearchIndexablesProvider.java:127)
03-19 17:32:29.214  3507  4287 E SystemServiceRegistry: 	at android.content.ContentProvider.query(ContentProvider.java:1625)
03-19 17:32:29.214  3507  4287 E SystemServiceRegistry: 	at android.content.ContentProvider.query(ContentProvider.java:1721)
03-19 17:32:29.214  3507  4287 E SystemServiceRegistry: 	at android.content.ContentProvider$Transport.query(ContentProvider.java:296)
03-19 17:32:29.214  3507  4287 E SystemServiceRegistry: 	at android.content.ContentProviderNative.onTransact(ContentProviderNative.java:107)
03-19 17:32:29.214  3507  4287 E SystemServiceRegistry: 	at android.os.Binder.execTransactInternal(Binder.java:1421)
03-19 17:32:29.214  3507  4287 E SystemServiceRegistry: 	at android.os.Binder.execTransact(Binder.java:1365)
03-19 17:32:29.495  3507  4287 E ConvertToEsimPreference: Fail to check pSIM conversion supported carrier: Attempt to invoke virtual method 'boolean android.telephony.euicc.EuiccManager.isPsimConversionSupported(int)' on a null object reference
03-19 17:32:29.496  3507  4287 E ConvertToEsimPreference: Fail to check pSIM conversion supported carrier: Attempt to invoke virtual method 'boolean android.telephony.euicc.EuiccManager.isPsimConversionSupported(int)' on a null object reference
03-19 17:32:29.571  3507  5407 E WifiScanner: listener does not exist
03-19 17:32:29.614  3507  4287 E ScreenResolutionController: No support
03-19 17:32:29.638   723  1352 E WifiService: Attempt to retrieve passpoint with invalid scanResult List
03-19 17:32:29.849  6429  6429 E android.traceur: Not starting debugger since process cannot load the jdwp agent.
03-19 17:32:29.884  6452  6452 E oadcastreceiver: Not starting debugger since process cannot load the jdwp agent.
03-19 17:32:29.919  6464  6464 E .android.gms.ui: Not starting debugger since process cannot load the jdwp agent.
03-19 17:32:29.935  6473  6473 E earchbox:search: Not starting debugger since process cannot load the jdwp agent.
03-19 17:32:30.013  6489  6489 E marvin.talkback: Not starting debugger since process cannot load the jdwp agent.
03-19 17:32:30.030  6488  6488 E nect.controller: Not starting debugger since process cannot load the jdwp agent.
03-19 17:32:30.110  6485  6485 E .apps.safetyhub: Not starting debugger since process cannot load the jdwp agent.
03-19 17:32:30.110  6448  6448 E ty.switchaccess: Not starting debugger since process cannot load the jdwp agent.
03-19 17:32:30.138  6452  6535 E ashmem  : Pinning is deprecated since Android Q. Please use trim or other methods.
03-19 17:32:30.244  6429  6463 E ashmem  : Pinning is deprecated since Android Q. Please use trim or other methods.
03-19 17:32:30.749  6489  6499 E IndexablesProvider: Provider querying exception:
03-19 17:32:30.749  6489  6499 E IndexablesProvider: java.lang.IllegalStateException: We need to initialize FormFactorUtils before checking the type of form factor.
03-19 17:32:30.749  6489  6499 E IndexablesProvider: 	at com.google.android.accessibility.utils.FormFactorUtils.isAndroidWear(PG:12)
03-19 17:32:30.749  6489  6499 E IndexablesProvider: 	at com.google.android.accessibility.talkback.preference.search.TalkBackSearchIndexablesProvider.queryRawData(PG:16)
03-19 17:32:30.749  6489  6499 E IndexablesProvider: 	at com.google.android.settings.search.SearchIndexablesProvider.query(PG:36)
03-19 17:32:30.749  6489  6499 E IndexablesProvider: 	at android.content.ContentProvider.query(ContentProvider.java:1625)
03-19 17:32:30.749  6489  6499 E IndexablesProvider: 	at android.content.ContentProvider.query(ContentProvider.java:1721)
03-19 17:32:30.749  6489  6499 E IndexablesProvider: 	at android.content.ContentProvider$Transport.query(ContentProvider.java:296)
03-19 17:32:30.749  6489  6499 E IndexablesProvider: 	at android.content.ContentProviderNative.onTransact(ContentProviderNative.java:107)
03-19 17:32:30.749  6489  6499 E IndexablesProvider: 	at android.os.Binder.execTransactInternal(Binder.java:1421)
03-19 17:32:30.749  6489  6499 E IndexablesProvider: 	at android.os.Binder.execTransact(Binder.java:1365)
03-19 17:32:30.759  6489  6611 E ashmem  : Pinning is deprecated since Android Q. Please use trim or other methods.
03-19 17:32:31.445  6473  6681 E ashmem  : Pinning is deprecated since Android Q. Please use trim or other methods.
03-19 17:32:31.523  5777  5873 E Finsky  : [65] AU2: RequiredVehicleState is missing.
03-19 17:32:31.523  5777  5873 E Finsky  : [65] AU2: RequiredBatteryLevel is missing.
03-19 17:32:31.529  5777  5873 E Finsky  : [65] AU2: RequiredVehicleState is missing.
03-19 17:32:31.530  5777  5873 E Finsky  : [65] AU2: RequiredVehicleState is missing.
03-19 17:32:31.530  5777  5873 E Finsky  : [65] AU2: RequiredBatteryLevel is missing.
03-19 17:32:31.530  5777  5873 E Finsky  : [65] AU2: RequiredVehicleState is missing.
03-19 17:32:31.530  5777  5873 E Finsky  : [65] AU2: RequiredVehicleState is missing.
03-19 17:32:31.530  5777  5873 E Finsky  : [65] AU2: RequiredBatteryLevel is missing.
03-19 17:32:31.532  5777  5873 E Finsky  : [65] AU2: RequiredVehicleState is missing.
03-19 17:32:31.533  5777  5873 E Finsky  : [65] AU2: RequiredVehicleState is missing.
03-19 17:32:31.533  5777  5873 E Finsky  : [65] AU2: RequiredBatteryLevel is missing.
03-19 17:32:31.533  5777  5873 E Finsky  : [65] AU2: RequiredVehicleState is missing.
03-19 17:32:31.533  5777  5873 E Finsky  : [65] AU2: RequiredVehicleState is missing.
03-19 17:32:31.534  5777  5873 E Finsky  : [65] AU2: RequiredBatteryLevel is missing.
03-19 17:32:31.534  5777  5873 E Finsky  : [65] AU2: RequiredVehicleState is missing.
03-19 17:32:31.535  5777  5873 E Finsky  : [65] AU2: RequiredVehicleState is missing.
03-19 17:32:31.535  5777  5873 E Finsky  : [65] AU2: RequiredBatteryLevel is missing.
03-19 17:32:31.536  5777  5873 E Finsky  : [65] AU2: RequiredVehicleState is missing.
03-19 17:32:31.536  5777  5873 E Finsky  : [65] AU2: RequiredVehicleState is missing.
03-19 17:32:31.536  5777  5873 E Finsky  : [65] AU2: RequiredBatteryLevel is missing.
03-19 17:32:31.537  5777  5873 E Finsky  : [65] AU2: RequiredVehicleState is missing.
03-19 17:32:31.537  5777  5873 E Finsky  : [65] AU2: RequiredVehicleState is missing.
03-19 17:32:31.537  5777  5873 E Finsky  : [65] AU2: RequiredBatteryLevel is missing.
03-19 17:32:31.537  5777  5873 E Finsky  : [65] AU2: RequiredVehicleState is missing.
03-19 17:32:31.537  5777  5873 E Finsky  : [65] AU2: RequiredBatteryLevel is missing.
03-19 17:32:31.538  5777  5873 E Finsky  : [65] AU2: RequiredVehicleState is missing.
03-19 17:32:31.538  5777  5873 E Finsky  : [65] AU2: RequiredVehicleState is missing.
03-19 17:32:31.538  5777  5873 E Finsky  : [65] AU2: RequiredInteractivityState is missing.
03-19 17:32:31.538  5777  5873 E Finsky  : [65] AU2: RequiredBatteryLevel is missing.
03-19 17:32:31.538  5777  5873 E Finsky  : [65] AU2: RequiredVehicleState is missing.
03-19 17:32:31.538  5777  5873 E Finsky  : [65] AU2: RequiredBatteryLevel is missing.
03-19 17:32:31.539  5777  5873 E Finsky  : [65] AU2: RequiredVehicleState is missing.
03-19 17:32:31.540  5777  5873 E Finsky  : [65] AU2: RequiredVehicleState is missing.
03-19 17:32:31.540  5777  5873 E Finsky  : [65] AU2: RequiredBatteryLevel is missing.
03-19 17:32:31.540  5777  5873 E Finsky  : [65] AU2: RequiredVehicleState is missing.
03-19 17:32:31.541  5777  5873 E Finsky  : [65] AU2: RequiredVehicleState is missing.
03-19 17:32:31.541  5777  5873 E Finsky  : [65] AU2: RequiredBatteryLevel is missing.
03-19 17:32:31.541  5777  5873 E Finsky  : [65] AU2: RequiredVehicleState is missing.
03-19 17:32:31.541  5777  5873 E Finsky  : [65] AU2: RequiredVehicleState is missing.
03-19 17:32:31.541  5777  5873 E Finsky  : [65] AU2: RequiredBatteryLevel is missing.
03-19 17:32:31.541  5777  5873 E Finsky  : [65] AU2: RequiredVehicleState is missing.
03-19 17:32:31.541  5777  5873 E Finsky  : [65] AU2: RequiredVehicleState is missing.
03-19 17:32:31.541  5777  5873 E Finsky  : [65] AU2: RequiredBatteryLevel is missing.
03-19 17:32:31.542  5777  5873 E Finsky  : [65] AU2: RequiredVehicleState is missing.
03-19 17:32:31.542  5777  5873 E Finsky  : [65] AU2: RequiredVehicleState is missing.
03-19 17:32:31.543  5777  5873 E Finsky  : [65] AU2: RequiredBatteryLevel is missing.
03-19 17:32:31.543  5777  5873 E Finsky  : [65] AU2: RequiredVehicleState is missing.
03-19 17:32:31.544  5777  5873 E Finsky  : [65] AU2: RequiredVehicleState is missing.
03-19 17:32:31.544  5777  5873 E Finsky  : [65] AU2: RequiredBatteryLevel is missing.
03-19 17:32:31.544  5777  5873 E Finsky  : [65] AU2: RequiredVehicleState is missing.
03-19 17:32:31.544  5777  5873 E Finsky  : [65] AU2: RequiredBatteryLevel is missing.
03-19 17:32:31.545  5777  5873 E Finsky  : [65] AU2: RequiredVehicleState is missing.
03-19 17:32:31.545  5777  5873 E Finsky  : [65] AU2: RequiredVehicleState is missing.
03-19 17:32:31.545  5777  5873 E Finsky  : [65] AU2: RequiredBatteryLevel is missing.
03-19 17:32:31.548  5777  5873 E Finsky  : [65] AU2: RequiredVehicleState is missing.
03-19 17:32:31.549  5777  5873 E Finsky  : [65] AU2: RequiredVehicleState is missing.
03-19 17:32:31.549  5777  5873 E Finsky  : [65] AU2: RequiredBatteryLevel is missing.
03-19 17:32:31.549  5777  5873 E Finsky  : [65] AU2: RequiredVehicleState is missing.
03-19 17:32:31.550  5777  5873 E Finsky  : [65] AU2: RequiredVehicleState is missing.
03-19 17:32:31.550  5777  5873 E Finsky  : [65] AU2: RequiredBatteryLevel is missing.
03-19 17:32:31.551  5777  5873 E Finsky  : [65] AU2: RequiredVehicleState is missing.
03-19 17:32:31.553  5777  5873 E Finsky  : [65] AU2: RequiredVehicleState is missing.
03-19 17:32:31.555  5777  5873 E Finsky  : [65] AU2: RequiredBatteryLevel is missing.
03-19 17:32:31.556  5777  5873 E Finsky  : [65] AU2: RequiredVehicleState is missing.
03-19 17:32:31.557  5777  5873 E Finsky  : [65] AU2: RequiredVehicleState is missing.
03-19 17:32:31.557  5777  5873 E Finsky  : [65] AU2: RequiredBatteryLevel is missing.
03-19 17:32:31.558  5777  5873 E Finsky  : [65] AU2: RequiredVehicleState is missing.
03-19 17:32:31.558  5777  5873 E Finsky  : [65] AU2: RequiredVehicleState is missing.
03-19 17:32:31.558  5777  5873 E Finsky  : [65] AU2: RequiredBatteryLevel is missing.
03-19 17:32:31.558  5777  5873 E Finsky  : [65] AU2: RequiredVehicleState is missing.
03-19 17:32:31.943  6464  6706 E ashmem  : Pinning is deprecated since Android Q. Please use trim or other methods.
03-19 17:32:32.631  6776  6776 E d.configupdater: Not starting debugger since process cannot load the jdwp agent.
03-19 17:32:32.884  6776  6776 E ashmem  : Pinning is deprecated since Android Q. Please use trim or other methods.
03-19 17:32:32.893  6776  6776 E ConfigUpdater: Content URL or Metadata URL from flag is empty, ignoring flag change.
03-19 17:32:32.936  6776  6776 E ConfigUpdater: Content URL or Metadata URL from flag is empty, ignoring flag change.
03-19 17:32:32.946  6776  6776 E ConfigUpdater: Content URL or Metadata URL from flag is empty, ignoring flag change.
03-19 17:32:33.355  6340  6377 E gs.intelligence: No package ID ff found for resource ID 0xffffffff.
03-19 17:32:33.356  6340  6377 E gs.intelligence: No package ID ff found for resource ID 0xffffffff.
03-19 17:32:33.356  6340  6377 E gs.intelligence: No package ID ff found for resource ID 0xffffffff.
03-19 17:32:33.356  6340  6377 E gs.intelligence: No package ID ff found for resource ID 0xffffffff.
03-19 17:32:33.356  6340  6377 E gs.intelligence: No package ID ff found for resource ID 0xffffffff.
03-19 17:32:33.356  6340  6377 E gs.intelligence: No package ID ff found for resource ID 0xffffffff.
03-19 17:32:33.356  6340  6377 E gs.intelligence: No package ID ff found for resource ID 0xffffffff.
03-19 17:32:33.361  6340  6377 E gs.intelligence: No package ID ff found for resource ID 0xffffffff.
03-19 17:32:33.361  6340  6377 E gs.intelligence: No package ID ff found for resource ID 0xffffffff.
03-19 17:32:33.361  6340  6377 E gs.intelligence: No package ID ff found for resource ID 0xffffffff.
03-19 17:32:33.361  6340  6377 E gs.intelligence: No package ID ff found for resource ID 0xffffffff.
03-19 17:32:33.361  6340  6377 E gs.intelligence: No package ID ff found for resource ID 0xffffffff.
03-19 17:32:33.361  6340  6377 E gs.intelligence: No package ID ff found for resource ID 0xffffffff.
03-19 17:32:33.362  6340  6377 E gs.intelligence: No package ID ff found for resource ID 0xffffffff.
03-19 17:32:33.362  6340  6377 E gs.intelligence: No package ID ff found for resource ID 0xffffffff.
03-19 17:32:33.362  6340  6377 E gs.intelligence: No package ID ff found for resource ID 0xffffffff.
03-19 17:32:33.365  6340  6377 E gs.intelligence: No package ID ff found for resource ID 0xffffffff.
03-19 17:32:33.365  6340  6377 E gs.intelligence: No package ID ff found for resource ID 0xffffffff.
03-19 17:32:33.365  6340  6377 E gs.intelligence: No package ID ff found for resource ID 0xffffffff.
03-19 17:32:33.366  6340  6377 E gs.intelligence: No package ID ff found for resource ID 0xffffffff.
03-19 17:32:33.366  6340  6377 E gs.intelligence: No package ID ff found for resource ID 0xffffffff.
03-19 17:32:33.366  6340  6377 E gs.intelligence: No package ID ff found for resource ID 0xffffffff.
03-19 17:32:33.367  6340  6377 E gs.intelligence: No package ID ff found for resource ID 0xffffffff.
03-19 17:32:33.367  6340  6377 E gs.intelligence: No package ID ff found for resource ID 0xffffffff.
03-19 17:32:33.367  6340  6377 E gs.intelligence: No package ID ff found for resource ID 0xffffffff.
03-19 17:32:33.367  6340  6377 E gs.intelligence: No package ID ff found for resource ID 0xffffffff.
03-19 17:32:33.367  6340  6377 E gs.intelligence: No package ID ff found for resource ID 0xffffffff.
03-19 17:32:33.367  6340  6377 E gs.intelligence: No package ID ff found for resource ID 0xffffffff.
03-19 17:32:33.368  6340  6377 E gs.intelligence: No package ID ff found for resource ID 0xffffffff.
03-19 17:32:33.368  6340  6377 E gs.intelligence: No package ID ff found for resource ID 0xffffffff.
03-19 17:32:33.368  6340  6377 E gs.intelligence: No package ID ff found for resource ID 0xffffffff.
03-19 17:32:33.368  6340  6377 E gs.intelligence: No package ID ff found for resource ID 0xffffffff.
03-19 17:32:33.368  6340  6377 E gs.intelligence: No package ID ff found for resource ID 0xffffffff.
03-19 17:32:33.376  6340  6377 E gs.intelligence: No package ID ff found for resource ID 0xffffffff.
03-19 17:32:33.377  6340  6377 E gs.intelligence: No package ID ff found for resource ID 0xffffffff.
03-19 17:32:33.377  6340  6377 E gs.intelligence: No package ID ff found for resource ID 0xffffffff.
03-19 17:32:33.377  6340  6377 E gs.intelligence: No package ID ff found for resource ID 0xffffffff.
03-19 17:32:33.377  6340  6377 E gs.intelligence: No package ID ff found for resource ID 0xffffffff.
03-19 17:32:33.377  6340  6377 E gs.intelligence: No package ID ff found for resource ID 0xffffffff.
03-19 17:32:33.377  6340  6377 E gs.intelligence: No package ID ff found for resource ID 0xffffffff.
03-19 17:32:33.377  6340  6377 E gs.intelligence: No package ID ff found for resource ID 0xffffffff.
03-19 17:32:33.377  6340  6377 E gs.intelligence: No package ID ff found for resource ID 0xffffffff.
03-19 17:32:33.377  6340  6377 E gs.intelligence: No package ID ff found for resource ID 0xffffffff.
03-19 17:32:33.378  6340  6377 E gs.intelligence: No package ID ff found for resource ID 0xffffffff.
03-19 17:32:33.378  6340  6377 E gs.intelligence: No package ID ff found for resource ID 0xffffffff.
03-19 17:32:33.378  6340  6377 E gs.intelligence: No package ID ff found for resource ID 0xffffffff.
03-19 17:32:33.378  6340  6377 E gs.intelligence: No package ID ff found for resource ID 0xffffffff.
03-19 17:32:33.378  6340  6377 E gs.intelligence: No package ID ff found for resource ID 0xffffffff.
03-19 17:32:33.380  6340  6377 E gs.intelligence: No package ID ff found for resource ID 0xffffffff.
