--------- beginning of system
03-28 22:39:59.466 W/ActivityTaskManager(  723): callingPackage for (uid=2000, pid=12837) has no WPC
03-28 22:39:59.468 D/CompatChangeReporter(  723): Compat change id reported: 151861875; UID 10217; state: ENABLED
--------- beginning of main
03-28 22:39:59.469 V/GrammaticalInflectionUtils(  723): AttributionSource: android.content.AttributionSource@a20cadf8 does not have READ_SYSTEM_GRAMMATICAL_GENDER permission.
03-28 22:39:59.469 W/OptProp (  723): Cannot read opt property android.window.PROPERTY_COMPAT_ALLOW_USER_ASPECT_RATIO_OVERRIDE
03-28 22:39:59.469 W/OptProp (  723): Cannot read opt property android.window.PROPERTY_COMPAT_ALLOW_USER_ASPECT_RATIO_FULLSCREEN_OVERRIDE
03-28 22:39:59.469 W/OptProp (  723): Cannot read opt property android.window.PROPERTY_COMPAT_ALLOW_RESIZEABLE_ACTIVITY_OVERRIDES
03-28 22:39:59.470 W/OptProp (  723): Cannot read opt property android.window.PROPERTY_COMPAT_ALLOW_MIN_ASPECT_RATIO_OVERRIDE
03-28 22:39:59.474 W/OptProp (  723): Cannot read opt property android.window.PROPERTY_COMPAT_ALLOW_ORIENTATION_OVERRIDE
03-28 22:39:59.477 I/BpBinder(  569): onLastStrongRef automatically unlinking death recipients: 
03-28 22:39:59.480 I/ndroid.systemui( 1214): AssetManager2(0x79408d851438) locale list changing from [] to [en-US]
03-28 22:39:59.481 I/ActivityTaskManager(  723): START u0 {flg=0x10000000 xflg=0x5 cmp=com.studentsaas.student/.MainActivity} with LAUNCH_SINGLE_TASK from uid 2000 (BAL_ALLOW_PERMISSION) result code=0
03-28 22:39:59.486 V/WindowManagerShell( 1214): Transition requested (#39): android.os.BinderProxy@b4b9565 TransitionRequestInfo { type = OPEN, triggerTask = TaskInfo{userId=0 taskId=17 effectiveUid=10217 displayId=0 isRunning=true baseIntent=Intent { flg=0x10000000 cmp=com.studentsaas.student/.MainActivity } baseActivity=ComponentInfo{com.studentsaas.student/com.studentsaas.student.MainActivity} topActivity=ComponentInfo{com.studentsaas.student/com.studentsaas.student.MainActivity} origActivity=null realActivity=ComponentInfo{com.studentsaas.student/com.studentsaas.student.MainActivity} numActivities=1 lastActiveTime=3638939 supportsMultiWindow=true resizeMode=1 isResizeable=true minWidth=-1 minHeight=-1 defaultMinSize=220 token=WCT{android.window.IWindowContainerToken$Stub$Proxy@7d1923a} topActivityType=1 pictureInPictureParams=null shouldDockBigOverlays=false launchIntoPipHostTaskId=-1 lastParentTaskIdBeforePip=-1 displayCutoutSafeInsets=Rect(0, 132 - 0, 0) topActivityInfo=ActivityInfo{1a51eeb com.studentsaas.student.MainActivity} launchCookies=[] positionInParent=Point(0, 0) parentTaskId=-1 isFocused=false isVisible=false isVisibleRequested=false isTopActivityNoDisplay=false isSleeping=false locusId=null displayAreaFeatureId=1 isTopActivityTransparent=false isActivityStackTransparent=false lastNonFullscreenBounds=Rect(276, 694 - 804, 1774) capturedLink=null capturedLinkTimestamp=0 requestedVisibleTypes=-9 topActivityRequestOpenInBrowserEducationTimestamp=0 appCompatTaskInfo=AppCompatTaskInfo { topActivityInSizeCompat=false eligibleForLetterboxEducation= false isLetterboxEducationEnabled= true isLetterboxDoubleTapEnabled= false eligibleForUserAspectRatioButton= false topActivityBoundsLetterboxed= false isFromLetterboxDoubleTap= false topActivityLetterboxVerticalPosition= -1 topActivityLetterboxHorizontalPosition= -1 topActivityLetterboxWidth=-1 topActivityLetterboxHeight=-1 topActivityAppBounds=Rect(0, 0 - 1080, 2400) isUserFullscreenOverrideEnabled=false isSystemFullscreenOverrideEnabled=false hasMinAspectRatioOverride=false topActivityLetterboxBounds=null cameraCompatTaskInfo=CameraCompatTaskInfo { freeformCameraCompatMode=inactive}} topActivityMainWindowFrame=null}, pipChange = null, remoteTransition = null, displayChange = null, flags = 0, debugId = 39 }
03-28 22:39:59.486 D/ShellSplitScreen( 1214): logExit: no-op, mLoggerSessionId is null
03-28 22:39:59.486 V/GrammaticalInflectionUtils(  723): AttributionSource: android.content.AttributionSource@a20cadf8 does not have READ_SYSTEM_GRAMMATICAL_GENDER permission.
03-28 22:39:59.487 D/CompatChangeReporter(  723): Compat change id reported: 309578419; UID 10217; state: ENABLED
03-28 22:39:59.493 W/SplitSelectStateCtor( 1493): Missing session instanceIds
03-28 22:39:59.493 D/StatsLog( 1493): LAUNCHER_SPLIT_SELECTION_EXIT_INTERRUPTED
03-28 22:39:59.496 I/BpBinder(  569): onLastStrongRef automatically unlinking death recipients: 
03-28 22:39:59.496 W/HWUI    ( 1214): Image decoding logging dropped!
03-28 22:39:59.500 D/WindowManagerShell( 1214): setLauncherKeepClearAreaHeight: visible=false, height=527
03-28 22:39:59.500 D/BackgroundInstallControlService(  723): Package event received: 0
03-28 22:39:59.501 W/IPCThreadState(  615): Sending oneway calls to frozen process.
03-28 22:39:59.508 D/BackgroundInstallControlService(  723): Package event received: 0
03-28 22:39:59.512 D/BackgroundInstallControlService(  723): Package event received: 0
03-28 22:39:59.511 D/Zygote  (  493): Forked child process 12840
03-28 22:39:59.514 W/IPCThreadState(  723): Sending oneway calls to frozen process.
03-28 22:39:59.514 W/ProcessCpuTracker(  723): Failed to stat(/proc/12835): android.system.ErrnoException: stat failed: ENOENT (No such file or directory)
03-28 22:39:59.514 W/ProcessCpuTracker(  723): Skipping unknown process pid 12835
03-28 22:39:59.515 W/ProcessCpuTracker(  723): Failed to stat(/proc/12837): android.system.ErrnoException: stat failed: ENOENT (No such file or directory)
03-28 22:39:59.515 W/ProcessCpuTracker(  723): Skipping unknown process pid 12837
03-28 22:39:59.517 W/IPCThreadState(  723): Sending oneway calls to frozen process.
03-28 22:39:59.517 D/CoreBackPreview(  723): Window{a3a0419 u0 Splash Screen com.studentsaas.student}: Setting back callback OnBackInvokedCallbackInfo{mCallback=android.window.IOnBackInvokedCallback$Stub$Proxy@5f0cebf, mPriority=0, mIsAnimationCallback=false, mOverrideBehavior=0}
03-28 22:39:59.517 W/IPCThreadState(  723): Sending oneway calls to frozen process.
03-28 22:39:59.518 W/IPCThreadState(  723): Sending oneway calls to frozen process.
03-28 22:39:59.519 W/IPCThreadState(  723): Sending oneway calls to frozen process.
03-28 22:39:59.519 W/IPCThreadState(  723): Sending oneway calls to frozen process.
03-28 22:39:59.520 W/IPCThreadState(  723): Sending oneway calls to frozen process.
03-28 22:39:59.520 W/IPCThreadState(  723): Sending oneway calls to frozen process.
03-28 22:39:59.520 W/IPCThreadState(  723): Sending oneway calls to frozen process.
03-28 22:39:59.520 W/IPCThreadState(  723): Sending oneway calls to frozen process.
03-28 22:39:59.523 D/BackgroundInstallControlService(  723): Package event received: 0
03-28 22:39:59.525 W/IPCThreadState(  723): Sending oneway calls to frozen process.
03-28 22:39:59.526 D/BackgroundInstallControlService(  723): Package event received: 0
03-28 22:39:59.526 W/IPCThreadState(  723): Sending oneway calls to frozen process.
03-28 22:39:59.526 D/BackgroundInstallControlService(  723): Package event received: 0
03-28 22:39:59.526 D/BackgroundInstallControlService(  723): Package event received: 0
03-28 22:39:59.526 D/BackgroundInstallControlService(  723): Package event received: 0
03-28 22:39:59.527 W/IPCThreadState(  723): Sending oneway calls to frozen process.
03-28 22:39:59.528 W/IPCThreadState(  723): Sending oneway calls to frozen process.
03-28 22:39:59.528 W/IPCThreadState(  723): Sending oneway calls to frozen process.
03-28 22:39:59.529 W/IPCThreadState(  723): Sending oneway calls to frozen process.
03-28 22:39:59.529 W/IPCThreadState(  723): Sending oneway calls to frozen process.
03-28 22:39:59.530 W/IPCThreadState(  723): Sending oneway calls to frozen process.
03-28 22:39:59.532 W/IPCThreadState(  723): Sending oneway calls to frozen process.
03-28 22:39:59.532 W/IPCThreadState(  723): Sending oneway calls to frozen process.
03-28 22:39:59.533 I/entsaas.student(12840): Late-enabling -Xcheck:jni
03-28 22:39:59.554 W/ActivityManager(  723): Slow operation: 68ms so far, now at startProcess: done updating battery stats
03-28 22:39:59.554 W/ActivityManager(  723): Slow operation: 68ms so far, now at startProcess: building log message
03-28 22:39:59.554 I/ActivityManager(  723): Start proc 12840:com.studentsaas.student/u0a217 for next-top-activity {com.studentsaas.student/com.studentsaas.student.MainActivity}
03-28 22:39:59.554 W/ActivityManager(  723): Slow operation: 68ms so far, now at startProcess: starting to update pids map
03-28 22:39:59.555 I/ActivityManager(  723): ProcessObserver broadcast disabled
03-28 22:39:59.555 W/ActivityManager(  723): Slow operation: 68ms so far, now at startProcess: done updating pids map
03-28 22:39:59.557 D/BackgroundInstallControlService(  723): Package event received: 0
03-28 22:39:59.557 D/BackgroundInstallControlService(  723): Package event received: 0
03-28 22:39:59.557 D/BackgroundInstallControlService(  723): Package event received: 0
03-28 22:39:59.557 D/BackgroundInstallControlService(  723): Package event received: 0
03-28 22:39:59.557 D/BackgroundInstallControlService(  723): Package event received: 0
03-28 22:39:59.557 D/BackgroundInstallControlService(  723): Package event received: 0
03-28 22:39:59.557 D/BackgroundInstallControlService(  723): Package event received: 0
03-28 22:39:59.557 D/BackgroundInstallControlService(  723): Package event received: 0
03-28 22:39:59.558 D/BackgroundInstallControlService(  723): Package event received: 0
03-28 22:39:59.558 D/BackgroundInstallControlService(  723): Package event received: 0
03-28 22:39:59.559 D/BackgroundInstallControlService(  723): Package event received: 0
03-28 22:39:59.559 D/BackgroundInstallControlService(  723): Package event received: 0
03-28 22:39:59.559 D/BackgroundInstallControlService(  723): Package event received: 0
03-28 22:39:59.559 D/BackgroundInstallControlService(  723): Package event received: 0
03-28 22:39:59.559 D/BackgroundInstallControlService(  723): Package event received: 0
03-28 22:39:59.569 I/entsaas.student(12840): Using CollectorTypeCMC GC.
03-28 22:39:59.571 W/entsaas.student(12840): Unexpected CPU variant for x86: x86_64.
03-28 22:39:59.571 W/entsaas.student(12840): Known variants: atom, sandybridge, silvermont, goldmont, goldmont-plus, goldmont-without-sha-xsaves, tremont, kabylake, alderlake, default
03-28 22:39:59.587 I/adbd    ( 1537): jdwp connection from 12840
03-28 22:39:59.609 D/nativeloader(12840): Load libframework-connectivity-tiramisu-jni.so using APEX ns com_android_tethering for caller /apex/com.android.tethering/javalib/framework-connectivity-t.jar: ok
03-28 22:39:59.654 D/BackgroundInstallControlService(  723): Package event received: 0
03-28 22:39:59.700 V/WindowManager(  723): Sent Transition (#39) createdAt=03-28 22:39:59.471 via request=TransitionRequestInfo { type = OPEN, triggerTask = TaskInfo{userId=0 taskId=17 effectiveUid=10217 displayId=0 isRunning=true baseIntent=Intent { flg=0x10000000 cmp=com.studentsaas.student/.MainActivity } baseActivity=ComponentInfo{com.studentsaas.student/com.studentsaas.student.MainActivity} topActivity=ComponentInfo{com.studentsaas.student/com.studentsaas.student.MainActivity} origActivity=null realActivity=ComponentInfo{com.studentsaas.student/com.studentsaas.student.MainActivity} numActivities=1 lastActiveTime=3638939 supportsMultiWindow=true resizeMode=1 isResizeable=true minWidth=-1 minHeight=-1 defaultMinSize=220 token=WCT{RemoteToken{385e24 Task{fa9edc7 #17 type=standard A=10217:com.studentsaas.student}}} topActivityType=1 pictureInPictureParams=null shouldDockBigOverlays=false launchIntoPipHostTaskId=-1 lastParentTaskIdBeforePip=-1 displayCutoutSafeInsets=Rect(0, 132 - 0, 0) topActivityInfo=ActivityInfo{8873d8d com.studentsaas.student.MainActivity} launchCookies=[] positionInParent=Point(0, 0) parentTaskId=-1 isFocused=false isVisible=false isVisibleRequested=false isTopActivityNoDisplay=false isSleeping=false locusId=null displayAreaFeatureId=1 isTopActivityTransparent=false isActivityStackTransparent=false lastNonFullscreenBounds=Rect(276, 694 - 804, 1774) capturedLink=null capturedLinkTimestamp=0 requestedVisibleTypes=-9 topActivityRequestOpenInBrowserEducationTimestamp=0 appCompatTaskInfo=AppCompatTaskInfo { topActivityInSizeCompat=false eligibleForLetterboxEducation= false isLetterboxEducationEnabled= true isLetterboxDoubleTapEnabled= false eligibleForUserAspectRatioButton= false topActivityBoundsLetterboxed= false isFromLetterboxDoubleTap= false topActivityLetterboxVerticalPosition= -1 topActivityLetterboxHorizontalPosition= -1 topActivityLetterboxWidth=-1 topActivityLetterboxHeight=-1 topActivityAppBounds=Rect(0, 0 - 1080, 2400) isUserFullscreenOverrideEnabled=false isSystemFullscreenOverrideEnabled=false hasMinAspectRatioOverride=false topActivityLetterboxBounds=null cameraCompatTaskInfo=CameraCompatTaskInfo { freeformCameraCompatMode=inactive}} topActivityMainWindowFrame=null}, pipChange = null, remoteTransition = null, displayChange = null, flags = 0, debugId = 39 }
03-28 22:39:59.700 V/WindowManager(  723):     startWCT=WindowContainerTransaction { changes= {} hops= [] errorCallbackToken=null taskFragmentOrganizer=null }
03-28 22:39:59.700 V/WindowManager(  723):     info={id=39 t=OPEN f=0x0 trk=0 r=[0@Point(0, 0)] c=[
03-28 22:39:59.700 V/WindowManager(  723):         {WCT{RemoteToken{385e24 Task{fa9edc7 #17 type=standard A=10217:com.studentsaas.student}}} m=OPEN f=NONE leash=Surface(name=Task=17)/@0xd509278 sb=Rect(0, 0 - 1080, 2400) eb=Rect(0, 0 - 1080, 2400) epz=Point(1080, 2400) d=0 taskParent=-1},
03-28 22:39:59.700 V/WindowManager(  723):         {WCT{RemoteToken{3ddd7d7 Task{b13e422 #1 type=home}}} m=TO_BACK f=SHOW_WALLPAPER leash=Surface(name=Task=1)/@0xf62a667 sb=Rect(0, 0 - 1080, 2400) eb=Rect(0, 0 - 1080, 2400) epz=Point(1080, 2400) d=0 taskParent=-1},
03-28 22:39:59.700 V/WindowManager(  723):         {m=TO_BACK f=IS_WALLPAPER leash=Surface(name=WallpaperWindowToken{fd65578 showWhenLocked=false})/@0x91e9981 sb=Rect(0, 0 - 1080, 2400) eb=Rect(0, 0 - 1080, 2400) epz=Point(1080, 2400) d=0}
03-28 22:39:59.700 V/WindowManager(  723):     ]}
03-28 22:39:59.703 V/WindowManagerShell( 1214): onTransitionReady(transaction=3105261356724)
03-28 22:39:59.703 V/WindowManagerShell( 1214): onTransitionReady (#39) android.os.BinderProxy@b4b9565: {id=39 t=OPEN f=0x0 trk=0 r=[0@Point(0, 0)] c=[
03-28 22:39:59.703 V/WindowManagerShell( 1214):         {m=OPEN f=NONE leash=Surface(name=Task=17)/@0x2eb8651 sb=Rect(0, 0 - 1080, 2400) eb=Rect(0, 0 - 1080, 2400) epz=Point(1080, 2400) d=0 taskParent=-1},
03-28 22:39:59.703 V/WindowManagerShell( 1214):         {m=TO_BACK f=SHOW_WALLPAPER leash=Surface(name=Task=1)/@0x4db0eb6 sb=Rect(0, 0 - 1080, 2400) eb=Rect(0, 0 - 1080, 2400) epz=Point(1080, 2400) d=0 taskParent=-1},
03-28 22:39:59.703 V/WindowManagerShell( 1214):         {m=TO_BACK f=IS_WALLPAPER leash=Surface(name=WallpaperWindowToken{fd65578 showWhenLocked=false})/@0x684e7b7 sb=Rect(0, 0 - 1080, 2400) eb=Rect(0, 0 - 1080, 2400) epz=Point(1080, 2400) d=0}
03-28 22:39:59.703 V/WindowManagerShell( 1214):     ]}
03-28 22:39:59.704 V/WindowManagerShell( 1214): Playing animation for (#39) android.os.BinderProxy@b4b9565@0
03-28 22:39:59.704 V/ShellRecents( 1214): RecentsTransitionHandler.startAnimation: no controller found
03-28 22:39:59.704 V/WindowManagerShell( 1214): Transition doesn't have explicit remote, search filters for match for {id=39 t=OPEN f=0x0 trk=0 r=[0@Point(0, 0)] c=[{m=OPEN f=NONE leash=Surface(name=Task=17)/@0x2eb8651 sb=Rect(0, 0 - 1080, 2400) eb=Rect(0, 0 - 1080, 2400) epz=Point(1080, 2400) d=0 taskParent=-1},{m=TO_BACK f=SHOW_WALLPAPER leash=Surface(name=Task=1)/@0x4db0eb6 sb=Rect(0, 0 - 1080, 2400) eb=Rect(0, 0 - 1080, 2400) epz=Point(1080, 2400) d=0 taskParent=-1},{m=TO_BACK f=IS_WALLPAPER leash=Surface(name=WallpaperWindowToken{fd65578 showWhenLocked=false})/@0x684e7b7 sb=Rect(0, 0 - 1080, 2400) eb=Rect(0, 0 - 1080, 2400) epz=Point(1080, 2400) d=0}]}
03-28 22:39:59.704 V/WindowManagerShell( 1214):  Checking filter Pair{{types=[] flags=0x0] notFlags=0x0 checks=[{atype=undefined independent=true modes=[CLOSE,TO_BACK] flags=IN_TASK_WITH_EMBEDDED_ACTIVITY mustBeTask=false order=ANY topActivity=null launchCookie=null taskFragmentToken=android.os.BinderProxy@d2b0204 windowingMode=undefined}]} RemoteTransition { remoteTransition = android.window.IRemoteTransition$Stub$Proxy@90543ed, appThread = android.app.IApplicationThread$Stub$Proxy@83e5222, debugName = overlayBackTransition }}
03-28 22:39:59.704 V/WindowManagerShell( 1214):  Checking filter Pair{{types=[] flags=0x0] notFlags=0x0 checks=[{atype=dream independent=true modes=[OPEN,TO_FRONT] flags=NONE mustBeTask=false order=ANY topActivity=null launchCookie=null windowingMode=undefined},{atype=home independent=true modes=[CLOSE,TO_BACK] flags=NONE mustBeTask=false order=ANY topActivity=null launchCookie=null windowingMode=undefined}]} RemoteTransition { remoteTransition = android.window.IRemoteTransition$Stub$Proxy@7db84b3, appThread = android.app.IApplicationThread$Stub$Proxy@583a70, debugName = LauncherToDream }}
03-28 22:39:59.705 V/WindowManagerShell( 1214):  Checking filter Pair{{types=[] flags=0x0] notFlags=0x100 checks=[{atype=home independent=true modes=[OPEN,TO_FRONT] flags=NONE mustBeTask=false order=TOP topActivity=ComponentInfo{com.google.android.apps.nexuslauncher/com.google.android.apps.nexuslauncher.NexusLauncherActivity} launchCookie=null windowingMode=undefined},{atype=standard independent=true modes=[CLOSE,TO_BACK] flags=NONE mustBeTask=false order=ANY topActivity=null launchCookie=null windowingMode=undefined},{NOT atype=undefined independent=true modes=[] flags=NONE mustBeTask=true order=ANY topActivity=null launchCookie=null customAnim=true windowingMode=undefined}]} RemoteTransition { remoteTransition = android.window.IRemoteTransition$Stub$Proxy@9ff31e9, appThread = android.app.IApplicationThread$Stub$Proxy@6136e6e, debugName = QuickstepLaunchHome }}
03-28 22:39:59.705 V/WindowManagerShell( 1214):  Delegate animation for (#39) to null
03-28 22:39:59.705 V/WindowManagerShell( 1214): start default transition animation, info = {id=39 t=OPEN f=0x0 trk=0 r=[0@Point(0, 0)] c=[{m=OPEN f=NONE leash=Surface(name=Task=17)/@0x2eb8651 sb=Rect(0, 0 - 1080, 2400) eb=Rect(0, 0 - 1080, 2400) epz=Point(1080, 2400) d=0 taskParent=-1},{m=TO_BACK f=SHOW_WALLPAPER leash=Surface(name=Task=1)/@0x4db0eb6 sb=Rect(0, 0 - 1080, 2400) eb=Rect(0, 0 - 1080, 2400) epz=Point(1080, 2400) d=0 taskParent=-1},{m=TO_BACK f=IS_WALLPAPER leash=Surface(name=WallpaperWindowToken{fd65578 showWhenLocked=false})/@0x684e7b7 sb=Rect(0, 0 - 1080, 2400) eb=Rect(0, 0 - 1080, 2400) epz=Point(1080, 2400) d=0}]}
03-28 22:39:59.705 V/WindowManagerShell( 1214): loadAnimation: anim=android.view.animation.AnimationSet@391368d animAttr=0x13 type=OPEN isEntrance=false
03-28 22:39:59.706 V/WindowManagerShell( 1214): loadAnimation: anim=android.view.animation.AnimationSet@1816042 animAttr=0x12 type=OPEN isEntrance=true
03-28 22:39:59.697 W/re-initialized>(12840): type=1400 audit(0.0:155): avc:  granted  { execute } for  path="/data/data/com.studentsaas.student/code_cache/startup_agents/a82ed9e3-agent.so" dev="dm-55" ino=66245 scontext=u:r:untrusted_app:s0:c217,c256,c512,c768 tcontext=u:object_r:app_data_file:s0:c217,c256,c512,c768 tclass=file app=com.studentsaas.student
03-28 22:39:59.708 D/nativeloader(12840): Load /data/user/0/com.studentsaas.student/code_cache/startup_agents/a82ed9e3-agent.so using system ns (caller=<unknown>): ok
03-28 22:39:59.709 V/studio.deploy(12840): Startup agent attached to VM
03-28 22:39:59.710 V/studio.deploy(12840): No existing instrumentation found. Loading instrumentation from instruments-2fd5708c.jar
03-28 22:39:59.712 V/WindowManagerShell( 1214):  animated by com.android.wm.shell.transition.DefaultTransitionHandler@102c88c
03-28 22:39:59.721 W/entsaas.student(12840): hiddenapi: DexFile /data/data/com.studentsaas.student/code_cache/.studio/instruments-2fd5708c.jar is in boot class path but is not in a known location
03-28 22:39:59.725 V/studio.deploy(12840): Applying transforms with cached classes
03-28 22:39:59.937 W/entsaas.student(12840): Redefining intrinsic method java.lang.Thread java.lang.Thread.currentThread(). This may cause the unexpected use of the original definition of java.lang.Thread java.lang.Thread.currentThread()in methods that have already been compiled.
03-28 22:39:59.937 W/entsaas.student(12840): Redefining intrinsic method boolean java.lang.Thread.interrupted(). This may cause the unexpected use of the original definition of boolean java.lang.Thread.interrupted()in methods that have already been compiled.
03-28 22:39:59.939 I/studio.deploy(12840): Registering DispatchJNI
03-28 22:39:59.939 I/studio.deploy(12840): Found com/android/tools/deploy/interpreter/JNI
03-28 22:40:00.016 V/WindowManagerShell( 1214): Transition animation finished (aborted=false), notifying core (#39) android.os.BinderProxy@b4b9565@0
03-28 22:40:00.017 V/WindowManager(  723): Finish Transition (#39): created at 03-28 22:39:59.471 collect-started=0.114ms request-sent=9.725ms started=19.99ms ready=227.128ms sent=228.85ms commit=14.289ms finished=546.568ms
03-28 22:40:00.022 V/WindowManagerShell( 1214): Track 0 became idle
03-28 22:40:00.022 D/VRI[NexusLauncherActivity]( 1493): visibilityChanged oldVisibility=true newVisibility=false
03-28 22:40:00.022 V/WindowManagerShell( 1214): All active transition animations finished
03-28 22:40:00.030 D/NexusLauncherModelDelegate( 1493): notifySmartspaceEvent: SmartspaceTargetEvent{mSmartspaceTarget=null, mSmartspaceActionId='null', mEventType=7}
03-28 22:40:00.092 D/nativeloader(12840): Configuring clns-9 for other apk /data/app/~~TO96PDsU7GUkkhGSWSzTIg==/com.studentsaas.student-CDP-LXAJ19H-oks3wqwd5A==/base.apk. target_sdk_version=35, uses_libraries=, library_path=/data/app/~~TO96PDsU7GUkkhGSWSzTIg==/com.studentsaas.student-CDP-LXAJ19H-oks3wqwd5A==/lib/x86_64, permitted_path=/data:/mnt/expand:/data/user/0/com.studentsaas.student
03-28 22:40:00.097 D/CompatChangeReporter(12840): Compat change id reported: 202956589; UID 10217; state: ENABLED
03-28 22:40:00.102 I/entsaas.student(12840): AssetManager2(0x79408d83c8f8) locale list changing from [] to [en-US]
03-28 22:40:00.105 I/entsaas.student(12840): AssetManager2(0x79408d835878) locale list changing from [] to [en-US]
03-28 22:40:00.113 V/GraphicsEnvironment(12840): Currently set values for:
03-28 22:40:00.113 V/GraphicsEnvironment(12840):   angle_gl_driver_selection_pkgs=[]
03-28 22:40:00.113 V/GraphicsEnvironment(12840):   angle_gl_driver_selection_values=[]
03-28 22:40:00.113 V/GraphicsEnvironment(12840): com.studentsaas.student is not listed in per-application setting
03-28 22:40:00.113 V/GraphicsEnvironment(12840): ANGLE allowlist from config: com.dreamgames.royalmatch com.dts.freefiremax com.dxx.firenow com.gramgames.mergedragons com.ludo.king com.mojang.minecraftpe com.my.defense com.nintendo.zaka com.os.airforce com.playrix.fishdomdd.gplay io.teslatech.callbreak jp.konami.prospia net.peakgames.toonblast
03-28 22:40:00.113 V/GraphicsEnvironment(12840): com.studentsaas.student is not listed in ANGLE allowlist or settings, returning default
03-28 22:40:00.113 V/GraphicsEnvironment(12840): Neither updatable production driver nor prerelease driver is supported.
03-28 22:40:00.143 W/FirebaseApp(12840): Default FirebaseApp failed to initialize because no default options were found. This usually means that com.google.gms:google-services was not applied to your gradle project.
03-28 22:40:00.143 I/FirebaseInitProvider(12840): FirebaseApp initialization unsuccessful
03-28 22:40:00.193 D/CompatChangeReporter(12840): Compat change id reported: 279646685; UID 10217; state: ENABLED
03-28 22:40:00.211 W/OptProp (  723): Cannot read opt property android.window.PROPERTY_COMPAT_ENABLE_FAKE_FOCUS
03-28 22:40:00.211 D/CompatChangeReporter(  723): Compat change id reported: 324203798; UID 10217; state: ENABLED
03-28 22:40:00.217 D/BackgroundInstallControlService(  723): Package event received: 0
03-28 22:40:00.217 D/BackgroundInstallControlService(  723): Package event received: 0
03-28 22:40:00.222 I/DisplayManager(12840): Choreographer implicitly registered for the refresh rate.
03-28 22:40:00.225 I/entsaas.student(12840): AssetManager2(0x79408d832cb8) locale list changing from [] to [en-US]
03-28 22:40:00.282 I/EGL_emulation(12840): Opening libGLESv1_CM_emulation.so
03-28 22:40:00.283 I/EGL_emulation(12840): Opening libGLESv2_emulation.so
03-28 22:40:00.303 W/HWUI    (12840): Failed to choose config with EGL_SWAP_BEHAVIOR_PRESERVED, retrying without...
03-28 22:40:00.303 W/HWUI    (12840): Failed to initialize 101010-2 format, error = EGL_SUCCESS
03-28 22:40:00.332 D/AppCompatDelegate(12840): Checking for metadata for AppLocalesMetadataHolderService : Service not found
03-28 22:40:00.332 I/entsaas.student(12840): AssetManager2(0x79408d83f4b8) locale list changing from [] to [en-US]
03-28 22:40:00.343 E/ashmem  (12840): Pinning is deprecated since Android Q. Please use trim or other methods.
03-28 22:40:00.417 D/CompatChangeReporter(12840): Compat change id reported: 309578419; UID 10217; state: ENABLED
03-28 22:40:00.418 D/DesktopModeFlags(12840): Toggle override initialized to: OVERRIDE_UNSET
03-28 22:40:00.449 I/entsaas.student(12840): hiddenapi: Accessing hidden method Landroid/view/ViewGroup;->makeOptionalFitsSystemWindows()V (runtime_flags=0, domain=platform, api=unsupported) from Landroidx/appcompat/widget/ViewUtils; (domain=app) using reflection: allowed
03-28 22:40:00.465 I/entsaas.student(12840): AssetManager2(0x79408d83aff8) locale list changing from [] to [en-US]
03-28 22:40:00.465 I/WebViewFactory(12840): Loading com.google.android.webview version 133.0.6943.137 (code 694313738)
03-28 22:40:00.466 I/entsaas.student(12840): AssetManager2(0x79408d83ded8) locale list changing from [] to [en-US]
03-28 22:40:00.467 I/entsaas.student(12840): AssetManager2(0x79408d841718) locale list changing from [] to [en-US]
03-28 22:40:00.467 I/entsaas.student(12840): AssetManager2(0x79408d83faf8) locale list changing from [] to [en-US]
03-28 22:40:00.468 I/entsaas.student(12840): AssetManager2(0x79408d8413f8) locale list changing from [] to [en-US]
03-28 22:40:00.468 I/entsaas.student(12840): AssetManager2(0x79408d83fe18) locale list changing from [] to [en-US]
03-28 22:40:00.468 V/ResourcesManager(12840): The following library key has been added: ResourcesKey{ mHash=2a26539c mResDir=null mSplitDirs=[] mOverlayDirs=[] mLibDirs=[/data/app/~~BgmYaz3I1ptxt-Dt4q_t5g==/com.google.android.webview-r_Q9ng9CxdX9MEam4JkPiQ==/WebViewGoogle.apk,/data/app/~~-vJY1pGKLCEQUlSKwotz_w==/com.google.android.trichromelibrary_694313738-IyllXZu8_86GWO4JBpahYA==/TrichromeLibrary.apk,/system_ext/framework/androidx.window.extensions.jar] mDisplayId=0 mOverrideConfig=v36 mCompatInfo={420dpi always-compat} mLoaders=[]}
03-28 22:40:00.472 W/entsaas.student(12840): Failed to find entry 'classes.dex': Entry not found
03-28 22:40:00.472 D/nativeloader(12840): Configuring clns-10 for other apk /data/app/~~-vJY1pGKLCEQUlSKwotz_w==/com.google.android.trichromelibrary_694313738-IyllXZu8_86GWO4JBpahYA==/TrichromeLibrary.apk. target_sdk_version=34, uses_libraries=ALL, library_path=/data/app/~~BgmYaz3I1ptxt-Dt4q_t5g==/com.google.android.webview-r_Q9ng9CxdX9MEam4JkPiQ==/lib/x86_64:/data/app/~~BgmYaz3I1ptxt-Dt4q_t5g==/com.google.android.webview-r_Q9ng9CxdX9MEam4JkPiQ==/WebViewGoogle.apk!/lib/x86_64:/data/app/~~-vJY1pGKLCEQUlSKwotz_w==/com.google.android.trichromelibrary_694313738-IyllXZu8_86GWO4JBpahYA==/TrichromeLibrary.apk!/lib/x86_64, permitted_path=/data:/mnt/expand
03-28 22:40:00.474 D/ApplicationLoaders(12840): Returning zygote-cached class loader: /system_ext/framework/androidx.window.extensions.jar
03-28 22:40:00.477 D/nativeloader(12840): Configuring clns-11 for other apk /data/app/~~BgmYaz3I1ptxt-Dt4q_t5g==/com.google.android.webview-r_Q9ng9CxdX9MEam4JkPiQ==/WebViewGoogle.apk. target_sdk_version=34, uses_libraries=, library_path=/data/app/~~BgmYaz3I1ptxt-Dt4q_t5g==/com.google.android.webview-r_Q9ng9CxdX9MEam4JkPiQ==/lib/x86_64:/data/app/~~BgmYaz3I1ptxt-Dt4q_t5g==/com.google.android.webview-r_Q9ng9CxdX9MEam4JkPiQ==/WebViewGoogle.apk!/lib/x86_64:/data/app/~~-vJY1pGKLCEQUlSKwotz_w==/com.google.android.trichromelibrary_694313738-IyllXZu8_86GWO4JBpahYA==/TrichromeLibrary.apk!/lib/x86_64, permitted_path=/data:/mnt/expand
03-28 22:40:00.592 I/cr_WVCFactoryProvider(12840): version=133.0.6943.137 (694313738) minSdkVersion=29 isBundle=false multiprocess=true packageId=2
03-28 22:40:00.594 I/entsaas.student(12840): AssetManager2(0x79408d839d38) locale list changing from [] to [en-US]
03-28 22:40:00.615 D/nativeloader(12840): Load /data/app/~~-vJY1pGKLCEQUlSKwotz_w==/com.google.android.trichromelibrary_694313738-IyllXZu8_86GWO4JBpahYA==/TrichromeLibrary.apk!/lib/x86_64/libmonochrome_64.so using class loader ns clns-11 (caller=/data/app/~~BgmYaz3I1ptxt-Dt4q_t5g==/com.google.android.webview-r_Q9ng9CxdX9MEam4JkPiQ==/WebViewGoogle.apk): ok
03-28 22:40:00.620 D/nativeloader(12840): Load /system/lib64/libwebviewchromium_plat_support.so using class loader ns clns-11 (caller=/data/app/~~BgmYaz3I1ptxt-Dt4q_t5g==/com.google.android.webview-r_Q9ng9CxdX9MEam4JkPiQ==/WebViewGoogle.apk): ok
03-28 22:40:00.626 E/chromium(12840): [0328/224000.626450:ERROR:variations_seed_loader.cc(39)] Seed missing signature.
03-28 22:40:00.629 I/chromium(12840): [0328/224000.628874:INFO:variations_seed_loader.cc(67)] Failed to open file for reading.: No such file or directory (2)
03-28 22:40:00.689 I/cr_LibraryLoader(12840): Successfully loaded native library
03-28 22:40:00.691 I/cr_CachingUmaRecorder(12840): Flushed 6 samples from 6 histograms, 0 samples were dropped.
03-28 22:40:00.700 I/cr_CombinedPProvider(12840): #registerProvider() provider:WV.C8@adaa1c2 isPolicyCacheEnabled:false policyProvidersSize:0
03-28 22:40:00.702 I/cr_PolicyProvider(12840): #setManagerAndSource() 0
03-28 22:40:00.723 V/GrammaticalInflectionUtils(  723): AttributionSource: android.content.AttributionSource@7f6a5a20 does not have READ_SYSTEM_GRAMMATICAL_GENDER permission.
03-28 22:40:00.739 D/Zygote  ( 1303): Forked child process 12866
03-28 22:40:00.754 I/ocessService0:0(12866): Using CollectorTypeCMC GC.
03-28 22:40:00.758 W/ocessService0:0(12866): Unexpected CPU variant for x86: x86_64.
03-28 22:40:00.758 W/ocessService0:0(12866): Known variants: atom, sandybridge, silvermont, goldmont, goldmont-plus, goldmont-without-sha-xsaves, tremont, kabylake, alderlake, default
03-28 22:40:00.764 E/ocessService0:0(12866): Not starting debugger since process cannot load the jdwp agent.
03-28 22:40:00.765 I/cr_CombinedPProvider(12840): #linkNativeInternal() 1
03-28 22:40:00.770 I/cr_AppResProvider(12840): #getApplicationRestrictionsFromUserManager() Bundle[EMPTY_PARCEL]
03-28 22:40:00.770 I/cr_PolicyProvider(12840): #notifySettingsAvailable() 0
03-28 22:40:00.770 I/cr_CombinedPProvider(12840): #onSettingsAvailable() 0
03-28 22:40:00.770 I/cr_CombinedPProvider(12840): #flushPolicies()
03-28 22:40:00.776 D/nativeloader(12866): Load libframework-connectivity-tiramisu-jni.so using APEX ns com_android_tethering for caller /apex/com.android.tethering/javalib/framework-connectivity-t.jar: ok
03-28 22:40:00.795 W/ActivityManager(  723): Slow operation: 71ms so far, now at startProcess: returned from zygote!
03-28 22:40:00.802 D/ActivityManager(  723): sync unfroze 10972 com.google.android.gms for 4
03-28 22:40:00.807 W/ActivityManager(  723): Slow operation: 83ms so far, now at startProcess: done updating battery stats
03-28 22:40:00.807 W/ActivityManager(  723): Slow operation: 84ms so far, now at startProcess: building log message
03-28 22:40:00.807 I/ActivityManager(  723): Start proc 12866:com.google.android.webview:sandboxed_process0:org.chromium.content.app.SandboxedProcessService0:0/u0i9 for  {com.studentsaas.student/org.chromium.content.app.SandboxedProcessService0:0}
03-28 22:40:00.807 W/ActivityManager(  723): Slow operation: 84ms so far, now at startProcess: starting to update pids map
03-28 22:40:00.810 I/ActivityManager(  723): ProcessObserver broadcast disabled
03-28 22:40:00.810 W/ActivityManager(  723): Slow operation: 86ms so far, now at startProcess: done updating pids map
03-28 22:40:00.818 D/BackgroundInstallControlService(  723): Package event received: 0
03-28 22:40:00.824 D/CompatChangeReporter(12866): Compat change id reported: 242716250; UID 99009; state: ENABLED
03-28 22:40:00.847 D/BoundBrokerSvc(10972): onBind: Intent { act=com.google.android.gms.safetynet.service.START xflg=0x4 pkg=com.google.android.gms }
03-28 22:40:00.847 D/BoundBrokerSvc(10972): Loading bound service for intent: Intent { act=com.google.android.gms.safetynet.service.START xflg=0x4 pkg=com.google.android.gms }
03-28 22:40:00.855 D/ApplicationLoaders(12866): Returning zygote-cached class loader: /system_ext/framework/androidx.window.extensions.jar
03-28 22:40:00.858 W/ProcessStats(  723): Tracking association SourceState{cd26aa6 com.studentsaas.student/10217 BTop #12152} whose proc state 2 is better than process ProcessState{9d435c8 com.google.android.gms/10147 pkg=com.google.android.gms (sub)} proc state 14 (21 skipped)
03-28 22:40:00.860 I/ocessService0:0(12866): AssetManager2(0x79408d83c8f8) locale list changing from [] to [en-US]
03-28 22:40:00.864 D/BoundBrokerSvc(10972): onUnbind: Intent { act=com.google.android.gms.common.BIND_SHARED_PREFS xflg=0x4 pkg=com.google.android.gms }
03-28 22:40:00.865 I/LoadedApk(12866): No resource references to update in package com.google.android.trichromelibrary
03-28 22:40:00.866 I/cr_WebViewApkApp(12866): version=133.0.6943.137 (694313738) minSdkVersion=29 isBundle=false processName=com.google.android.webview:sandboxed_process0:org.chromium.content.app.SandboxedProcessService0:0
03-28 22:40:00.872 D/BackgroundInstallControlService(  723): Package event received: 0
03-28 22:40:00.875 I/cr_ChildProcessService(12866): Creating new ChildProcessService pid=12866
03-28 22:40:00.882 I/entsaas.student(12840): AssetManager2(0x79408d837ad8) locale list changing from [] to [en-US]
03-28 22:40:00.886 I/entsaas.student(12840): AssetManager2(0x79408d83b318) locale list changing from [] to [en-US]
03-28 22:40:00.964 D/BackgroundInstallControlService(  723): Package event received: 0
03-28 22:40:00.990 D/ActivityManager(  723): sync unfroze 10172 com.google.android.webview:webview_service for 6
03-28 22:40:00.994 D/BackgroundInstallControlService(  723): Package event received: 0
03-28 22:40:01.014 D/CompatChangeReporter(12840): Compat change id reported: 352594277; UID 10217; state: ENABLED
03-28 22:40:01.069 D/ConnectivityService(  723): requestNetwork for uid/pid:10217/12840 activeRequest: null callbackRequest: 412 [NetworkRequest [ REQUEST id=413, [ Capabilities: INTERNET&NOT_RESTRICTED&TRUSTED&NOT_VCN_MANAGED&NOT_BANDWIDTH_CONSTRAINED Uid: 10217 RequestorUid: 10217 RequestorPkg: com.studentsaas.student UnderlyingNetworks: Null] ]] callback flags: 0 order: 2147483647 isUidTracked: false declaredMethods: AVAIL|LOST|NC|LP
03-28 22:40:01.074 D/CompatChangeReporter(  723): Compat change id reported: 319212206; UID 10217; state: ENABLED
03-28 22:40:01.076 D/OemPaidWifiNetworkFactory(  723): got request NetworkRequest [ REQUEST id=413, [ Capabilities: INTERNET&NOT_RESTRICTED&TRUSTED&NOT_VCN_MANAGED&NOT_BANDWIDTH_CONSTRAINED Uid: 10217 RequestorUid: 10217 RequestorPkg: com.studentsaas.student UnderlyingNetworks: Null] ]
03-28 22:40:01.076 D/MultiInternetWifiNetworkFactory(  723): got request NetworkRequest [ REQUEST id=413, [ Capabilities: INTERNET&NOT_RESTRICTED&TRUSTED&NOT_VCN_MANAGED&NOT_BANDWIDTH_CONSTRAINED Uid: 10217 RequestorUid: 10217 RequestorPkg: com.studentsaas.student UnderlyingNetworks: Null] ]
03-28 22:40:01.077 D/WifiNetworkFactory(  723): got request NetworkRequest [ REQUEST id=413, [ Capabilities: INTERNET&NOT_RESTRICTED&TRUSTED&NOT_VCN_MANAGED&NOT_BANDWIDTH_CONSTRAINED Uid: 10217 RequestorUid: 10217 RequestorPkg: com.studentsaas.student UnderlyingNetworks: Null] ]
03-28 22:40:01.078 D/UntrustedWifiNetworkFactory(  723): got request NetworkRequest [ REQUEST id=413, [ Capabilities: INTERNET&NOT_RESTRICTED&TRUSTED&NOT_VCN_MANAGED&NOT_BANDWIDTH_CONSTRAINED Uid: 10217 RequestorUid: 10217 RequestorPkg: com.studentsaas.student UnderlyingNetworks: Null] ]
03-28 22:40:01.078 D/ConnectivityService(  723): NetReassign [413 : null → 100] [c 1] [a 4] [i 2]
03-28 22:40:01.080 D/ConnectivityService(  723): NetReassign [no changes] [c 0] [a 1] [i 0]
03-28 22:40:01.133 D/Capacitor(12840): Starting BridgeActivity
03-28 22:40:01.183 D/Capacitor(12840): Registering plugin instance: CapacitorCookies
03-28 22:40:01.188 D/Capacitor(12840): Registering plugin instance: WebView
03-28 22:40:01.191 D/Capacitor(12840): Registering plugin instance: CapacitorHttp
03-28 22:40:01.193 D/Capacitor(12840): Registering plugin instance: App
03-28 22:40:01.196 D/Capacitor(12840): Registering plugin instance: Preferences
03-28 22:40:01.198 D/Capacitor(12840): Registering plugin instance: PushNotifications
03-28 22:40:01.216 W/Capacitor(12840): Unable to read file at path public/plugins
03-28 22:40:01.225 D/Capacitor(12840): Loading app at http://localhost
03-28 22:40:01.251 W/cr_media(12840): BLUETOOTH_CONNECT permission is missing.
03-28 22:40:01.251 W/cr_media(12840): getBluetoothAdapter() requires BLUETOOTH permission
03-28 22:40:01.251 W/cr_media(12840): registerBluetoothIntentsIfNeeded: Requires BLUETOOTH permission
03-28 22:40:01.254 I/cr_LibraryLoader(12866): Successfully loaded native library
03-28 22:40:01.255 I/cr_CachingUmaRecorder(12866): Flushed 2 samples from 2 histograms, 0 samples were dropped.
03-28 22:40:01.261 W/SystemServiceRegistry(12866): No service published for: uimode
03-28 22:40:01.279 W/chromium(12866): [WARNING:runtime_features.cc(560)] Fenced frames cannot be enabled in this configuration. Use --enable-features=FencedFrames instead.
03-28 22:40:01.279 W/chromium(12866): [WARNING:runtime_features.cc(585)] Topics cannot be enabled in this configuration. Use --enable-features=BrowsingTopics in addition.
03-28 22:40:01.279 W/chromium(12866): [WARNING:runtime_features.cc(606)] SharedStorage cannot be enabled in this configuration. Use --enable-features=SharedStorageAPI in addition.
03-28 22:40:01.292 W/libc    (12840): Access denied finding property "vendor.mesa.log"
03-28 22:40:01.292 W/libc    (12840): Access denied finding property "vendor.mesa.log.file"
03-28 22:40:01.293 E/MESA    (12840): Failed to open rendernode: No such file or directory
03-28 22:40:01.307 I/FontLog ( 7251): (REDACTED) Received query %s, URI %s
03-28 22:40:01.307 I/FontLog ( 7251): (REDACTED) Query [%s] resolved to %s
03-28 22:40:01.311 I/FontLog ( 7251): (REDACTED) Font PFD returned from cache for %s
03-28 22:40:01.311 I/FontLog ( 7251): (REDACTED) Fetch %s end status %s
03-28 22:40:01.314 W/libc    (12840): Access denied finding property "vendor.mesa.vk.trace.per.submit"
03-28 22:40:01.315 W/libc    (12840): Access denied finding property "vendor.mesa.gallium.print.optio"
03-28 22:40:01.315 W/libc    (12840): Access denied finding property "vendor.mesa.vk.trace.frame"
03-28 22:40:01.317 I/FontLog ( 7251): (REDACTED) Pulling font file for id = %d, cache size = %d
03-28 22:40:01.323 W/libc    (12840): Access denied finding property "vendor.mesa.vk.wsi.headless.swa"
03-28 22:40:01.323 I/FontLog ( 7251): (REDACTED) Received query %s, URI %s
03-28 22:40:01.324 I/FontLog ( 7251): (REDACTED) Query [%s] resolved to %s
03-28 22:40:01.325 D/Capacitor(12840): App started
03-28 22:40:01.325 I/FontLog ( 7251): (REDACTED) Fetch %s end status %s
03-28 22:40:01.326 W/WindowOnBackDispatcher(12840): OnBackInvokedCallback is not enabled for the application.
03-28 22:40:01.326 W/WindowOnBackDispatcher(12840): Set 'android:enableOnBackInvokedCallback="true"' in the application manifest.
03-28 22:40:01.330 I/FontLog ( 7251): (REDACTED) Pulling font file for id = %d, cache size = %d
03-28 22:40:01.330 D/Capacitor/AppPlugin(12840): Firing change: true
03-28 22:40:01.332 V/Capacitor/AppPlugin(12840): Notifying listeners for event appStateChange
03-28 22:40:01.332 D/Capacitor/AppPlugin(12840): No listeners found for event appStateChange
03-28 22:40:01.332 D/Capacitor(12840): App resumed
03-28 22:40:01.335 I/FontLog ( 7251): (REDACTED) Received query %s, URI %s
03-28 22:40:01.335 I/FontLog ( 7251): (REDACTED) Query [%s] resolved to %s
03-28 22:40:01.336 I/FontLog ( 7251): (REDACTED) Font PFD returned from cache for %s
03-28 22:40:01.337 I/FontLog ( 7251): (REDACTED) Fetch %s end status %s
03-28 22:40:01.340 I/FontLog ( 7251): (REDACTED) Pulling font file for id = %d, cache size = %d
03-28 22:40:01.345 I/FontLog ( 7251): (REDACTED) Received query %s, URI %s
03-28 22:40:01.346 I/FontLog ( 7251): (REDACTED) Query [%s] resolved to %s
03-28 22:40:01.346 I/FontLog ( 7251): (REDACTED) Font PFD returned from cache for %s
03-28 22:40:01.347 I/FontLog ( 7251): (REDACTED) Fetch %s end status %s
03-28 22:40:01.353 I/FontLog ( 7251): (REDACTED) Pulling font file for id = %d, cache size = %d
03-28 22:40:01.356 I/FontLog ( 7251): (REDACTED) Received query %s, URI %s
03-28 22:40:01.356 I/FontLog ( 7251): (REDACTED) Query [%s] resolved to %s
03-28 22:40:01.357 I/FontLog ( 7251): (REDACTED) Font PFD returned from cache for %s
03-28 22:40:01.357 I/FontLog ( 7251): (REDACTED) Fetch %s end status %s
03-28 22:40:01.360 I/FontLog ( 7251): (REDACTED) Pulling font file for id = %d, cache size = %d
03-28 22:40:01.397 D/CompatChangeReporter(12840): Compat change id reported: 349153669; UID 10217; state: ENABLED
03-28 22:40:01.406 W/HWUI    (12840): Unknown dataspace 0
03-28 22:40:01.408 W/chromium(12840): [WARNING:viz_main_impl.cc(85)] VizNullHypothesis is disabled (not a warning)
03-28 22:40:01.480 D/Capacitor(12840): Handling local request: http://localhost/
03-28 22:40:01.682 I/CameraManagerGlobal(12840): Connecting to camera service
03-28 22:40:01.697 I/AttributionAndPermissionUtils(  615): checkPermission (forDataDelivery 0 startDataDelivery 0): Permission hard denied for client attribution [uid 10217, pid 12840, packageName "<unknown>"]
03-28 22:40:01.702 D/CoreBackPreview(  723): Window{31b914 u0 com.studentsaas.student/com.studentsaas.student.MainActivity}: Setting back callback OnBackInvokedCallbackInfo{mCallback=android.window.IOnBackInvokedCallback$Stub$Proxy@60316ac, mPriority=0, mIsAnimationCallback=false, mOverrideBehavior=0}
03-28 22:40:02.015 I/ActivityTaskManager(  723): Displayed com.studentsaas.student/.MainActivity for user 0: +2s546ms
03-28 22:40:02.019 I/HWUI    (12840): Davey! duration=737ms; Flags=1, FrameTimelineVsyncId=47203, IntendedVsync=3640720358996, Vsync=3641120358980, InputEventId=0, HandleInputStart=3641122189000, AnimationStart=3641122212200, PerformTraversalsStart=3641138357100, DrawStart=3641317554500, FrameDeadline=3640737025662, FrameStartTime=3641120610600, FrameInterval=16666666, WorkloadTarget=16666666, SyncQueued=3641417744900, SyncStart=3641431679400, IssueDrawCommandsStart=3641431789700, SwapBuffers=3641464824100, FrameCompleted=3641471963200, DequeueBufferDuration=25300, QueueBufferDuration=628000, GpuCompleted=3641471963200, SwapBuffersCompleted=3641466502800, DisplayPresentTime=0, CommandSubmissionCompleted=3641464824100, 
03-28 22:40:02.126 I/FontLog ( 7251): (REDACTED) Received query %s, URI %s
03-28 22:40:02.126 I/FontLog ( 7251): (REDACTED) Query [%s] resolved to %s
03-28 22:40:02.135 I/FontLog ( 7251): (REDACTED) Fetch %s end status %s
03-28 22:40:02.135 I/ImeTracker(  723): com.studentsaas.student:ac21e7d9: onRequestHide at ORIGIN_SERVER reason HIDE_UNSPECIFIED_WINDOW fromUser false
03-28 22:40:02.149 I/FontLog ( 7251): (REDACTED) Pulling font file for id = %d, cache size = %d
03-28 22:40:02.155 D/InsetsController(12840): hide(ime(), fromIme=false)
03-28 22:40:02.155 I/ImeTracker(12840): com.studentsaas.student:ac21e7d9: onCancelled at PHASE_CLIENT_ALREADY_HIDDEN
03-28 22:40:02.169 I/ImeTracker(  723): system_server:4332e808: onRequestHide at ORIGIN_SERVER reason IME_REQUESTED_CHANGED_LISTENER fromUser false
03-28 22:40:02.169 I/GoogleInputMethodService( 7541): GoogleInputMethodService.onFinishInput():2043 
03-28 22:40:02.173 I/Module  ( 7541): DeviceLockedStatusModuleProvider$Module.updateDeviceLockedStatus():100 repeatCheckTimes = 0, locked = false
03-28 22:40:02.173 I/ImeTracker(  723): system_server:4332e808: onCancelled at PHASE_SERVER_SHOULD_HIDE
03-28 22:40:02.176 I/GoogleInputMethodService( 7541): GoogleInputMethodService.onStartInput():1293 onStartInput(EditorInfo{EditorInfo{packageName=com.studentsaas.student, inputType=0, inputTypeString=NULL, enableLearning=false, autoCorrection=false, autoComplete=false, imeOptions=12000000, privateImeOptions=null, actionName=UNSPECIFIED, actionLabel=null, initialSelStart=-1, initialSelEnd=-1, initialCapsMode=0, label=null, fieldId=0, fieldName=null, extras=null, hintText=null, hintLocales=[]}}, false)
03-28 22:40:02.177 I/Module  ( 7541): DeviceLockedStatusModuleProvider$Module.updateDeviceLockedStatus():100 repeatCheckTimes = 1, locked = false
03-28 22:40:02.180 D/BaseDepthController( 1493): setSurface:
03-28 22:40:02.180 D/BaseDepthController( 1493): 	mWaitingOnSurfaceValidity: false
03-28 22:40:02.180 D/BaseDepthController( 1493): 	mBaseSurface: null
03-28 22:40:02.180 D/BaseDepthController( 1493): mSurface is null and mCurrentBlur is: 0
03-28 22:40:02.181 D/StateManager( 1493): goToState - fromState: Normal, toState: Normal, partial trace:
03-28 22:40:02.181 D/StateManager( 1493): 	at com.android.launcher3.statemanager.StateManager.moveToRestState(go/retraceme 72a59688580715d19f0e415c69e80376c2f062d1648c80db6730905005a27c20:4)
03-28 22:40:02.181 D/StateManager( 1493): 	at com.android.launcher3.statemanager.StateManager.moveToRestState(go/retraceme 72a59688580715d19f0e415c69e80376c2f062d1648c80db6730905005a27c20:1)
03-28 22:40:02.181 D/StateManager( 1493): 	at com.android.launcher3.statemanager.StatefulActivity.onStop(go/retraceme 72a59688580715d19f0e415c69e80376c2f062d1648c80db6730905005a27c20:34)
03-28 22:40:02.182 D/StatsLog( 1493): LAUNCHER_ONSTOP
03-28 22:40:02.187 D/StatsLog( 1493): LAUNCHER_GOOGLE_SEARCH_RESTORE_LIST_SIZE_AFTER_ACTIVITY_RESTART
03-28 22:40:02.196 I/EmojiCompatManager( 7541): EmojiCompatManager.getEmojiCompatIfLoaded():343 EmojiCompat.init() was never called.
03-28 22:40:02.196 I/EmojiCompatManager( 7541): java.lang.IllegalStateException: EmojiCompat is not initialized. Please call EmojiCompat.init() first
03-28 22:40:02.196 I/EmojiCompatManager( 7541): 	at asx.p(PG:6)
03-28 22:40:02.196 I/EmojiCompatManager( 7541): 	at axb.b(PG:13)
03-28 22:40:02.196 I/EmojiCompatManager( 7541): 	at jnr.b(PG:2)
03-28 22:40:02.196 I/EmojiCompatManager( 7541): 	at jnr.c(PG:4)
03-28 22:40:02.196 I/EmojiCompatManager( 7541): 	at jnr.f(PG:3)
03-28 22:40:02.196 I/EmojiCompatManager( 7541): 	at jnx.c(PG:3)
03-28 22:40:02.196 I/EmojiCompatManager( 7541): 	at kif.cz(PG:47)
03-28 22:40:02.196 I/EmojiCompatManager( 7541): 	at lhl.run(PG:1025)
03-28 22:40:02.196 I/EmojiCompatManager( 7541): 	at jaf.execute(PG:12)
03-28 22:40:02.196 I/EmojiCompatManager( 7541): 	at nco.v(PG:13)
03-28 22:40:02.196 I/EmojiCompatManager( 7541): 	at lhn.m(PG:96)
03-28 22:40:02.196 I/EmojiCompatManager( 7541): 	at lhn.k(PG:25)
03-28 22:40:02.196 I/EmojiCompatManager( 7541): 	at kgn.onStartInput(PG:250)
03-28 22:40:02.196 I/EmojiCompatManager( 7541): 	at android.inputmethodservice.InputMethodService.doStartInput(InputMethodService.java:3521)
03-28 22:40:02.196 I/EmojiCompatManager( 7541): 	at android.inputmethodservice.InputMethodService$InputMethodImpl.startInput(InputMethodService.java:879)
03-28 22:40:02.196 I/EmojiCompatManager( 7541): 	at android.inputmethodservice.InputMethodService$InputMethodImpl.dispatchStartInput(InputMethodService.java:908)
03-28 22:40:02.196 I/EmojiCompatManager( 7541): 	at android.inputmethodservice.IInputMethodWrapper.executeMessage(IInputMethodWrapper.java:201)
03-28 22:40:02.196 I/EmojiCompatManager( 7541): 	at com.android.internal.os.HandlerCaller$MyHandler.handleMessage(HandlerCaller.java:44)
03-28 22:40:02.196 I/EmojiCompatManager( 7541): 	at android.os.Handler.dispatchMessage(Handler.java:110)
03-28 22:40:02.196 I/EmojiCompatManager( 7541): 	at android.os.Looper.loopOnce(Looper.java:248)
03-28 22:40:02.196 I/EmojiCompatManager( 7541): 	at android.os.Looper.loop(Looper.java:338)
03-28 22:40:02.196 I/EmojiCompatManager( 7541): 	at android.app.ActivityThread.main(ActivityThread.java:9067)
03-28 22:40:02.196 I/EmojiCompatManager( 7541): 	at java.lang.reflect.Method.invoke(Native Method)
03-28 22:40:02.196 I/EmojiCompatManager( 7541): 	at com.android.internal.os.RuntimeInit$MethodAndArgsCaller.run(RuntimeInit.java:593)
03-28 22:40:02.196 I/EmojiCompatManager( 7541): 	at com.android.internal.os.ZygoteInit.main(ZygoteInit.java:932)
03-28 22:40:02.196 I/ResourceTimer(  723): GetResourceValue count=22466 pvalues=14000,32000,39000,170000
03-28 22:40:02.196 I/ResourceTimer(  723): RetrieveAttributes count=6096 pvalues=13000,21000,37000,380000
03-28 22:40:02.198 W/PackageConfigPersister(  723): App-specific configuration not found for packageName: com.studentsaas.student and userId: 0
03-28 22:40:02.204 D/BackgroundInstallControlService(  723): Package event received: 0
03-28 22:40:02.238 I/FontLog ( 7251): (REDACTED) Pulling font file for id = %d, cache size = %d
03-28 22:40:02.394 W/IPCThreadState(  615): Sending oneway calls to frozen process.
03-28 22:40:02.419 W/WindowOnBackDispatcher( 1214): sendCancelIfRunning: isInProgress=false callback=android.view.ViewRootImpl$$ExternalSyntheticLambda13@5c2a1de
03-28 22:40:02.420 D/CoreBackPreview(  723): Window{a3a0419 u0 Splash Screen com.studentsaas.student EXITING}: Setting back callback null
03-28 22:40:02.507 D/Capacitor(12840): Handling local request: http://localhost/assets/index-ByjzEesw.js
