03-28 22:41:38.622 I/artd    (  903): GetBestInfo: odex next to the dex file (/data/app/~~gnQgLvTci_eWYgxhvQTVSw==/com.google.android.gms-moQG432v3AQpEq1_pyGNVA==/oat/x86_64/base.odex) is kOatUpToDate with filter 'speed-profile' executable 'false'
03-28 22:41:38.623 I/artd    (  903): GetBestInfo: odex next to the dex file (/data/app/~~gnQgLvTci_eWYgxhvQTVSw==/com.google.android.gms-moQG432v3AQpEq1_pyGNVA==/oat/x86_64/split_AdsDynamite_installtime.odex) is kOatUpToDate with filter 'speed' executable 'false'
03-28 22:41:38.624 I/artd    (  903): GetBestInfo: odex next to the dex file (/data/app/~~gnQgLvTci_eWYgxhvQTVSw==/com.google.android.gms-moQG432v3AQpEq1_pyGNVA==/oat/x86_64/split_CronetDynamite_installtime.odex) is kOatUpToDate with filter 'speed' executable 'false'
03-28 22:41:38.626 I/artd    (  903): GetBestInfo: odex next to the dex file (/data/app/~~gnQgLvTci_eWYgxhvQTVSw==/com.google.android.gms-moQG432v3AQpEq1_pyGNVA==/oat/x86_64/split_DynamiteLoader_installtime.odex) is kOatUpToDate with filter 'speed' executable 'false'
03-28 22:41:38.627 I/artd    (  903): GetBestInfo: odex next to the dex file (/data/app/~~gnQgLvTci_eWYgxhvQTVSw==/com.google.android.gms-moQG432v3AQpEq1_pyGNVA==/oat/x86_64/split_DynamiteModulesA_installtime.odex) is kOatUpToDate with filter 'speed' executable 'false'
03-28 22:41:38.628 I/artd    (  903): GetBestInfo: odex next to the dex file (/data/app/~~gnQgLvTci_eWYgxhvQTVSw==/com.google.android.gms-moQG432v3AQpEq1_pyGNVA==/oat/x86_64/split_DynamiteModulesC_installtime.odex) is kOatUpToDate with filter 'speed' executable 'false'
03-28 22:41:38.629 I/artd    (  903): GetBestInfo: odex next to the dex file (/data/app/~~gnQgLvTci_eWYgxhvQTVSw==/com.google.android.gms-moQG432v3AQpEq1_pyGNVA==/oat/x86_64/split_GoogleCertificates_installtime.odex) is kOatUpToDate with filter 'speed' executable 'false'
03-28 22:41:38.631 I/artd    (  903): GetBestInfo: odex next to the dex file (/data/app/~~gnQgLvTci_eWYgxhvQTVSw==/com.google.android.gms-moQG432v3AQpEq1_pyGNVA==/oat/x86_64/split_MapsDynamite_installtime.odex) is kOatUpToDate with filter 'speed' executable 'false'
03-28 22:41:38.632 I/artd    (  903): GetBestInfo: odex next to the dex file (/data/app/~~gnQgLvTci_eWYgxhvQTVSw==/com.google.android.gms-moQG432v3AQpEq1_pyGNVA==/oat/x86_64/split_MeasurementDynamite_installtime.odex) is kOatUpToDate with filter 'speed' executable 'false'
03-28 22:41:38.633 I/artd    (  903): GetBestInfo: /data/user_de/0/com.google.android.gms/app_chimera/m/00000004/DynamiteModulesC.apk has no usable artifacts
03-28 22:41:38.634 I/artd    (  903): GetBestInfo: /data/user_de/0/com.google.android.gms/app_chimera/m/00000001/CronetDynamite.apk has no usable artifacts
03-28 22:41:38.634 I/artd    (  903): GetBestInfo: /data/user_de/0/com.google.android.gms/app_chimera/m/00000002/DynamiteLoader.apk has no usable artifacts
03-28 22:41:38.635 I/artd    (  903): GetBestInfo: /data/user_de/0/com.google.android.gms/app_chimera/m/00000014/dl-Appsearch.optional_261035100800.apk has no usable artifacts
03-28 22:41:38.636 I/artd    (  903): GetBestInfo: /data/user_de/0/com.google.android.gms/app_chimera/m/00000012/dl-MlkitOcrCommon.optional_261035100800.apk has no usable artifacts
03-28 22:41:38.636 I/artd    (  903): GetBestInfo: /data/user_de/0/com.google.android.gms/app_chimera/m/00000005/GoogleCertificates.apk has no usable artifacts
03-28 22:41:38.638 I/artd    (  903): GetBestInfo: vdex next to the dex file (/data/user/0/com.google.android.gms/app_dg_cache/E893C01D331CD1FBE6F076D28A1BA871F16A1DEC/oat/x86_64/the.vdex) is kOatUpToDate with filter 'verify' executable 'false'
03-28 22:41:38.639 I/artd    (  903): GetBestInfo: /data/user_de/0/com.google.android.gms/app_chimera/m/00000008/dl-TfliteDynamiteDynamite.integ_252130102100800.apk has no usable artifacts
03-28 22:41:38.640 I/artd    (  903): GetBestInfo: vdex next to the dex file (/data/user/0/com.google.android.gms/app_dg_cache/E054CA794C125F959C88D4849C82AB3F226237E6/oat/x86_64/the.vdex) is kOatUpToDate with filter 'verify' executable 'false'
03-28 22:41:38.641 I/artd    (  903): GetBestInfo: /data/user_de/0/com.google.android.gms/app_chimera/m/00000009/dl-Appsearch.optional_250834100800.apk has no usable artifacts
03-28 22:41:38.642 I/artd    (  903): GetBestInfo: /data/user_de/0/com.google.android.gms/app_chimera/m/0000000e/dl-PlayCloudSearch.optional_261035100000.apk has no usable artifacts
03-28 22:41:38.643 I/artd    (  903): GetBestInfo: vdex next to the dex file (/data/user/0/com.google.android.gms/app_dg_cache/492BB24C67899DCD3E45A896813896109D71DC84/oat/x86_64/the.vdex) is kOatUpToDate with filter 'verify' executable 'false'
03-28 22:41:38.644 I/artd    (  903): GetBestInfo: /data/user_de/0/com.google.android.gms/app_chimera/m/0000000f/dl-MlkitBarcodeUi.optional_261035100800.apk has no usable artifacts
03-28 22:41:38.646 I/artd    (  903): GetBestInfo: /data/user_de/0/com.google.android.gms/app_chimera/m/00000010/dl-VisionOcr.optional_261035100000.apk has no usable artifacts
03-28 22:41:38.646 I/artd    (  903): GetBestInfo: /data/user_de/0/com.google.android.gms/app_chimera/m/00000007/MeasurementDynamite.apk has no usable artifacts
03-28 22:41:40.412 I/wpa_supplicant( 1470): wlan0: CTRL-EVENT-BEACON-LOSS 
03-28 22:41:42.630 D/ActivityManager(  723): freezing 9939 com.google.android.partnersetup
03-28 22:41:42.633 D/InetDiagMessage(  723): Destroyed 0 sockets, proto=IPPROTO_TCP, family=AF_INET, states=14
03-28 22:41:42.634 D/InetDiagMessage(  723): Destroyed 0 sockets, proto=IPPROTO_TCP, family=AF_INET6, states=14
03-28 22:41:42.634 D/InetDiagMessage(  723): Destroyed live tcp sockets for uids={10140} in 3ms
03-28 22:41:42.798 D/SatelliteController( 1397): iisInCarrierRoamingNbIotNtn: satellite is disabled
03-28 22:41:42.826 I/bbax    ( 1889): (REDACTED) getHotwordActive::active query: %s, watch: %s, devices connected: %s
03-28 22:41:48.549 W/dumpsys (12993): Thread Pool max thread count is 0. Cannot cache binder as linkToDeath cannot be implemented. serviceName: package
03-28 22:41:48.602 I/wpa_supplicant( 1470): wlan0: CTRL-EVENT-BEACON-LOSS 
03-28 22:41:48.640 I/artd    (  903): GetBestInfo: odex next to the dex file (/data/app/~~gnQgLvTci_eWYgxhvQTVSw==/com.google.android.gms-moQG432v3AQpEq1_pyGNVA==/oat/x86_64/base.odex) is kOatUpToDate with filter 'speed-profile' executable 'false'
03-28 22:41:48.641 I/artd    (  903): GetBestInfo: odex next to the dex file (/data/app/~~gnQgLvTci_eWYgxhvQTVSw==/com.google.android.gms-moQG432v3AQpEq1_pyGNVA==/oat/x86_64/split_AdsDynamite_installtime.odex) is kOatUpToDate with filter 'speed' executable 'false'
03-28 22:41:48.643 I/artd    (  903): GetBestInfo: odex next to the dex file (/data/app/~~gnQgLvTci_eWYgxhvQTVSw==/com.google.android.gms-moQG432v3AQpEq1_pyGNVA==/oat/x86_64/split_CronetDynamite_installtime.odex) is kOatUpToDate with filter 'speed' executable 'false'
03-28 22:41:48.644 I/artd    (  903): GetBestInfo: odex next to the dex file (/data/app/~~gnQgLvTci_eWYgxhvQTVSw==/com.google.android.gms-moQG432v3AQpEq1_pyGNVA==/oat/x86_64/split_DynamiteLoader_installtime.odex) is kOatUpToDate with filter 'speed' executable 'false'
03-28 22:41:48.645 I/artd    (  903): GetBestInfo: odex next to the dex file (/data/app/~~gnQgLvTci_eWYgxhvQTVSw==/com.google.android.gms-moQG432v3AQpEq1_pyGNVA==/oat/x86_64/split_DynamiteModulesA_installtime.odex) is kOatUpToDate with filter 'speed' executable 'false'
03-28 22:41:48.646 I/artd    (  903): GetBestInfo: odex next to the dex file (/data/app/~~gnQgLvTci_eWYgxhvQTVSw==/com.google.android.gms-moQG432v3AQpEq1_pyGNVA==/oat/x86_64/split_DynamiteModulesC_installtime.odex) is kOatUpToDate with filter 'speed' executable 'false'
03-28 22:41:48.647 I/artd    (  903): GetBestInfo: odex next to the dex file (/data/app/~~gnQgLvTci_eWYgxhvQTVSw==/com.google.android.gms-moQG432v3AQpEq1_pyGNVA==/oat/x86_64/split_GoogleCertificates_installtime.odex) is kOatUpToDate with filter 'speed' executable 'false'
03-28 22:41:48.648 I/artd    (  903): GetBestInfo: odex next to the dex file (/data/app/~~gnQgLvTci_eWYgxhvQTVSw==/com.google.android.gms-moQG432v3AQpEq1_pyGNVA==/oat/x86_64/split_MapsDynamite_installtime.odex) is kOatUpToDate with filter 'speed' executable 'false'
03-28 22:41:48.649 I/artd    (  903): GetBestInfo: odex next to the dex file (/data/app/~~gnQgLvTci_eWYgxhvQTVSw==/com.google.android.gms-moQG432v3AQpEq1_pyGNVA==/oat/x86_64/split_MeasurementDynamite_installtime.odex) is kOatUpToDate with filter 'speed' executable 'false'
03-28 22:41:48.651 I/artd    (  903): GetBestInfo: /data/user_de/0/com.google.android.gms/app_chimera/m/00000004/DynamiteModulesC.apk has no usable artifacts
03-28 22:41:48.651 I/artd    (  903): GetBestInfo: /data/user_de/0/com.google.android.gms/app_chimera/m/00000001/CronetDynamite.apk has no usable artifacts
03-28 22:41:48.651 I/artd    (  903): GetBestInfo: /data/user_de/0/com.google.android.gms/app_chimera/m/00000002/DynamiteLoader.apk has no usable artifacts
03-28 22:41:48.652 I/artd    (  903): GetBestInfo: /data/user_de/0/com.google.android.gms/app_chimera/m/00000014/dl-Appsearch.optional_261035100800.apk has no usable artifacts
03-28 22:41:48.653 I/artd    (  903): GetBestInfo: /data/user_de/0/com.google.android.gms/app_chimera/m/00000012/dl-MlkitOcrCommon.optional_261035100800.apk has no usable artifacts
03-28 22:41:48.653 I/artd    (  903): GetBestInfo: /data/user_de/0/com.google.android.gms/app_chimera/m/00000005/GoogleCertificates.apk has no usable artifacts
03-28 22:41:48.655 I/artd    (  903): GetBestInfo: vdex next to the dex file (/data/user/0/com.google.android.gms/app_dg_cache/E893C01D331CD1FBE6F076D28A1BA871F16A1DEC/oat/x86_64/the.vdex) is kOatUpToDate with filter 'verify' executable 'false'
03-28 22:41:48.656 I/artd    (  903): GetBestInfo: /data/user_de/0/com.google.android.gms/app_chimera/m/00000008/dl-TfliteDynamiteDynamite.integ_252130102100800.apk has no usable artifacts
03-28 22:41:48.657 I/artd    (  903): GetBestInfo: vdex next to the dex file (/data/user/0/com.google.android.gms/app_dg_cache/E054CA794C125F959C88D4849C82AB3F226237E6/oat/x86_64/the.vdex) is kOatUpToDate with filter 'verify' executable 'false'
03-28 22:41:48.658 I/artd    (  903): GetBestInfo: /data/user_de/0/com.google.android.gms/app_chimera/m/00000009/dl-Appsearch.optional_250834100800.apk has no usable artifacts
03-28 22:41:48.659 I/artd    (  903): GetBestInfo: /data/user_de/0/com.google.android.gms/app_chimera/m/0000000e/dl-PlayCloudSearch.optional_261035100000.apk has no usable artifacts
03-28 22:41:48.660 I/artd    (  903): GetBestInfo: vdex next to the dex file (/data/user/0/com.google.android.gms/app_dg_cache/492BB24C67899DCD3E45A896813896109D71DC84/oat/x86_64/the.vdex) is kOatUpToDate with filter 'verify' executable 'false'
03-28 22:41:48.660 I/artd    (  903): GetBestInfo: /data/user_de/0/com.google.android.gms/app_chimera/m/0000000f/dl-MlkitBarcodeUi.optional_261035100800.apk has no usable artifacts
03-28 22:41:48.661 I/artd    (  903): GetBestInfo: /data/user_de/0/com.google.android.gms/app_chimera/m/00000010/dl-VisionOcr.optional_261035100000.apk has no usable artifacts
03-28 22:41:48.662 I/artd    (  903): GetBestInfo: /data/user_de/0/com.google.android.gms/app_chimera/m/00000007/MeasurementDynamite.apk has no usable artifacts
03-28 22:41:52.799 D/SatelliteController( 1397): iisInCarrierRoamingNbIotNtn: satellite is disabled
03-28 22:41:56.538 I/wpa_supplicant( 1470): wlan0: CTRL-EVENT-BEACON-LOSS 
03-28 22:41:58.531 W/dumpsys (12997): Thread Pool max thread count is 0. Cannot cache binder as linkToDeath cannot be implemented. serviceName: package
03-28 22:41:58.620 I/artd    (  903): GetBestInfo: odex next to the dex file (/data/app/~~gnQgLvTci_eWYgxhvQTVSw==/com.google.android.gms-moQG432v3AQpEq1_pyGNVA==/oat/x86_64/base.odex) is kOatUpToDate with filter 'speed-profile' executable 'false'
03-28 22:41:58.622 I/artd    (  903): GetBestInfo: odex next to the dex file (/data/app/~~gnQgLvTci_eWYgxhvQTVSw==/com.google.android.gms-moQG432v3AQpEq1_pyGNVA==/oat/x86_64/split_AdsDynamite_installtime.odex) is kOatUpToDate with filter 'speed' executable 'false'
03-28 22:41:58.624 I/artd    (  903): GetBestInfo: odex next to the dex file (/data/app/~~gnQgLvTci_eWYgxhvQTVSw==/com.google.android.gms-moQG432v3AQpEq1_pyGNVA==/oat/x86_64/split_CronetDynamite_installtime.odex) is kOatUpToDate with filter 'speed' executable 'false'
03-28 22:41:58.625 I/artd    (  903): GetBestInfo: odex next to the dex file (/data/app/~~gnQgLvTci_eWYgxhvQTVSw==/com.google.android.gms-moQG432v3AQpEq1_pyGNVA==/oat/x86_64/split_DynamiteLoader_installtime.odex) is kOatUpToDate with filter 'speed' executable 'false'
03-28 22:41:58.626 I/artd    (  903): GetBestInfo: odex next to the dex file (/data/app/~~gnQgLvTci_eWYgxhvQTVSw==/com.google.android.gms-moQG432v3AQpEq1_pyGNVA==/oat/x86_64/split_DynamiteModulesA_installtime.odex) is kOatUpToDate with filter 'speed' executable 'false'
03-28 22:41:58.627 I/artd    (  903): GetBestInfo: odex next to the dex file (/data/app/~~gnQgLvTci_eWYgxhvQTVSw==/com.google.android.gms-moQG432v3AQpEq1_pyGNVA==/oat/x86_64/split_DynamiteModulesC_installtime.odex) is kOatUpToDate with filter 'speed' executable 'false'
03-28 22:41:58.628 I/artd    (  903): GetBestInfo: odex next to the dex file (/data/app/~~gnQgLvTci_eWYgxhvQTVSw==/com.google.android.gms-moQG432v3AQpEq1_pyGNVA==/oat/x86_64/split_GoogleCertificates_installtime.odex) is kOatUpToDate with filter 'speed' executable 'false'
03-28 22:41:58.630 I/artd    (  903): GetBestInfo: odex next to the dex file (/data/app/~~gnQgLvTci_eWYgxhvQTVSw==/com.google.android.gms-moQG432v3AQpEq1_pyGNVA==/oat/x86_64/split_MapsDynamite_installtime.odex) is kOatUpToDate with filter 'speed' executable 'false'
03-28 22:41:58.631 I/artd    (  903): GetBestInfo: odex next to the dex file (/data/app/~~gnQgLvTci_eWYgxhvQTVSw==/com.google.android.gms-moQG432v3AQpEq1_pyGNVA==/oat/x86_64/split_MeasurementDynamite_installtime.odex) is kOatUpToDate with filter 'speed' executable 'false'
03-28 22:41:58.632 I/artd    (  903): GetBestInfo: /data/user_de/0/com.google.android.gms/app_chimera/m/00000004/DynamiteModulesC.apk has no usable artifacts
03-28 22:41:58.633 I/artd    (  903): GetBestInfo: /data/user_de/0/com.google.android.gms/app_chimera/m/00000001/CronetDynamite.apk has no usable artifacts
03-28 22:41:58.633 I/artd    (  903): GetBestInfo: /data/user_de/0/com.google.android.gms/app_chimera/m/00000002/DynamiteLoader.apk has no usable artifacts
03-28 22:41:58.634 I/artd    (  903): GetBestInfo: /data/user_de/0/com.google.android.gms/app_chimera/m/00000014/dl-Appsearch.optional_261035100800.apk has no usable artifacts
03-28 22:41:58.635 I/artd    (  903): GetBestInfo: /data/user_de/0/com.google.android.gms/app_chimera/m/00000012/dl-MlkitOcrCommon.optional_261035100800.apk has no usable artifacts
03-28 22:41:58.635 I/artd    (  903): GetBestInfo: /data/user_de/0/com.google.android.gms/app_chimera/m/00000005/GoogleCertificates.apk has no usable artifacts
03-28 22:41:58.636 I/artd    (  903): GetBestInfo: vdex next to the dex file (/data/user/0/com.google.android.gms/app_dg_cache/E893C01D331CD1FBE6F076D28A1BA871F16A1DEC/oat/x86_64/the.vdex) is kOatUpToDate with filter 'verify' executable 'false'
03-28 22:41:58.637 I/artd    (  903): GetBestInfo: /data/user_de/0/com.google.android.gms/app_chimera/m/00000008/dl-TfliteDynamiteDynamite.integ_252130102100800.apk has no usable artifacts
03-28 22:41:58.639 I/artd    (  903): GetBestInfo: vdex next to the dex file (/data/user/0/com.google.android.gms/app_dg_cache/E054CA794C125F959C88D4849C82AB3F226237E6/oat/x86_64/the.vdex) is kOatUpToDate with filter 'verify' executable 'false'
03-28 22:41:58.640 I/artd    (  903): GetBestInfo: /data/user_de/0/com.google.android.gms/app_chimera/m/00000009/dl-Appsearch.optional_250834100800.apk has no usable artifacts
03-28 22:41:58.641 I/artd    (  903): GetBestInfo: /data/user_de/0/com.google.android.gms/app_chimera/m/0000000e/dl-PlayCloudSearch.optional_261035100000.apk has no usable artifacts
03-28 22:41:58.642 I/artd    (  903): GetBestInfo: vdex next to the dex file (/data/user/0/com.google.android.gms/app_dg_cache/492BB24C67899DCD3E45A896813896109D71DC84/oat/x86_64/the.vdex) is kOatUpToDate with filter 'verify' executable 'false'
03-28 22:41:58.643 I/artd    (  903): GetBestInfo: /data/user_de/0/com.google.android.gms/app_chimera/m/0000000f/dl-MlkitBarcodeUi.optional_261035100800.apk has no usable artifacts
03-28 22:41:58.644 I/artd    (  903): GetBestInfo: /data/user_de/0/com.google.android.gms/app_chimera/m/00000010/dl-VisionOcr.optional_261035100000.apk has no usable artifacts
03-28 22:41:58.644 I/artd    (  903): GetBestInfo: /data/user_de/0/com.google.android.gms/app_chimera/m/00000007/MeasurementDynamite.apk has no usable artifacts
03-28 22:41:59.606 W/BugleRcsEngine( 5091): Unable to send diagnostic log [CONTEXT thread_id=83 ]
03-28 22:42:02.799 D/SatelliteController( 1397): iisInCarrierRoamingNbIotNtn: satellite is disabled
03-28 22:42:02.936 D/ApfFilter( 1335): (wlan0): Adding RA fe80::2 -> ff02::1 1800s fec0::/64 86400s/14400s DNS 1200000s fec0::3 
03-28 22:42:04.475 I/wpa_supplicant( 1470): wlan0: CTRL-EVENT-BEACON-LOSS 
03-28 22:42:08.533 W/dumpsys (13006): Thread Pool max thread count is 0. Cannot cache binder as linkToDeath cannot be implemented. serviceName: package
03-28 22:42:08.613 I/artd    (  903): GetBestInfo: odex next to the dex file (/data/app/~~gnQgLvTci_eWYgxhvQTVSw==/com.google.android.gms-moQG432v3AQpEq1_pyGNVA==/oat/x86_64/base.odex) is kOatUpToDate with filter 'speed-profile' executable 'false'
03-28 22:42:08.615 I/artd    (  903): GetBestInfo: odex next to the dex file (/data/app/~~gnQgLvTci_eWYgxhvQTVSw==/com.google.android.gms-moQG432v3AQpEq1_pyGNVA==/oat/x86_64/split_AdsDynamite_installtime.odex) is kOatUpToDate with filter 'speed' executable 'false'
03-28 22:42:08.617 I/artd    (  903): GetBestInfo: odex next to the dex file (/data/app/~~gnQgLvTci_eWYgxhvQTVSw==/com.google.android.gms-moQG432v3AQpEq1_pyGNVA==/oat/x86_64/split_CronetDynamite_installtime.odex) is kOatUpToDate with filter 'speed' executable 'false'
03-28 22:42:08.618 I/artd    (  903): GetBestInfo: odex next to the dex file (/data/app/~~gnQgLvTci_eWYgxhvQTVSw==/com.google.android.gms-moQG432v3AQpEq1_pyGNVA==/oat/x86_64/split_DynamiteLoader_installtime.odex) is kOatUpToDate with filter 'speed' executable 'false'
03-28 22:42:08.619 I/artd    (  903): GetBestInfo: odex next to the dex file (/data/app/~~gnQgLvTci_eWYgxhvQTVSw==/com.google.android.gms-moQG432v3AQpEq1_pyGNVA==/oat/x86_64/split_DynamiteModulesA_installtime.odex) is kOatUpToDate with filter 'speed' executable 'false'
03-28 22:42:08.620 I/artd    (  903): GetBestInfo: odex next to the dex file (/data/app/~~gnQgLvTci_eWYgxhvQTVSw==/com.google.android.gms-moQG432v3AQpEq1_pyGNVA==/oat/x86_64/split_DynamiteModulesC_installtime.odex) is kOatUpToDate with filter 'speed' executable 'false'
03-28 22:42:08.622 I/artd    (  903): GetBestInfo: odex next to the dex file (/data/app/~~gnQgLvTci_eWYgxhvQTVSw==/com.google.android.gms-moQG432v3AQpEq1_pyGNVA==/oat/x86_64/split_GoogleCertificates_installtime.odex) is kOatUpToDate with filter 'speed' executable 'false'
03-28 22:42:08.623 I/artd    (  903): GetBestInfo: odex next to the dex file (/data/app/~~gnQgLvTci_eWYgxhvQTVSw==/com.google.android.gms-moQG432v3AQpEq1_pyGNVA==/oat/x86_64/split_MapsDynamite_installtime.odex) is kOatUpToDate with filter 'speed' executable 'false'
03-28 22:42:08.624 I/artd    (  903): GetBestInfo: odex next to the dex file (/data/app/~~gnQgLvTci_eWYgxhvQTVSw==/com.google.android.gms-moQG432v3AQpEq1_pyGNVA==/oat/x86_64/split_MeasurementDynamite_installtime.odex) is kOatUpToDate with filter 'speed' executable 'false'
03-28 22:42:08.625 I/artd    (  903): GetBestInfo: /data/user_de/0/com.google.android.gms/app_chimera/m/00000004/DynamiteModulesC.apk has no usable artifacts
03-28 22:42:08.626 I/artd    (  903): GetBestInfo: /data/user_de/0/com.google.android.gms/app_chimera/m/00000001/CronetDynamite.apk has no usable artifacts
03-28 22:42:08.626 I/artd    (  903): GetBestInfo: /data/user_de/0/com.google.android.gms/app_chimera/m/00000002/DynamiteLoader.apk has no usable artifacts
03-28 22:42:08.627 I/artd    (  903): GetBestInfo: /data/user_de/0/com.google.android.gms/app_chimera/m/00000014/dl-Appsearch.optional_261035100800.apk has no usable artifacts
03-28 22:42:08.628 I/artd    (  903): GetBestInfo: /data/user_de/0/com.google.android.gms/app_chimera/m/00000012/dl-MlkitOcrCommon.optional_261035100800.apk has no usable artifacts
03-28 22:42:08.628 I/artd    (  903): GetBestInfo: /data/user_de/0/com.google.android.gms/app_chimera/m/00000005/GoogleCertificates.apk has no usable artifacts
03-28 22:42:08.630 I/artd    (  903): GetBestInfo: vdex next to the dex file (/data/user/0/com.google.android.gms/app_dg_cache/E893C01D331CD1FBE6F076D28A1BA871F16A1DEC/oat/x86_64/the.vdex) is kOatUpToDate with filter 'verify' executable 'false'
03-28 22:42:08.631 I/artd    (  903): GetBestInfo: /data/user_de/0/com.google.android.gms/app_chimera/m/00000008/dl-TfliteDynamiteDynamite.integ_252130102100800.apk has no usable artifacts
03-28 22:42:08.632 I/artd    (  903): GetBestInfo: vdex next to the dex file (/data/user/0/com.google.android.gms/app_dg_cache/E054CA794C125F959C88D4849C82AB3F226237E6/oat/x86_64/the.vdex) is kOatUpToDate with filter 'verify' executable 'false'
03-28 22:42:08.633 I/artd    (  903): GetBestInfo: /data/user_de/0/com.google.android.gms/app_chimera/m/00000009/dl-Appsearch.optional_250834100800.apk has no usable artifacts
03-28 22:42:08.634 I/artd    (  903): GetBestInfo: /data/user_de/0/com.google.android.gms/app_chimera/m/0000000e/dl-PlayCloudSearch.optional_261035100000.apk has no usable artifacts
03-28 22:42:08.635 I/artd    (  903): GetBestInfo: vdex next to the dex file (/data/user/0/com.google.android.gms/app_dg_cache/492BB24C67899DCD3E45A896813896109D71DC84/oat/x86_64/the.vdex) is kOatUpToDate with filter 'verify' executable 'false'
03-28 22:42:08.636 I/artd    (  903): GetBestInfo: /data/user_de/0/com.google.android.gms/app_chimera/m/0000000f/dl-MlkitBarcodeUi.optional_261035100800.apk has no usable artifacts
03-28 22:42:08.637 I/artd    (  903): GetBestInfo: /data/user_de/0/com.google.android.gms/app_chimera/m/00000010/dl-VisionOcr.optional_261035100000.apk has no usable artifacts
03-28 22:42:08.638 I/artd    (  903): GetBestInfo: /data/user_de/0/com.google.android.gms/app_chimera/m/00000007/MeasurementDynamite.apk has no usable artifacts
03-28 22:42:12.410 I/wpa_supplicant( 1470): wlan0: CTRL-EVENT-BEACON-LOSS 
03-28 22:42:12.799 D/SatelliteController( 1397): iisInCarrierRoamingNbIotNtn: satellite is disabled
03-28 22:42:18.537 W/dumpsys (13009): Thread Pool max thread count is 0. Cannot cache binder as linkToDeath cannot be implemented. serviceName: package
03-28 22:42:18.623 I/artd    (  903): GetBestInfo: odex next to the dex file (/data/app/~~gnQgLvTci_eWYgxhvQTVSw==/com.google.android.gms-moQG432v3AQpEq1_pyGNVA==/oat/x86_64/base.odex) is kOatUpToDate with filter 'speed-profile' executable 'false'
03-28 22:42:18.624 I/artd    (  903): GetBestInfo: odex next to the dex file (/data/app/~~gnQgLvTci_eWYgxhvQTVSw==/com.google.android.gms-moQG432v3AQpEq1_pyGNVA==/oat/x86_64/split_AdsDynamite_installtime.odex) is kOatUpToDate with filter 'speed' executable 'false'
03-28 22:42:18.626 I/artd    (  903): GetBestInfo: odex next to the dex file (/data/app/~~gnQgLvTci_eWYgxhvQTVSw==/com.google.android.gms-moQG432v3AQpEq1_pyGNVA==/oat/x86_64/split_CronetDynamite_installtime.odex) is kOatUpToDate with filter 'speed' executable 'false'
03-28 22:42:18.627 I/artd    (  903): GetBestInfo: odex next to the dex file (/data/app/~~gnQgLvTci_eWYgxhvQTVSw==/com.google.android.gms-moQG432v3AQpEq1_pyGNVA==/oat/x86_64/split_DynamiteLoader_installtime.odex) is kOatUpToDate with filter 'speed' executable 'false'
03-28 22:42:18.628 I/artd    (  903): GetBestInfo: odex next to the dex file (/data/app/~~gnQgLvTci_eWYgxhvQTVSw==/com.google.android.gms-moQG432v3AQpEq1_pyGNVA==/oat/x86_64/split_DynamiteModulesA_installtime.odex) is kOatUpToDate with filter 'speed' executable 'false'
03-28 22:42:18.630 I/artd    (  903): GetBestInfo: odex next to the dex file (/data/app/~~gnQgLvTci_eWYgxhvQTVSw==/com.google.android.gms-moQG432v3AQpEq1_pyGNVA==/oat/x86_64/split_DynamiteModulesC_installtime.odex) is kOatUpToDate with filter 'speed' executable 'false'
03-28 22:42:18.631 I/artd    (  903): GetBestInfo: odex next to the dex file (/data/app/~~gnQgLvTci_eWYgxhvQTVSw==/com.google.android.gms-moQG432v3AQpEq1_pyGNVA==/oat/x86_64/split_GoogleCertificates_installtime.odex) is kOatUpToDate with filter 'speed' executable 'false'
03-28 22:42:18.632 I/artd    (  903): GetBestInfo: odex next to the dex file (/data/app/~~gnQgLvTci_eWYgxhvQTVSw==/com.google.android.gms-moQG432v3AQpEq1_pyGNVA==/oat/x86_64/split_MapsDynamite_installtime.odex) is kOatUpToDate with filter 'speed' executable 'false'
03-28 22:42:18.633 I/artd    (  903): GetBestInfo: odex next to the dex file (/data/app/~~gnQgLvTci_eWYgxhvQTVSw==/com.google.android.gms-moQG432v3AQpEq1_pyGNVA==/oat/x86_64/split_MeasurementDynamite_installtime.odex) is kOatUpToDate with filter 'speed' executable 'false'
03-28 22:42:18.634 I/artd    (  903): GetBestInfo: /data/user_de/0/com.google.android.gms/app_chimera/m/00000004/DynamiteModulesC.apk has no usable artifacts
03-28 22:42:18.635 I/artd    (  903): GetBestInfo: /data/user_de/0/com.google.android.gms/app_chimera/m/00000001/CronetDynamite.apk has no usable artifacts
03-28 22:42:18.635 I/artd    (  903): GetBestInfo: /data/user_de/0/com.google.android.gms/app_chimera/m/00000002/DynamiteLoader.apk has no usable artifacts
03-28 22:42:18.636 I/artd    (  903): GetBestInfo: /data/user_de/0/com.google.android.gms/app_chimera/m/00000014/dl-Appsearch.optional_261035100800.apk has no usable artifacts
03-28 22:42:18.637 I/artd    (  903): GetBestInfo: /data/user_de/0/com.google.android.gms/app_chimera/m/00000012/dl-MlkitOcrCommon.optional_261035100800.apk has no usable artifacts
03-28 22:42:18.638 I/artd    (  903): GetBestInfo: /data/user_de/0/com.google.android.gms/app_chimera/m/00000005/GoogleCertificates.apk has no usable artifacts
03-28 22:42:18.639 I/artd    (  903): GetBestInfo: vdex next to the dex file (/data/user/0/com.google.android.gms/app_dg_cache/E893C01D331CD1FBE6F076D28A1BA871F16A1DEC/oat/x86_64/the.vdex) is kOatUpToDate with filter 'verify' executable 'false'
03-28 22:42:18.640 I/artd    (  903): GetBestInfo: /data/user_de/0/com.google.android.gms/app_chimera/m/00000008/dl-TfliteDynamiteDynamite.integ_252130102100800.apk has no usable artifacts
03-28 22:42:18.641 I/artd    (  903): GetBestInfo: vdex next to the dex file (/data/user/0/com.google.android.gms/app_dg_cache/E054CA794C125F959C88D4849C82AB3F226237E6/oat/x86_64/the.vdex) is kOatUpToDate with filter 'verify' executable 'false'
03-28 22:42:18.642 I/artd    (  903): GetBestInfo: /data/user_de/0/com.google.android.gms/app_chimera/m/00000009/dl-Appsearch.optional_250834100800.apk has no usable artifacts
03-28 22:42:18.643 I/artd    (  903): GetBestInfo: /data/user_de/0/com.google.android.gms/app_chimera/m/0000000e/dl-PlayCloudSearch.optional_261035100000.apk has no usable artifacts
03-28 22:42:18.644 I/artd    (  903): GetBestInfo: vdex next to the dex file (/data/user/0/com.google.android.gms/app_dg_cache/492BB24C67899DCD3E45A896813896109D71DC84/oat/x86_64/the.vdex) is kOatUpToDate with filter 'verify' executable 'false'
03-28 22:42:18.645 I/artd    (  903): GetBestInfo: /data/user_de/0/com.google.android.gms/app_chimera/m/0000000f/dl-MlkitBarcodeUi.optional_261035100800.apk has no usable artifacts
03-28 22:42:18.646 I/artd    (  903): GetBestInfo: /data/user_de/0/com.google.android.gms/app_chimera/m/00000010/dl-VisionOcr.optional_261035100000.apk has no usable artifacts
03-28 22:42:18.646 I/artd    (  903): GetBestInfo: /data/user_de/0/com.google.android.gms/app_chimera/m/00000007/MeasurementDynamite.apk has no usable artifacts
03-28 22:42:20.602 I/wpa_supplicant( 1470): wlan0: CTRL-EVENT-BEACON-LOSS 
03-28 22:42:22.799 D/SatelliteController( 1397): iisInCarrierRoamingNbIotNtn: satellite is disabled
03-28 22:42:28.538 I/wpa_supplicant( 1470): wlan0: CTRL-EVENT-BEACON-LOSS 
03-28 22:42:28.546 W/dumpsys (13012): Thread Pool max thread count is 0. Cannot cache binder as linkToDeath cannot be implemented. serviceName: package
03-28 22:42:28.652 I/artd    (  903): GetBestInfo: odex next to the dex file (/data/app/~~gnQgLvTci_eWYgxhvQTVSw==/com.google.android.gms-moQG432v3AQpEq1_pyGNVA==/oat/x86_64/base.odex) is kOatUpToDate with filter 'speed-profile' executable 'false'
03-28 22:42:28.654 I/artd    (  903): GetBestInfo: odex next to the dex file (/data/app/~~gnQgLvTci_eWYgxhvQTVSw==/com.google.android.gms-moQG432v3AQpEq1_pyGNVA==/oat/x86_64/split_AdsDynamite_installtime.odex) is kOatUpToDate with filter 'speed' executable 'false'
03-28 22:42:28.655 I/artd    (  903): GetBestInfo: odex next to the dex file (/data/app/~~gnQgLvTci_eWYgxhvQTVSw==/com.google.android.gms-moQG432v3AQpEq1_pyGNVA==/oat/x86_64/split_CronetDynamite_installtime.odex) is kOatUpToDate with filter 'speed' executable 'false'
03-28 22:42:28.656 I/artd    (  903): GetBestInfo: odex next to the dex file (/data/app/~~gnQgLvTci_eWYgxhvQTVSw==/com.google.android.gms-moQG432v3AQpEq1_pyGNVA==/oat/x86_64/split_DynamiteLoader_installtime.odex) is kOatUpToDate with filter 'speed' executable 'false'
03-28 22:42:28.658 I/artd    (  903): GetBestInfo: odex next to the dex file (/data/app/~~gnQgLvTci_eWYgxhvQTVSw==/com.google.android.gms-moQG432v3AQpEq1_pyGNVA==/oat/x86_64/split_DynamiteModulesA_installtime.odex) is kOatUpToDate with filter 'speed' executable 'false'
03-28 22:42:28.659 I/artd    (  903): GetBestInfo: odex next to the dex file (/data/app/~~gnQgLvTci_eWYgxhvQTVSw==/com.google.android.gms-moQG432v3AQpEq1_pyGNVA==/oat/x86_64/split_DynamiteModulesC_installtime.odex) is kOatUpToDate with filter 'speed' executable 'false'
03-28 22:42:28.661 I/artd    (  903): GetBestInfo: odex next to the dex file (/data/app/~~gnQgLvTci_eWYgxhvQTVSw==/com.google.android.gms-moQG432v3AQpEq1_pyGNVA==/oat/x86_64/split_GoogleCertificates_installtime.odex) is kOatUpToDate with filter 'speed' executable 'false'
03-28 22:42:28.662 I/artd    (  903): GetBestInfo: odex next to the dex file (/data/app/~~gnQgLvTci_eWYgxhvQTVSw==/com.google.android.gms-moQG432v3AQpEq1_pyGNVA==/oat/x86_64/split_MapsDynamite_installtime.odex) is kOatUpToDate with filter 'speed' executable 'false'
03-28 22:42:28.663 I/system_server(  723): Background concurrent mark compact GC freed 25MB AllocSpace bytes, 7(140KB) LOS objects, 44% free, 30MB/54MB, paused 3.209ms,2.740ms total 114.935ms
03-28 22:42:28.664 I/artd    (  903): GetBestInfo: odex next to the dex file (/data/app/~~gnQgLvTci_eWYgxhvQTVSw==/com.google.android.gms-moQG432v3AQpEq1_pyGNVA==/oat/x86_64/split_MeasurementDynamite_installtime.odex) is kOatUpToDate with filter 'speed' executable 'false'
03-28 22:42:28.666 I/artd    (  903): GetBestInfo: /data/user_de/0/com.google.android.gms/app_chimera/m/00000004/DynamiteModulesC.apk has no usable artifacts
03-28 22:42:28.666 I/artd    (  903): GetBestInfo: /data/user_de/0/com.google.android.gms/app_chimera/m/00000001/CronetDynamite.apk has no usable artifacts
03-28 22:42:28.666 I/artd    (  903): GetBestInfo: /data/user_de/0/com.google.android.gms/app_chimera/m/00000002/DynamiteLoader.apk has no usable artifacts
03-28 22:42:28.667 I/artd    (  903): GetBestInfo: /data/user_de/0/com.google.android.gms/app_chimera/m/00000014/dl-Appsearch.optional_261035100800.apk has no usable artifacts
03-28 22:42:28.668 I/artd    (  903): GetBestInfo: /data/user_de/0/com.google.android.gms/app_chimera/m/00000012/dl-MlkitOcrCommon.optional_261035100800.apk has no usable artifacts
03-28 22:42:28.668 I/artd    (  903): GetBestInfo: /data/user_de/0/com.google.android.gms/app_chimera/m/00000005/GoogleCertificates.apk has no usable artifacts
03-28 22:42:28.670 I/artd    (  903): GetBestInfo: vdex next to the dex file (/data/user/0/com.google.android.gms/app_dg_cache/E893C01D331CD1FBE6F076D28A1BA871F16A1DEC/oat/x86_64/the.vdex) is kOatUpToDate with filter 'verify' executable 'false'
03-28 22:42:28.671 I/artd    (  903): GetBestInfo: /data/user_de/0/com.google.android.gms/app_chimera/m/00000008/dl-TfliteDynamiteDynamite.integ_252130102100800.apk has no usable artifacts
03-28 22:42:28.672 I/artd    (  903): GetBestInfo: vdex next to the dex file (/data/user/0/com.google.android.gms/app_dg_cache/E054CA794C125F959C88D4849C82AB3F226237E6/oat/x86_64/the.vdex) is kOatUpToDate with filter 'verify' executable 'false'
03-28 22:42:28.673 I/artd    (  903): GetBestInfo: /data/user_de/0/com.google.android.gms/app_chimera/m/00000009/dl-Appsearch.optional_250834100800.apk has no usable artifacts
03-28 22:42:28.674 I/artd    (  903): GetBestInfo: /data/user_de/0/com.google.android.gms/app_chimera/m/0000000e/dl-PlayCloudSearch.optional_261035100000.apk has no usable artifacts
03-28 22:42:28.676 I/artd    (  903): GetBestInfo: vdex next to the dex file (/data/user/0/com.google.android.gms/app_dg_cache/492BB24C67899DCD3E45A896813896109D71DC84/oat/x86_64/the.vdex) is kOatUpToDate with filter 'verify' executable 'false'
03-28 22:42:28.677 I/artd    (  903): GetBestInfo: /data/user_de/0/com.google.android.gms/app_chimera/m/0000000f/dl-MlkitBarcodeUi.optional_261035100800.apk has no usable artifacts
03-28 22:42:28.678 I/artd    (  903): GetBestInfo: /data/user_de/0/com.google.android.gms/app_chimera/m/00000010/dl-VisionOcr.optional_261035100000.apk has no usable artifacts
03-28 22:42:28.678 I/artd    (  903): GetBestInfo: /data/user_de/0/com.google.android.gms/app_chimera/m/00000007/MeasurementDynamite.apk has no usable artifacts
03-28 22:42:29.572 I/AiAiStatsd( 1875): Usage metrics: 0 features enabled, 1 features used for date 2026-03-19.
03-28 22:42:29.572 I/AiAiStatsd( 1875): AiAi is used for the day (2026-03-19): true, the week: true
03-28 22:42:29.585 I/AiAiStatsd( 1875): Uploading atoms for date: 2026-03-19.
03-28 22:42:29.590 I/AiAiStatsd( 1875): Usage metrics: 0 features enabled, 0 features used for date 2026-03-20.
03-28 22:42:29.590 I/AiAiStatsd( 1875): AiAi is used for the day (2026-03-20): true, the week: true
03-28 22:42:29.591 I/AiAiStatsd( 1875): Uploading atoms for date: 2026-03-20.
03-28 22:42:29.595 I/AiAiStatsd( 1875): Usage metrics: 0 features enabled, 0 features used for date 2026-03-21.
03-28 22:42:29.595 I/AiAiStatsd( 1875): AiAi is used for the day (2026-03-21): true, the week: true
03-28 22:42:29.596 I/AiAiStatsd( 1875): Uploading atoms for date: 2026-03-21.
03-28 22:42:29.600 I/AiAiStatsd( 1875): Usage metrics: 0 features enabled, 0 features used for date 2026-03-22.
03-28 22:42:29.600 I/AiAiStatsd( 1875): AiAi is used for the day (2026-03-22): true, the week: true
03-28 22:42:29.601 I/AiAiStatsd( 1875): Uploading atoms for date: 2026-03-22.
03-28 22:42:29.607 I/AiAiStatsd( 1875): Usage metrics: 0 features enabled, 0 features used for date 2026-03-23.
03-28 22:42:29.607 I/AiAiStatsd( 1875): AiAi is used for the day (2026-03-23): true, the week: true
03-28 22:42:29.608 I/AiAiStatsd( 1875): Uploading atoms for date: 2026-03-23.
03-28 22:42:29.612 I/AiAiStatsd( 1875): Usage metrics: 0 features enabled, 0 features used for date 2026-03-24.
03-28 22:42:29.613 I/AiAiStatsd( 1875): AiAi is used for the day (2026-03-24): true, the week: true
03-28 22:42:29.614 I/AiAiStatsd( 1875): Uploading atoms for date: 2026-03-24.
03-28 22:42:29.617 I/AiAiStatsd( 1875): Usage metrics: 0 features enabled, 0 features used for date 2026-03-25.
03-28 22:42:29.617 I/AiAiStatsd( 1875): AiAi is used for the day (2026-03-25): true, the week: true
03-28 22:42:29.618 I/AiAiStatsd( 1875): Uploading atoms for date: 2026-03-25.
03-28 22:42:29.622 I/AiAiStatsd( 1875): Usage metrics: 0 features enabled, 0 features used for date 2026-03-26.
03-28 22:42:29.622 I/AiAiStatsd( 1875): AiAi is used for the day (2026-03-26): true, the week: true
03-28 22:42:29.623 I/AiAiStatsd( 1875): Uploading atoms for date: 2026-03-26.
03-28 22:42:29.627 I/AiAiStatsd( 1875): Usage metrics: 0 features enabled, 0 features used for date 2026-03-27.
03-28 22:42:29.627 I/AiAiStatsd( 1875): AiAi is used for the day (2026-03-27): true, the week: true
03-28 22:42:29.627 I/AiAiStatsd( 1875): Uploading atoms for date: 2026-03-27.
03-28 22:42:29.628 I/AiAiStatsd( 1875): Total days uploaded: 9 days.
03-28 22:42:32.800 D/SatelliteController( 1397): iisInCarrierRoamingNbIotNtn: satellite is disabled
03-28 22:42:36.476 I/wpa_supplicant( 1470): wlan0: CTRL-EVENT-BEACON-LOSS 
03-28 22:42:38.558 W/dumpsys (13015): Thread Pool max thread count is 0. Cannot cache binder as linkToDeath cannot be implemented. serviceName: package
03-28 22:42:38.665 I/artd    (  903): GetBestInfo: odex next to the dex file (/data/app/~~gnQgLvTci_eWYgxhvQTVSw==/com.google.android.gms-moQG432v3AQpEq1_pyGNVA==/oat/x86_64/base.odex) is kOatUpToDate with filter 'speed-profile' executable 'false'
03-28 22:42:38.668 I/artd    (  903): GetBestInfo: odex next to the dex file (/data/app/~~gnQgLvTci_eWYgxhvQTVSw==/com.google.android.gms-moQG432v3AQpEq1_pyGNVA==/oat/x86_64/split_AdsDynamite_installtime.odex) is kOatUpToDate with filter 'speed' executable 'false'
03-28 22:42:38.669 I/artd    (  903): GetBestInfo: odex next to the dex file (/data/app/~~gnQgLvTci_eWYgxhvQTVSw==/com.google.android.gms-moQG432v3AQpEq1_pyGNVA==/oat/x86_64/split_CronetDynamite_installtime.odex) is kOatUpToDate with filter 'speed' executable 'false'
03-28 22:42:38.671 I/artd    (  903): GetBestInfo: odex next to the dex file (/data/app/~~gnQgLvTci_eWYgxhvQTVSw==/com.google.android.gms-moQG432v3AQpEq1_pyGNVA==/oat/x86_64/split_DynamiteLoader_installtime.odex) is kOatUpToDate with filter 'speed' executable 'false'
03-28 22:42:38.672 I/artd    (  903): GetBestInfo: odex next to the dex file (/data/app/~~gnQgLvTci_eWYgxhvQTVSw==/com.google.android.gms-moQG432v3AQpEq1_pyGNVA==/oat/x86_64/split_DynamiteModulesA_installtime.odex) is kOatUpToDate with filter 'speed' executable 'false'
03-28 22:42:38.674 I/artd    (  903): GetBestInfo: odex next to the dex file (/data/app/~~gnQgLvTci_eWYgxhvQTVSw==/com.google.android.gms-moQG432v3AQpEq1_pyGNVA==/oat/x86_64/split_DynamiteModulesC_installtime.odex) is kOatUpToDate with filter 'speed' executable 'false'
03-28 22:42:38.675 I/artd    (  903): GetBestInfo: odex next to the dex file (/data/app/~~gnQgLvTci_eWYgxhvQTVSw==/com.google.android.gms-moQG432v3AQpEq1_pyGNVA==/oat/x86_64/split_GoogleCertificates_installtime.odex) is kOatUpToDate with filter 'speed' executable 'false'
03-28 22:42:38.677 I/artd    (  903): GetBestInfo: odex next to the dex file (/data/app/~~gnQgLvTci_eWYgxhvQTVSw==/com.google.android.gms-moQG432v3AQpEq1_pyGNVA==/oat/x86_64/split_MapsDynamite_installtime.odex) is kOatUpToDate with filter 'speed' executable 'false'
03-28 22:42:38.678 I/artd    (  903): GetBestInfo: odex next to the dex file (/data/app/~~gnQgLvTci_eWYgxhvQTVSw==/com.google.android.gms-moQG432v3AQpEq1_pyGNVA==/oat/x86_64/split_MeasurementDynamite_installtime.odex) is kOatUpToDate with filter 'speed' executable 'false'
03-28 22:42:38.680 I/artd    (  903): GetBestInfo: /data/user_de/0/com.google.android.gms/app_chimera/m/00000004/DynamiteModulesC.apk has no usable artifacts
03-28 22:42:38.680 I/artd    (  903): GetBestInfo: /data/user_de/0/com.google.android.gms/app_chimera/m/00000001/CronetDynamite.apk has no usable artifacts
03-28 22:42:38.680 I/artd    (  903): GetBestInfo: /data/user_de/0/com.google.android.gms/app_chimera/m/00000002/DynamiteLoader.apk has no usable artifacts
03-28 22:42:38.682 I/artd    (  903): GetBestInfo: /data/user_de/0/com.google.android.gms/app_chimera/m/00000014/dl-Appsearch.optional_261035100800.apk has no usable artifacts
03-28 22:42:38.683 I/artd    (  903): GetBestInfo: /data/user_de/0/com.google.android.gms/app_chimera/m/00000012/dl-MlkitOcrCommon.optional_261035100800.apk has no usable artifacts
03-28 22:42:38.684 I/artd    (  903): GetBestInfo: /data/user_de/0/com.google.android.gms/app_chimera/m/00000005/GoogleCertificates.apk has no usable artifacts
03-28 22:42:38.685 I/artd    (  903): GetBestInfo: vdex next to the dex file (/data/user/0/com.google.android.gms/app_dg_cache/E893C01D331CD1FBE6F076D28A1BA871F16A1DEC/oat/x86_64/the.vdex) is kOatUpToDate with filter 'verify' executable 'false'
03-28 22:42:38.687 I/artd    (  903): GetBestInfo: /data/user_de/0/com.google.android.gms/app_chimera/m/00000008/dl-TfliteDynamiteDynamite.integ_252130102100800.apk has no usable artifacts
03-28 22:42:38.688 I/artd    (  903): GetBestInfo: vdex next to the dex file (/data/user/0/com.google.android.gms/app_dg_cache/E054CA794C125F959C88D4849C82AB3F226237E6/oat/x86_64/the.vdex) is kOatUpToDate with filter 'verify' executable 'false'
03-28 22:42:38.689 I/artd    (  903): GetBestInfo: /data/user_de/0/com.google.android.gms/app_chimera/m/00000009/dl-Appsearch.optional_250834100800.apk has no usable artifacts
03-28 22:42:38.690 I/artd    (  903): GetBestInfo: /data/user_de/0/com.google.android.gms/app_chimera/m/0000000e/dl-PlayCloudSearch.optional_261035100000.apk has no usable artifacts
03-28 22:42:38.692 I/artd    (  903): GetBestInfo: vdex next to the dex file (/data/user/0/com.google.android.gms/app_dg_cache/492BB24C67899DCD3E45A896813896109D71DC84/oat/x86_64/the.vdex) is kOatUpToDate with filter 'verify' executable 'false'
03-28 22:42:38.693 I/artd    (  903): GetBestInfo: /data/user_de/0/com.google.android.gms/app_chimera/m/0000000f/dl-MlkitBarcodeUi.optional_261035100800.apk has no usable artifacts
03-28 22:42:38.695 I/artd    (  903): GetBestInfo: /data/user_de/0/com.google.android.gms/app_chimera/m/00000010/dl-VisionOcr.optional_261035100000.apk has no usable artifacts
03-28 22:42:38.695 I/artd    (  903): GetBestInfo: /data/user_de/0/com.google.android.gms/app_chimera/m/00000007/MeasurementDynamite.apk has no usable artifacts
03-28 22:42:42.800 D/SatelliteController( 1397): iisInCarrierRoamingNbIotNtn: satellite is disabled
03-28 22:42:42.826 I/bbax    ( 1889): (REDACTED) getHotwordActive::active query: %s, watch: %s, devices connected: %s
03-28 22:42:44.410 I/wpa_supplicant( 1470): wlan0: CTRL-EVENT-BEACON-LOSS 
