03-28 22:40:02.510 D/Capacitor(12840): Handling local request: http://localhost/assets/index-18-l-p2w.css
03-28 22:40:02.651 I/entsaas.student(12840): Compiler allocated 5042KB to compile void android.view.ViewRootImpl.performTraversals()
03-28 22:40:02.806 D/SatelliteController( 1397): iisInCarrierRoamingNbIotNtn: satellite is disabled
03-28 22:40:02.925 W/System  ( 1214): A resource failed to call release. 
03-28 22:40:02.925 W/System  ( 1214): A resource failed to call release. 
03-28 22:40:02.925 W/System  ( 1214): A resource failed to call release. 
03-28 22:40:02.925 W/System  ( 1214): A resource failed to call release. 
03-28 22:40:02.925 W/System  ( 1214): A resource failed to call release. 
03-28 22:40:02.925 W/System  ( 1214): A resource failed to call release. 
03-28 22:40:02.925 W/System  ( 1214): A resource failed to call release. 
03-28 22:40:02.992 E/TaskPersister(  723): File error accessing recents directory (directory doesn't exist?).
03-28 22:40:03.161 D/Capacitor(12840): Handling local request: http://localhost/assets/index-ovVujv-_.js
03-28 22:40:03.162 D/Capacitor(12840): Handling local request: http://localhost/favicon.ico
03-28 22:40:03.163 D/Capacitor(12840): Handling local request: http://localhost/assets/Login-nCDo6rFi.js
03-28 22:40:03.164 D/Capacitor(12840): Handling local request: http://localhost/assets/ThemeSelector-DMxRpyPC.js
03-28 22:40:03.164 D/Capacitor(12840): Handling local request: http://localhost/assets/ThemeSelector-XSxbycEM.css
03-28 22:40:03.165 D/Capacitor(12840): Handling local request: http://localhost/assets/Auth-vKnLDGms.css
03-28 22:40:03.166 D/Capacitor(12840): Handling local request: http://localhost/favicon.ico
03-28 22:40:03.166 D/Capacitor(12840): Handling local request: http://localhost/favicon.ico
03-28 22:40:03.201 V/Capacitor/Plugin(12840): To native (Capacitor plugin): callbackId: 60666381, pluginId: App, methodName: addListener
03-28 22:40:03.203 V/Capacitor(12840): callback: 60666381, pluginId: App, methodName: addListener, methodData: {"eventName":"appUrlOpen"}
03-28 22:40:03.206 D/Capacitor(12840): Handling local request: http://localhost/assets/index-HHHTmMQH.js
03-28 22:40:03.219 D/Capacitor(12840): Handling local request: http://localhost/assets/index-DaZ6eiU_.js
03-28 22:40:03.610 I/GoogleInputMethodService( 7541): GoogleInputMethodService.onStartInput():1293 onStartInput(EditorInfo{EditorInfo{packageName=com.studentsaas.student, inputType=d1, inputTypeString=WebEmailAddress[], enableLearning=true, autoCorrection=false, autoComplete=true, imeOptions=12000005, privateImeOptions=null, actionName=NEXT, actionLabel=null, initialSelStart=0, initialSelEnd=0, initialCapsMode=0, label=null, fieldId=2131230918, fieldName=null, extras=null, hintText=null, hintLocales=[]}}, true)
03-28 22:40:03.611 W/SessionManager( 7541): SessionManager.beginSession():53 Try to begin an already begun session [INPUT_SESSION], end it first
03-28 22:40:03.622 I/Module  ( 7541): DeviceLockedStatusModuleProvider$Module.updateDeviceLockedStatus():100 repeatCheckTimes = 1, locked = false
03-28 22:40:03.625 I/EmojiCompatManager( 7541): EmojiCompatManager.getEmojiCompatIfLoaded():343 EmojiCompat.init() was never called.
03-28 22:40:03.625 I/EmojiCompatManager( 7541): java.lang.IllegalStateException: EmojiCompat is not initialized. Please call EmojiCompat.init() first
03-28 22:40:03.625 I/EmojiCompatManager( 7541): 	at asx.p(PG:6)
03-28 22:40:03.625 I/EmojiCompatManager( 7541): 	at axb.b(PG:13)
03-28 22:40:03.625 I/EmojiCompatManager( 7541): 	at jnr.b(PG:2)
03-28 22:40:03.625 I/EmojiCompatManager( 7541): 	at jnr.c(PG:4)
03-28 22:40:03.625 I/EmojiCompatManager( 7541): 	at jnr.f(PG:3)
03-28 22:40:03.625 I/EmojiCompatManager( 7541): 	at jnx.c(PG:3)
03-28 22:40:03.625 I/EmojiCompatManager( 7541): 	at kif.cz(PG:47)
03-28 22:40:03.625 I/EmojiCompatManager( 7541): 	at lhl.run(PG:1025)
03-28 22:40:03.625 I/EmojiCompatManager( 7541): 	at jaf.execute(PG:12)
03-28 22:40:03.625 I/EmojiCompatManager( 7541): 	at nco.v(PG:13)
03-28 22:40:03.625 I/EmojiCompatManager( 7541): 	at lhn.m(PG:96)
03-28 22:40:03.625 I/EmojiCompatManager( 7541): 	at lhn.k(PG:25)
03-28 22:40:03.625 I/EmojiCompatManager( 7541): 	at kgn.onStartInput(PG:250)
03-28 22:40:03.625 I/EmojiCompatManager( 7541): 	at android.inputmethodservice.InputMethodService.doStartInput(InputMethodService.java:3521)
03-28 22:40:03.625 I/EmojiCompatManager( 7541): 	at android.inputmethodservice.InputMethodService$InputMethodImpl.restartInput(InputMethodService.java:891)
03-28 22:40:03.625 I/EmojiCompatManager( 7541): 	at android.inputmethodservice.InputMethodService$InputMethodImpl.dispatchStartInput(InputMethodService.java:906)
03-28 22:40:03.625 I/EmojiCompatManager( 7541): 	at android.inputmethodservice.IInputMethodWrapper.executeMessage(IInputMethodWrapper.java:201)
03-28 22:40:03.625 I/EmojiCompatManager( 7541): 	at com.android.internal.os.HandlerCaller$MyHandler.handleMessage(HandlerCaller.java:44)
03-28 22:40:03.625 I/EmojiCompatManager( 7541): 	at android.os.Handler.dispatchMessage(Handler.java:110)
03-28 22:40:03.625 I/EmojiCompatManager( 7541): 	at android.os.Looper.loopOnce(Looper.java:248)
03-28 22:40:03.625 I/EmojiCompatManager( 7541): 	at android.os.Looper.loop(Looper.java:338)
03-28 22:40:03.625 I/EmojiCompatManager( 7541): 	at android.app.ActivityThread.main(ActivityThread.java:9067)
03-28 22:40:03.625 I/EmojiCompatManager( 7541): 	at java.lang.reflect.Method.invoke(Native Method)
03-28 22:40:03.625 I/EmojiCompatManager( 7541): 	at com.android.internal.os.RuntimeInit$MethodAndArgsCaller.run(RuntimeInit.java:593)
03-28 22:40:03.625 I/EmojiCompatManager( 7541): 	at com.android.internal.os.ZygoteInit.main(ZygoteInit.java:932)
03-28 22:40:03.627 W/PackageConfigPersister(  723): App-specific configuration not found for packageName: com.studentsaas.student and userId: 0
03-28 22:40:03.664 V/Capacitor/Plugin(12840): To native (Capacitor plugin): callbackId: 60666382, pluginId: PushNotifications, methodName: checkPermissions
03-28 22:40:03.664 V/Capacitor(12840): callback: 60666382, pluginId: PushNotifications, methodName: checkPermissions, methodData: {}
03-28 22:40:03.712 V/Capacitor/Plugin(12840): To native (Capacitor plugin): callbackId: 60666383, pluginId: PushNotifications, methodName: register
03-28 22:40:03.712 V/Capacitor(12840): callback: 60666383, pluginId: PushNotifications, methodName: register, methodData: {}
03-28 22:40:03.719 E/Capacitor(12840): Serious error executing plugin
03-28 22:40:03.719 E/Capacitor(12840): java.lang.reflect.InvocationTargetException
03-28 22:40:03.719 E/Capacitor(12840): 	at java.lang.reflect.Method.invoke(Native Method)
03-28 22:40:03.719 E/Capacitor(12840): 	at com.getcapacitor.PluginHandle.invoke(PluginHandle.java:138)
03-28 22:40:03.719 E/Capacitor(12840): 	at com.getcapacitor.Bridge.lambda$callPluginMethod$0(Bridge.java:844)
03-28 22:40:03.719 E/Capacitor(12840): 	at com.getcapacitor.Bridge.$r8$lambda$FNYM7cvgeBk0k8YXQH7M96Mrf-c(Unknown Source:0)
03-28 22:40:03.719 E/Capacitor(12840): 	at com.getcapacitor.Bridge$$ExternalSyntheticLambda0.run(D8$$SyntheticClass:0)
03-28 22:40:03.719 E/Capacitor(12840): 	at android.os.Handler.handleCallback(Handler.java:995)
03-28 22:40:03.719 E/Capacitor(12840): 	at android.os.Handler.dispatchMessage(Handler.java:103)
03-28 22:40:03.719 E/Capacitor(12840): 	at android.os.Looper.loopOnce(Looper.java:248)
03-28 22:40:03.719 E/Capacitor(12840): 	at android.os.Looper.loop(Looper.java:338)
03-28 22:40:03.719 E/Capacitor(12840): 	at android.os.HandlerThread.run(HandlerThread.java:85)
03-28 22:40:03.719 E/Capacitor(12840): Caused by: java.lang.IllegalStateException: Default FirebaseApp is not initialized in this process com.studentsaas.student. Make sure to call FirebaseApp.initializeApp(Context) first.
03-28 22:40:03.719 E/Capacitor(12840): 	at com.google.firebase.FirebaseApp.getInstance(FirebaseApp.java:179)
03-28 22:40:03.719 E/Capacitor(12840): 	at com.google.firebase.messaging.FirebaseMessaging.getInstance(FirebaseMessaging.java:120)
03-28 22:40:03.719 E/Capacitor(12840): 	at com.capacitorjs.plugins.pushnotifications.PushNotificationsPlugin.register(PushNotificationsPlugin.java:102)
03-28 22:40:03.719 E/Capacitor(12840): 	... 10 more
--------- beginning of crash
03-28 22:40:03.725 E/AndroidRuntime(12840): FATAL EXCEPTION: CapacitorPlugins
03-28 22:40:03.725 E/AndroidRuntime(12840): Process: com.studentsaas.student, PID: 12840
03-28 22:40:03.725 E/AndroidRuntime(12840): java.lang.RuntimeException: java.lang.reflect.InvocationTargetException
03-28 22:40:03.725 E/AndroidRuntime(12840): 	at com.getcapacitor.Bridge.lambda$callPluginMethod$0(Bridge.java:853)
03-28 22:40:03.725 E/AndroidRuntime(12840): 	at com.getcapacitor.Bridge.$r8$lambda$FNYM7cvgeBk0k8YXQH7M96Mrf-c(Unknown Source:0)
03-28 22:40:03.725 E/AndroidRuntime(12840): 	at com.getcapacitor.Bridge$$ExternalSyntheticLambda0.run(D8$$SyntheticClass:0)
03-28 22:40:03.725 E/AndroidRuntime(12840): 	at android.os.Handler.handleCallback(Handler.java:995)
03-28 22:40:03.725 E/AndroidRuntime(12840): 	at android.os.Handler.dispatchMessage(Handler.java:103)
03-28 22:40:03.725 E/AndroidRuntime(12840): 	at android.os.Looper.loopOnce(Looper.java:248)
03-28 22:40:03.725 E/AndroidRuntime(12840): 	at android.os.Looper.loop(Looper.java:338)
03-28 22:40:03.725 E/AndroidRuntime(12840): 	at android.os.HandlerThread.run(HandlerThread.java:85)
03-28 22:40:03.725 E/AndroidRuntime(12840): Caused by: java.lang.reflect.InvocationTargetException
03-28 22:40:03.725 E/AndroidRuntime(12840): 	at java.lang.reflect.Method.invoke(Native Method)
03-28 22:40:03.725 E/AndroidRuntime(12840): 	at com.getcapacitor.PluginHandle.invoke(PluginHandle.java:138)
03-28 22:40:03.725 E/AndroidRuntime(12840): 	at com.getcapacitor.Bridge.lambda$callPluginMethod$0(Bridge.java:844)
03-28 22:40:03.725 E/AndroidRuntime(12840): 	... 7 more
03-28 22:40:03.725 E/AndroidRuntime(12840): Caused by: java.lang.IllegalStateException: Default FirebaseApp is not initialized in this process com.studentsaas.student. Make sure to call FirebaseApp.initializeApp(Context) first.
03-28 22:40:03.725 E/AndroidRuntime(12840): 	at com.google.firebase.FirebaseApp.getInstance(FirebaseApp.java:179)
03-28 22:40:03.725 E/AndroidRuntime(12840): 	at com.google.firebase.messaging.FirebaseMessaging.getInstance(FirebaseMessaging.java:120)
03-28 22:40:03.725 E/AndroidRuntime(12840): 	at com.capacitorjs.plugins.pushnotifications.PushNotificationsPlugin.register(PushNotificationsPlugin.java:102)
03-28 22:40:03.725 E/AndroidRuntime(12840): 	... 10 more
03-28 22:40:03.755 W/ActivityTaskManager(  723):   Force finishing activity com.studentsaas.student/.MainActivity
03-28 22:40:03.756 I/DropBoxManagerService(  723): add tag=data_app_crash isTagEnabled=true flags=0x2
03-28 22:40:03.759 I/BpBinder(  569): onLastStrongRef automatically unlinking death recipients: 
03-28 22:40:03.761 V/WindowManagerShell( 1214): Transition requested (#40): android.os.BinderProxy@312c823 TransitionRequestInfo { type = CLOSE, triggerTask = TaskInfo{userId=0 taskId=17 effectiveUid=10217 displayId=0 isRunning=true baseIntent=Intent { flg=0x10000000 cmp=com.studentsaas.student/.MainActivity } baseActivity=ComponentInfo{com.studentsaas.student/com.studentsaas.student.MainActivity} topActivity=ComponentInfo{com.studentsaas.student/com.studentsaas.student.MainActivity} origActivity=null realActivity=ComponentInfo{com.studentsaas.student/com.studentsaas.student.MainActivity} numActivities=1 lastActiveTime=3639670 supportsMultiWindow=true resizeMode=1 isResizeable=true minWidth=-1 minHeight=-1 defaultMinSize=220 token=WCT{android.window.IWindowContainerToken$Stub$Proxy@60c1120} topActivityType=1 pictureInPictureParams=null shouldDockBigOverlays=false launchIntoPipHostTaskId=-1 lastParentTaskIdBeforePip=-1 displayCutoutSafeInsets=Rect(0, 0 - 0, 0) topActivityInfo=ActivityInfo{f1b3ad9 com.studentsaas.student.MainActivity} launchCookies=[] positionInParent=Point(0, 0) parentTaskId=-1 isFocused=true isVisible=true isVisibleRequested=true isTopActivityNoDisplay=false isSleeping=false locusId=null displayAreaFeatureId=1 isTopActivityTransparent=false isActivityStackTransparent=false lastNonFullscreenBounds=Rect(276, 694 - 804, 1774) capturedLink=null capturedLinkTimestamp=0 requestedVisibleTypes=-9 topActivityRequestOpenInBrowserEducationTimestamp=0 appCompatTaskInfo=AppCompatTaskInfo { topActivityInSizeCompat=false eligibleForLetterboxEducation= false isLetterboxEducationEnabled= true isLetterboxDoubleTapEnabled= false eligibleForUserAspectRatioButton= false topActivityBoundsLetterboxed= false isFromLetterboxDoubleTap= false topActivityLetterboxVerticalPosition= -1 topActivityLetterboxHorizontalPosition= -1 topActivityLetterboxWidth=-1 topActivityLetterboxHeight=-1 topActivityAppBounds=Rect(0, 0 - 1080, 2400) isUserFullscreenOverrideEnabled=false isSystemFullscreenOverrideEnabled=false hasMinAspectRatioOverride=false topActivityLetterboxBounds=null cameraCompatTaskInfo=CameraCompatTaskInfo { freeformCameraCompatMode=inactive}} topActivityMainWindowFrame=null}, pipChange = null, remoteTransition = null, displayChange = null, flags = 16, debugId = 40 }
03-28 22:40:03.771 I/Process (12840): Sending signal. PID: 12840 SIG: 9
03-28 22:40:03.779 I/BpBinder(  569): onLastStrongRef automatically unlinking death recipients: 
03-28 22:40:03.787 W/InputDispatcher(  723): channel '31b914 com.studentsaas.student/com.studentsaas.student.MainActivity' ~ Consumer closed input channel or an error occurred.  events=0x9
03-28 22:40:03.787 E/InputDispatcher(  723): channel '31b914 com.studentsaas.student/com.studentsaas.student.MainActivity' ~ Channel is unrecoverably broken and will be disposed!
03-28 22:40:03.788 I/WindowManager(  723): WINDOW DIED Window{31b914 u0 com.studentsaas.student/com.studentsaas.student.MainActivity}
03-28 22:40:03.789 I/ActivityManager(  723): Process com.studentsaas.student (pid 12840) has died: fg  TOP 
03-28 22:40:03.791 I/WindowManager(  723): WIN DEATH: Window{31b914 u0 com.studentsaas.student/com.studentsaas.student.MainActivity EXITING}
03-28 22:40:03.792 D/ConnectivityService(  723): releasing NetworkRequest [ REQUEST id=413, [ Capabilities: INTERNET&NOT_RESTRICTED&TRUSTED&NOT_VCN_MANAGED&NOT_BANDWIDTH_CONSTRAINED Uid: 10217 RequestorUid: 10217 RequestorPkg: com.studentsaas.student UnderlyingNetworks: Null] ] (release request)
03-28 22:40:03.793 I/ImeTracker(  723): com.studentsaas.student:26c52aa6: onRequestHide at ORIGIN_SERVER reason HIDE_REMOVE_CLIENT fromUser false
03-28 22:40:03.796 I/ImeTracker(  723): com.studentsaas.student:26c52aa6: onCancelled at PHASE_SERVER_SHOULD_HIDE
03-28 22:40:03.796 I/Zygote  (  493): Process 12840 exited due to signal 9 (Killed)
03-28 22:40:03.798 I/adbd    ( 1537): Remote process closed the socket (on MSG_PEEK)
03-28 22:40:03.799 I/libprocessgroup(  723): Removed cgroup /sys/fs/cgroup/apps/uid_10217/pid_12840
03-28 22:40:03.809 I/Zygote  ( 1303): Process 12866 exited cleanly (0)
03-28 22:40:03.811 W/ActivityManager(  723): pid 723 system sent binder code 12 with flags 1 to frozen apps and got error -32
03-28 22:40:03.813 W/ActivityManager(  723): Exception when unbinding service com.studentsaas.student/org.chromium.content.app.SandboxedProcessService0:0
03-28 22:40:03.813 W/ActivityManager(  723): android.os.DeadObjectException
03-28 22:40:03.813 W/ActivityManager(  723): 	at android.os.BinderProxy.transactNative(Native Method)
03-28 22:40:03.813 W/ActivityManager(  723): 	at android.os.BinderProxy.transact(BinderProxy.java:592)
03-28 22:40:03.813 W/ActivityManager(  723): 	at android.app.IApplicationThread$Stub$Proxy.scheduleUnbindService(IApplicationThread.java:1751)
03-28 22:40:03.813 W/ActivityManager(  723): 	at android.app.IApplicationThread$Delegator.scheduleUnbindService(IApplicationThread.java:271)
03-28 22:40:03.813 W/ActivityManager(  723): 	at com.android.server.am.ActiveServices.removeConnectionLocked(ActiveServices.java:6673)
03-28 22:40:03.813 W/ActivityManager(  723): 	at com.android.server.am.ActiveServices.killServicesLocked(ActiveServices.java:7234)
03-28 22:40:03.813 W/ActivityManager(  723): 	at com.android.server.am.ActivityManagerService.cleanUpApplicationRecordLocked(ActivityManagerService.java:13544)
03-28 22:40:03.813 W/ActivityManager(  723): 	at com.android.server.am.ActivityManagerService.handleAppDiedLocked(ActivityManagerService.java:3349)
03-28 22:40:03.813 W/ActivityManager(  723): 	at com.android.server.am.ActivityManagerService.appDiedLocked(ActivityManagerService.java:3470)
03-28 22:40:03.813 W/ActivityManager(  723): 	at com.android.server.am.ActivityManagerService$AppDeathRecipient.binderDied(ActivityManagerService.java:1526)
03-28 22:40:03.813 W/ActivityManager(  723): 	at android.os.IBinder$DeathRecipient.binderDied(IBinder.java:340)
03-28 22:40:03.813 W/ActivityManager(  723): 	at android.os.BinderProxy.sendDeathNotice(BinderProxy.java:780)
03-28 22:40:03.814 D/CompatChangeReporter(  723): Compat change id reported: 311208629; UID 10217; state: ENABLED
03-28 22:40:03.815 D/BoundBrokerSvc(10972): onUnbind: Intent { act=com.google.android.gms.safetynet.service.START xflg=0x4 pkg=com.google.android.gms }
03-28 22:40:03.817 W/ActivityManager(  723): pid 723 system sent binder code 31 with flags 1 to frozen apps and got error -32
03-28 22:40:03.817 D/ActivityManager(  723): Too many transaction errors, throttling freezer binder callback.
03-28 22:40:03.818 W/ActivityManager(  723): pid 723 system sent binder code 41 with flags 1 to frozen apps and got error -32
03-28 22:40:03.818 D/ActivityManager(  723): Too many transaction errors, throttling freezer binder callback.
03-28 22:40:03.818 I/ActivityManager(  723): Killing 12866:com.google.android.webview:sandboxed_process0:org.chromium.content.app.SandboxedProcessService0:0/u0a217i9 (adj 900): isolated not needed
03-28 22:40:03.819 W/lowmemorykiller(  246): Failed to open /proc/12866/oom_score_adj; errno=2: process 12866 might have been killed
03-28 22:40:03.830 W/ActivityManager(  723): setHasOverlayUi called on unknown pid: 12840
03-28 22:40:03.830 V/WindowManager(  723): Unknown focus tokens, dropping reportFocusChanged
03-28 22:40:03.831 D/InetDiagMessage(  723): Destroyed 0 sockets, proto=IPPROTO_TCP, family=AF_INET, states=14
03-28 22:40:03.833 D/ViewRootImpl( 1493): Skipping stats log for color mode
03-28 22:40:03.834 D/StatsLog( 1493): LAUNCHER_ONRESUME
03-28 22:40:03.835 D/BackgroundInstallControlService(  723): Package event received: 0
03-28 22:40:03.835 D/BackgroundInstallControlService(  723): Package event received: 0
03-28 22:40:03.835 D/InetDiagMessage(  723): Destroyed 0 sockets, proto=IPPROTO_TCP, family=AF_INET6, states=14
03-28 22:40:03.835 D/InetDiagMessage(  723): Destroyed live tcp sockets for uids={10217} in 6ms
03-28 22:40:03.835 D/BackgroundInstallControlService(  723): Package event received: 0
03-28 22:40:03.839 D/WindowManagerShell( 1214): setLauncherKeepClearAreaHeight: visible=true, height=527
03-28 22:40:03.839 D/InetDiagMessage(  723): Destroyed 0 sockets, proto=IPPROTO_TCP, family=AF_INET, states=14
03-28 22:40:03.840 D/InetDiagMessage(  723): Destroyed 0 sockets, proto=IPPROTO_TCP, family=AF_INET6, states=14
03-28 22:40:03.840 D/InetDiagMessage(  723): Destroyed live tcp sockets for uids={20217} in 4ms
03-28 22:40:03.840 I/libprocessgroup(  723): Removed cgroup /sys/fs/cgroup/apps/uid_99009/pid_12866
03-28 22:40:03.845 D/QuickstepModelDelegate( 1493): notifyAppTargetEvent action=1 launchLocation=workspace/0/[-1,-1]/[1,1]
03-28 22:40:03.847 D/NexusLauncherModelDelegate( 1493): notifySmartspaceEvent: SmartspaceTargetEvent{mSmartspaceTarget=null, mSmartspaceActionId='null', mEventType=6}
03-28 22:40:03.849 I/AiAiEcho( 1875): Predicting[0]:  [CONTEXT sampling_count=5 ]
03-28 22:40:03.849 I/AiAiEcho( 1875): EchoTargets: 
03-28 22:40:03.849 I/AiAiEcho( 1875): Filtered by AiAi flag check: 
03-28 22:40:03.849 I/AiAiEcho( 1875): [CONTEXT ratelimit_period="10 SECONDS" ]
03-28 22:40:03.849 I/AiAiEcho( 1875): #remoteViewsTwiddler: feature disabled.
03-28 22:40:03.851 I/AiAiEcho( 1875): #postPredictionTargets: Sending updates to UISurface home with targets# 0 (types=[])
03-28 22:40:03.853 D/BaseDepthController( 1493): setSurface:
03-28 22:40:03.853 D/BaseDepthController( 1493): 	mWaitingOnSurfaceValidity: false
03-28 22:40:03.853 D/BaseDepthController( 1493): 	mBaseSurface: Surface(name=com.google.android.apps.nexuslauncher/com.google.android.apps.nexuslauncher.NexusLauncherActivity)/@0xbc9dd7
03-28 22:40:03.989 I/NotificationListener( 1493): Handling notification state refresh for com.android.vending#0
03-28 22:40:03.989 I/NotificationListener( 1493): Handling notification state refresh for android#0
03-28 22:40:03.989 I/NotificationListener( 1493): Handling notification state refresh for com.android.systemui#0
03-28 22:40:03.990 D/SsBaseTemplateCard( 1493): No text view can be set up
03-28 22:40:03.990 D/SsBaseTemplateCard( 1493): Passed-in item info is null
03-28 22:40:03.990 D/SsBaseTemplateCard( 1493): Passed-in item info is null
03-28 22:40:03.990 D/SsBaseTemplateCard( 1493): Passed-in item info is null
03-28 22:40:03.990 I/SsBaseTemplateCard( 1493): Secondary card pane is null
03-28 22:40:04.012 V/WindowManagerShell( 1214): onTransitionReady(transaction=3105261356768)
03-28 22:40:04.012 V/WindowManagerShell( 1214): onTransitionReady (#40) android.os.BinderProxy@312c823: {id=40 t=CLOSE f=0x10 trk=0 r=[0@Point(0, 0)] c=[
03-28 22:40:04.012 V/WindowManagerShell( 1214):         {m=TO_FRONT f=SHOW_WALLPAPER|MOVE_TO_TOP leash=Surface(name=Task=1)/@0x75c5c9e sb=Rect(0, 0 - 1080, 2400) eb=Rect(0, 0 - 1080, 2400) epz=Point(1080, 2400) d=0 taskParent=-1},
03-28 22:40:04.012 V/WindowManagerShell( 1214):         {m=CLOSE f=NONE leash=Surface(name=Task=17)/@0x6bfc37f sb=Rect(0, 0 - 1080, 2400) eb=Rect(0, 0 - 1080, 2400) epz=Point(1080, 2400) d=0 taskParent=-1},
03-28 22:40:04.012 V/WindowManagerShell( 1214):         {m=TO_FRONT f=IS_WALLPAPER leash=Surface(name=WallpaperWindowToken{fd65578 showWhenLocked=false})/@0x711f4c sb=Rect(0, 0 - 1080, 2400) eb=Rect(0, 0 - 1080, 2400) epz=Point(1080, 2400) d=0}
03-28 22:40:04.012 V/WindowManagerShell( 1214):     ]}
03-28 22:40:04.013 V/WindowManagerShell( 1214): Playing animation for (#40) android.os.BinderProxy@312c823@0
03-28 22:40:04.013 V/ShellRecents( 1214): RecentsTransitionHandler.startAnimation: no controller found
03-28 22:40:04.014 V/WindowManagerShell( 1214): Transition doesn't have explicit remote, search filters for match for {id=40 t=CLOSE f=0x10 trk=0 r=[0@Point(0, 0)] c=[{m=TO_FRONT f=SHOW_WALLPAPER|MOVE_TO_TOP leash=Surface(name=Task=1)/@0x75c5c9e sb=Rect(0, 0 - 1080, 2400) eb=Rect(0, 0 - 1080, 2400) epz=Point(1080, 2400) d=0 taskParent=-1},{m=CLOSE f=NONE leash=Surface(name=Task=17)/@0x6bfc37f sb=Rect(0, 0 - 1080, 2400) eb=Rect(0, 0 - 1080, 2400) epz=Point(1080, 2400) d=0 taskParent=-1},{m=TO_FRONT f=IS_WALLPAPER leash=Surface(name=WallpaperWindowToken{fd65578 showWhenLocked=false})/@0x711f4c sb=Rect(0, 0 - 1080, 2400) eb=Rect(0, 0 - 1080, 2400) epz=Point(1080, 2400) d=0}]}
03-28 22:40:04.014 V/WindowManagerShell( 1214):  Checking filter Pair{{types=[] flags=0x0] notFlags=0x0 checks=[{atype=undefined independent=true modes=[CLOSE,TO_BACK] flags=IN_TASK_WITH_EMBEDDED_ACTIVITY mustBeTask=false order=ANY topActivity=null launchCookie=null taskFragmentToken=android.os.BinderProxy@d2b0204 windowingMode=undefined}]} RemoteTransition { remoteTransition = android.window.IRemoteTransition$Stub$Proxy@90543ed, appThread = android.app.IApplicationThread$Stub$Proxy@83e5222, debugName = overlayBackTransition }}
03-28 22:40:04.014 V/WindowManagerShell( 1214):  Checking filter Pair{{types=[] flags=0x0] notFlags=0x0 checks=[{atype=dream independent=true modes=[OPEN,TO_FRONT] flags=NONE mustBeTask=false order=ANY topActivity=null launchCookie=null windowingMode=undefined},{atype=home independent=true modes=[CLOSE,TO_BACK] flags=NONE mustBeTask=false order=ANY topActivity=null launchCookie=null windowingMode=undefined}]} RemoteTransition { remoteTransition = android.window.IRemoteTransition$Stub$Proxy@7db84b3, appThread = android.app.IApplicationThread$Stub$Proxy@583a70, debugName = LauncherToDream }}
03-28 22:40:04.014 V/WindowManagerShell( 1214):  Checking filter Pair{{types=[] flags=0x0] notFlags=0x100 checks=[{atype=home independent=true modes=[OPEN,TO_FRONT] flags=NONE mustBeTask=false order=TOP topActivity=ComponentInfo{com.google.android.apps.nexuslauncher/com.google.android.apps.nexuslauncher.NexusLauncherActivity} launchCookie=null windowingMode=undefined},{atype=standard independent=true modes=[CLOSE,TO_BACK] flags=NONE mustBeTask=false order=ANY topActivity=null launchCookie=null windowingMode=undefined},{NOT atype=undefined independent=true modes=[] flags=NONE mustBeTask=true order=ANY topActivity=null launchCookie=null customAnim=true windowingMode=undefined}]} RemoteTransition { remoteTransition = android.window.IRemoteTransition$Stub$Proxy@9ff31e9, appThread = android.app.IApplicationThread$Stub$Proxy@6136e6e, debugName = QuickstepLaunchHome }}
03-28 22:40:04.014 D/RemoteTransitionHandler( 1214): Found filterPair{{types=[] flags=0x0] notFlags=0x100 checks=[{atype=home independent=true modes=[OPEN,TO_FRONT] flags=NONE mustBeTask=false order=TOP topActivity=ComponentInfo{com.google.android.apps.nexuslauncher/com.google.android.apps.nexuslauncher.NexusLauncherActivity} launchCookie=null windowingMode=undefined},{atype=standard independent=true modes=[CLOSE,TO_BACK] flags=NONE mustBeTask=false order=ANY topActivity=null launchCookie=null windowingMode=undefined},{NOT atype=undefined independent=true modes=[] flags=NONE mustBeTask=true order=ANY topActivity=null launchCookie=null customAnim=true windowingMode=undefined}]} RemoteTransition { remoteTransition = android.window.IRemoteTransition$Stub$Proxy@9ff31e9, appThread = android.app.IApplicationThread$Stub$Proxy@6136e6e, debugName = QuickstepLaunchHome }}
03-28 22:40:04.014 V/WindowManagerShell( 1214):  Delegate animation for (#40) to RemoteTransition { remoteTransition = android.window.IRemoteTransition$Stub$Proxy@9ff31e9, appThread = android.app.IApplicationThread$Stub$Proxy@6136e6e, debugName = QuickstepLaunchHome }
03-28 22:40:04.025 D/StateManager( 1493): createAtomicAnimation - fromState: Background, toState: Normal, partial trace:
03-28 22:40:04.025 D/StateManager( 1493): 	at com.android.quickstep.util.ScalingWorkspaceRevealAnim.<init>(go/retraceme 72a59688580715d19f0e415c69e80376c2f062d1648c80db6730905005a27c20:39)
03-28 22:40:04.025 D/StateManager( 1493): 	at com.android.launcher3.QuickstepTransitionManager.createWallpaperOpenAnimations(go/retraceme 72a59688580715d19f0e415c69e80376c2f062d1648c80db6730905005a27c20:168)
03-28 22:40:04.025 D/StateManager( 1493): 	at com.android.launcher3.QuickstepTransitionManager$WallpaperOpenLauncherAnimationRunner.onAnimationStart(go/retraceme 72a59688580715d19f0e415c69e80376c2f062d1648c80db6730905005a27c20:17)
03-28 22:40:04.026 D/b/311077782( 1493): LauncherAnimationRunner.setAnimation
03-28 22:40:04.040 I/s.nexuslauncher( 1493): AssetManager2(0x79408d87a798) locale list changing from [] to [en-US]
03-28 22:40:04.043 W/HWUI    ( 1493): Image decoding logging dropped!
03-28 22:40:04.069 V/WindowManager(  723): Sent Transition (#40) createdAt=03-28 22:40:03.755 via request=TransitionRequestInfo { type = CLOSE, triggerTask = TaskInfo{userId=0 taskId=17 effectiveUid=10217 displayId=0 isRunning=true baseIntent=Intent { flg=0x10000000 cmp=com.studentsaas.student/.MainActivity } baseActivity=ComponentInfo{com.studentsaas.student/com.studentsaas.student.MainActivity} topActivity=ComponentInfo{com.studentsaas.student/com.studentsaas.student.MainActivity} origActivity=null realActivity=ComponentInfo{com.studentsaas.student/com.studentsaas.student.MainActivity} numActivities=1 lastActiveTime=3639670 supportsMultiWindow=true resizeMode=1 isResizeable=true minWidth=-1 minHeight=-1 defaultMinSize=220 token=WCT{RemoteToken{385e24 Task{fa9edc7 #17 type=standard A=10217:com.studentsaas.student}}} topActivityType=1 pictureInPictureParams=null shouldDockBigOverlays=false launchIntoPipHostTaskId=-1 lastParentTaskIdBeforePip=-1 displayCutoutSafeInsets=Rect(0, 0 - 0, 0) topActivityInfo=ActivityInfo{8873d8d com.studentsaas.student.MainActivity} launchCookies=[] positionInParent=Point(0, 0) parentTaskId=-1 isFocused=true isVisible=true isVisibleRequested=true isTopActivityNoDisplay=false isSleeping=false locusId=null displayAreaFeatureId=1 isTopActivityTransparent=false isActivityStackTransparent=false lastNonFullscreenBounds=Rect(276, 694 - 804, 1774) capturedLink=null capturedLinkTimestamp=0 requestedVisibleTypes=-9 topActivityRequestOpenInBrowserEducationTimestamp=0 appCompatTaskInfo=AppCompatTaskInfo { topActivityInSizeCompat=false eligibleForLetterboxEducation= false isLetterboxEducationEnabled= true isLetterboxDoubleTapEnabled= false eligibleForUserAspectRatioButton= false topActivityBoundsLetterboxed= false isFromLetterboxDoubleTap= false topActivityLetterboxVerticalPosition= -1 topActivityLetterboxHorizontalPosition= -1 topActivityLetterboxWidth=-1 topActivityLetterboxHeight=-1 topActivityAppBounds=Rect(0, 0 - 1080, 2400) isUserFullscreenOverrideEnabled=false isSystemFullscreenOverrideEnabled=false hasMinAspectRatioOverride=false topActivityLetterboxBounds=null cameraCompatTaskInfo=CameraCompatTaskInfo { freeformCameraCompatMode=inactive}} topActivityMainWindowFrame=null}, pipChange = null, remoteTransition = null, displayChange = null, flags = 16, debugId = 40 }
03-28 22:40:04.069 V/WindowManager(  723):     startWCT=WindowContainerTransaction { changes= {} hops= [] errorCallbackToken=null taskFragmentOrganizer=null }
03-28 22:40:04.069 V/WindowManager(  723):     info={id=40 t=CLOSE f=0x10 trk=0 r=[0@Point(0, 0)] c=[
03-28 22:40:04.069 V/WindowManager(  723):         {WCT{RemoteToken{3ddd7d7 Task{b13e422 #1 type=home}}} m=TO_FRONT f=SHOW_WALLPAPER|MOVE_TO_TOP leash=Surface(name=Task=1)/@0xf62a667 sb=Rect(0, 0 - 1080, 2400) eb=Rect(0, 0 - 1080, 2400) epz=Point(1080, 2400) d=0 taskParent=-1},
03-28 22:40:04.069 V/WindowManager(  723):         {WCT{RemoteToken{385e24 Task{fa9edc7 #17 type=standard A=10217:com.studentsaas.student}}} m=CLOSE f=NONE leash=Surface(name=Task=17)/@0xd509278 sb=Rect(0, 0 - 1080, 2400) eb=Rect(0, 0 - 1080, 2400) epz=Point(1080, 2400) d=0 taskParent=-1},
03-28 22:40:04.069 V/WindowManager(  723):         {m=TO_FRONT f=IS_WALLPAPER leash=Surface(name=WallpaperWindowToken{fd65578 showWhenLocked=false})/@0x91e9981 sb=Rect(0, 0 - 1080, 2400) eb=Rect(0, 0 - 1080, 2400) epz=Point(1080, 2400) d=0}
03-28 22:40:04.069 V/WindowManager(  723):     ]}
03-28 22:40:04.072 V/WindowManagerShell( 1214):  animated by com.android.wm.shell.transition.RemoteTransitionHandler@39e0cba
03-28 22:40:04.104 I/ImeTracker(  723): com.google.android.apps.nexuslauncher:ce67dcfb: onRequestHide at ORIGIN_SERVER reason HIDE_UNSPECIFIED_WINDOW fromUser false
03-28 22:40:04.105 I/GoogleInputMethodService( 7541): GoogleInputMethodService.onFinishInput():2043 
03-28 22:40:04.106 I/ImeTracker(  723): system_server:f695d22d: onRequestHide at ORIGIN_SERVER reason IME_REQUESTED_CHANGED_LISTENER fromUser false
03-28 22:40:04.107 I/ImeTracker(  723): system_server:f695d22d: onCancelled at PHASE_SERVER_SHOULD_HIDE
03-28 22:40:04.108 I/Module  ( 7541): DeviceLockedStatusModuleProvider$Module.updateDeviceLockedStatus():100 repeatCheckTimes = 0, locked = false
03-28 22:40:04.109 I/GoogleInputMethodService( 7541): GoogleInputMethodService.onStartInput():1293 onStartInput(EditorInfo{EditorInfo{packageName=com.google.android.apps.nexuslauncher, inputType=0, inputTypeString=NULL, enableLearning=false, autoCorrection=false, autoComplete=false, imeOptions=0, privateImeOptions=null, actionName=UNSPECIFIED, actionLabel=null, initialSelStart=-1, initialSelEnd=-1, initialCapsMode=0, label=null, fieldId=0, fieldName=null, extras=null, hintText=null, hintLocales=[]}}, false)
03-28 22:40:04.110 I/Module  ( 7541): DeviceLockedStatusModuleProvider$Module.updateDeviceLockedStatus():100 repeatCheckTimes = 1, locked = false
03-28 22:40:04.111 I/EmojiCompatManager( 7541): EmojiCompatManager.getEmojiCompatIfLoaded():343 EmojiCompat.init() was never called.
03-28 22:40:04.111 I/EmojiCompatManager( 7541): java.lang.IllegalStateException: EmojiCompat is not initialized. Please call EmojiCompat.init() first
03-28 22:40:04.111 I/EmojiCompatManager( 7541): 	at asx.p(PG:6)
03-28 22:40:04.111 I/EmojiCompatManager( 7541): 	at axb.b(PG:13)
03-28 22:40:04.111 I/EmojiCompatManager( 7541): 	at jnr.b(PG:2)
03-28 22:40:04.111 I/EmojiCompatManager( 7541): 	at jnr.c(PG:4)
03-28 22:40:04.111 I/EmojiCompatManager( 7541): 	at jnr.f(PG:3)
03-28 22:40:04.111 I/EmojiCompatManager( 7541): 	at jnx.c(PG:3)
03-28 22:40:04.111 I/EmojiCompatManager( 7541): 	at kif.cz(PG:47)
03-28 22:40:04.111 I/EmojiCompatManager( 7541): 	at lhl.run(PG:1025)
03-28 22:40:04.111 I/EmojiCompatManager( 7541): 	at jaf.execute(PG:12)
03-28 22:40:04.111 I/EmojiCompatManager( 7541): 	at nco.v(PG:13)
03-28 22:40:04.111 I/EmojiCompatManager( 7541): 	at lhn.m(PG:96)
03-28 22:40:04.111 I/EmojiCompatManager( 7541): 	at lhn.k(PG:25)
03-28 22:40:04.111 I/EmojiCompatManager( 7541): 	at kgn.onStartInput(PG:250)
03-28 22:40:04.111 I/EmojiCompatManager( 7541): 	at android.inputmethodservice.InputMethodService.doStartInput(InputMethodService.java:3521)
03-28 22:40:04.111 I/EmojiCompatManager( 7541): 	at android.inputmethodservice.InputMethodService$InputMethodImpl.startInput(InputMethodService.java:879)
03-28 22:40:04.111 I/EmojiCompatManager( 7541): 	at android.inputmethodservice.InputMethodService$InputMethodImpl.dispatchStartInput(InputMethodService.java:908)
03-28 22:40:04.111 I/EmojiCompatManager( 7541): 	at android.inputmethodservice.IInputMethodWrapper.executeMessage(IInputMethodWrapper.java:201)
03-28 22:40:04.111 I/EmojiCompatManager( 7541): 	at com.android.internal.os.HandlerCaller$MyHandler.handleMessage(HandlerCaller.java:44)
03-28 22:40:04.111 I/EmojiCompatManager( 7541): 	at android.os.Handler.dispatchMessage(Handler.java:110)
03-28 22:40:04.111 I/EmojiCompatManager( 7541): 	at android.os.Looper.loopOnce(Looper.java:248)
03-28 22:40:04.111 I/EmojiCompatManager( 7541): 	at android.os.Looper.loop(Looper.java:338)
03-28 22:40:04.111 I/EmojiCompatManager( 7541): 	at android.app.ActivityThread.main(ActivityThread.java:9067)
03-28 22:40:04.111 I/EmojiCompatManager( 7541): 	at java.lang.reflect.Method.invoke(Native Method)
03-28 22:40:04.111 I/EmojiCompatManager( 7541): 	at com.android.internal.os.RuntimeInit$MethodAndArgsCaller.run(RuntimeInit.java:593)
03-28 22:40:04.111 I/EmojiCompatManager( 7541): 	at com.android.internal.os.ZygoteInit.main(ZygoteInit.java:932)
03-28 22:40:04.111 W/PackageConfigPersister(  723): App-specific configuration not found for packageName: com.google.android.apps.nexuslauncher and userId: 0
03-28 22:40:04.119 D/InsetsController( 1493): hide(ime(), fromIme=false)
03-28 22:40:04.119 I/ImeTracker( 1493): com.google.android.apps.nexuslauncher:ce67dcfb: onCancelled at PHASE_CLIENT_ALREADY_HIDDEN
03-28 22:40:04.245 W/putmethod.latin( 7541): Reducing the number of considered missed Gc histogram windows from 140 to 100
03-28 22:40:04.257 W/ActivityTaskManager(  723): Activity top resumed state loss timeout for ActivityRecord{244785926 u0 com.studentsaas.student/.MainActivity t17 f} isExiting}
03-28 22:40:04.411 I/wpa_supplicant( 1470): wlan0: CTRL-EVENT-BEACON-LOSS 
03-28 22:40:05.031 D/ScalingWorkspaceRevealAnim( 1493): alpha of workspace at the end of animation: 1.0
03-28 22:40:05.033 V/WindowManagerShell( 1214): Transition animation finished (aborted=false), notifying core (#40) android.os.BinderProxy@312c823@0
03-28 22:40:05.036 V/WindowManager(  723): Finish Transition (#40): created at 03-28 22:40:03.755 collect-started=0.067ms request-sent=0.191ms started=11.891ms ready=73.42ms sent=238.155ms commit=60.873ms finished=1279.005ms
03-28 22:40:05.038 E/IPCThreadState(  723): Binder transaction failure. id: 910045, BR_*: 29189, error: -22 (Invalid argument)
03-28 22:40:05.039 W/ActivityManager(  723): pid 723 system sent binder code 7 with flags 1 to frozen apps and got error -32
03-28 22:40:05.039 D/ActivityManager(  723): Too many transaction errors, throttling freezer binder callback.
03-28 22:40:05.039 W/WindowManager(  723): Exception thrown during dispatchAppVisibility Window{31b914 u0 com.studentsaas.student/com.studentsaas.student.MainActivity EXITING}
03-28 22:40:05.039 W/WindowManager(  723): android.os.DeadObjectException
03-28 22:40:05.039 W/WindowManager(  723): 	at android.os.BinderProxy.transactNative(Native Method)
03-28 22:40:05.039 W/WindowManager(  723): 	at android.os.BinderProxy.transact(BinderProxy.java:592)
03-28 22:40:05.039 W/WindowManager(  723): 	at android.view.IWindow$Stub$Proxy.dispatchAppVisibility(IWindow.java:557)
03-28 22:40:05.039 W/WindowManager(  723): 	at com.android.server.wm.WindowState.sendAppVisibilityToClients(WindowState.java:3151)
03-28 22:40:05.039 W/WindowManager(  723): 	at com.android.server.wm.WindowContainer.sendAppVisibilityToClients(WindowContainer.java:1311)
03-28 22:40:05.039 W/WindowManager(  723): 	at com.android.server.wm.WindowToken.setClientVisible(WindowToken.java:389)
03-28 22:40:05.039 W/WindowManager(  723): 	at com.android.server.wm.ActivityRecord.setClientVisible(ActivityRecord.java:6650)
03-28 22:40:05.039 W/WindowManager(  723): 	at com.android.server.wm.ActivityRecord.commitVisibility(ActivityRecord.java:5561)
03-28 22:40:05.039 W/WindowManager(  723): 	at com.android.server.wm.Transition.finishTransition(Transition.java:1391)
03-28 22:40:05.039 W/WindowManager(  723): 	at com.android.server.wm.TransitionController.finishTransition(TransitionController.java:1029)
03-28 22:40:05.039 W/WindowManager(  723): 	at com.android.server.wm.WindowOrganizerController.finishTransition(WindowOrganizerController.java:496)
03-28 22:40:05.039 W/WindowManager(  723): 	at android.window.IWindowOrganizerController$Stub.onTransact(IWindowOrganizerController.java:261)
03-28 22:40:05.039 W/WindowManager(  723): 	at com.android.server.wm.WindowOrganizerController.onTransact(WindowOrganizerController.java:223)
03-28 22:40:05.039 W/WindowManager(  723): 	at android.os.Binder.execTransactInternal(Binder.java:1421)
03-28 22:40:05.039 W/WindowManager(  723): 	at android.os.Binder.execTransact(Binder.java:1365)
03-28 22:40:05.039 W/Process (  723): Unable to open /proc/12840/status
03-28 22:40:05.044 V/WindowManagerShell( 1214): Track 0 became idle
03-28 22:40:05.044 V/WindowManagerShell( 1214): All active transition animations finished
03-28 22:40:05.045 D/RecentsView( 1493): onTaskRemoved: 17, not handling task stack changes
03-28 22:40:05.045 D/RecentsView( 1493): onTaskRemoved: 17, not handling task stack changes
03-28 22:40:05.079 E/BpTransactionCompletedListener(  569): Failed to transact (-32)
03-28 22:40:07.061 D/InetDiagMessage(  723): Destroyed 0 sockets, proto=IPPROTO_TCP, family=AF_INET, states=14
03-28 22:40:07.061 D/InetDiagMessage(  723): Destroyed 0 sockets, proto=IPPROTO_TCP, family=AF_INET6, states=14
03-28 22:40:07.061 D/InetDiagMessage(  723): Destroyed live tcp sockets for uids={10168} in 1ms
03-28 22:40:07.062 D/InetDiagMessage(  723): Destroyed 0 sockets, proto=IPPROTO_TCP, family=AF_INET, states=14
03-28 22:40:07.062 D/InetDiagMessage(  723): Destroyed 0 sockets, proto=IPPROTO_TCP, family=AF_INET6, states=14
03-28 22:40:07.062 D/InetDiagMessage(  723): Destroyed live tcp sockets for uids={20168} in 1ms
03-28 22:40:08.048 E/TaskPersister(  723): File error accessing recents directory (directory doesn't exist?).
03-28 22:40:08.511 W/dumpsys (12946): Thread Pool max thread count is 0. Cannot cache binder as linkToDeath cannot be implemented. serviceName: package
03-28 22:40:08.606 I/artd    (  903): GetBestInfo: odex next to the dex file (/data/app/~~gnQgLvTci_eWYgxhvQTVSw==/com.google.android.gms-moQG432v3AQpEq1_pyGNVA==/oat/x86_64/base.odex) is kOatUpToDate with filter 'speed-profile' executable 'false'
03-28 22:40:08.609 I/artd    (  903): GetBestInfo: odex next to the dex file (/data/app/~~gnQgLvTci_eWYgxhvQTVSw==/com.google.android.gms-moQG432v3AQpEq1_pyGNVA==/oat/x86_64/split_AdsDynamite_installtime.odex) is kOatUpToDate with filter 'speed' executable 'false'
03-28 22:40:08.612 I/artd    (  903): GetBestInfo: odex next to the dex file (/data/app/~~gnQgLvTci_eWYgxhvQTVSw==/com.google.android.gms-moQG432v3AQpEq1_pyGNVA==/oat/x86_64/split_CronetDynamite_installtime.odex) is kOatUpToDate with filter 'speed' executable 'false'
03-28 22:40:08.614 I/artd    (  903): GetBestInfo: odex next to the dex file (/data/app/~~gnQgLvTci_eWYgxhvQTVSw==/com.google.android.gms-moQG432v3AQpEq1_pyGNVA==/oat/x86_64/split_DynamiteLoader_installtime.odex) is kOatUpToDate with filter 'speed' executable 'false'
03-28 22:40:08.617 I/artd    (  903): GetBestInfo: odex next to the dex file (/data/app/~~gnQgLvTci_eWYgxhvQTVSw==/com.google.android.gms-moQG432v3AQpEq1_pyGNVA==/oat/x86_64/split_DynamiteModulesA_installtime.odex) is kOatUpToDate with filter 'speed' executable 'false'
03-28 22:40:08.619 I/artd    (  903): GetBestInfo: odex next to the dex file (/data/app/~~gnQgLvTci_eWYgxhvQTVSw==/com.google.android.gms-moQG432v3AQpEq1_pyGNVA==/oat/x86_64/split_DynamiteModulesC_installtime.odex) is kOatUpToDate with filter 'speed' executable 'false'
03-28 22:40:08.622 I/artd    (  903): GetBestInfo: odex next to the dex file (/data/app/~~gnQgLvTci_eWYgxhvQTVSw==/com.google.android.gms-moQG432v3AQpEq1_pyGNVA==/oat/x86_64/split_GoogleCertificates_installtime.odex) is kOatUpToDate with filter 'speed' executable 'false'
03-28 22:40:08.624 I/artd    (  903): GetBestInfo: odex next to the dex file (/data/app/~~gnQgLvTci_eWYgxhvQTVSw==/com.google.android.gms-moQG432v3AQpEq1_pyGNVA==/oat/x86_64/split_MapsDynamite_installtime.odex) is kOatUpToDate with filter 'speed' executable 'false'
03-28 22:40:08.626 I/artd    (  903): GetBestInfo: odex next to the dex file (/data/app/~~gnQgLvTci_eWYgxhvQTVSw==/com.google.android.gms-moQG432v3AQpEq1_pyGNVA==/oat/x86_64/split_MeasurementDynamite_installtime.odex) is kOatUpToDate with filter 'speed' executable 'false'
03-28 22:40:08.627 I/artd    (  903): GetBestInfo: /data/user_de/0/com.google.android.gms/app_chimera/m/00000004/DynamiteModulesC.apk has no usable artifacts
03-28 22:40:08.627 I/artd    (  903): GetBestInfo: /data/user_de/0/com.google.android.gms/app_chimera/m/00000001/CronetDynamite.apk has no usable artifacts
03-28 22:40:08.628 I/artd    (  903): GetBestInfo: /data/user_de/0/com.google.android.gms/app_chimera/m/00000002/DynamiteLoader.apk has no usable artifacts
03-28 22:40:08.629 I/artd    (  903): GetBestInfo: /data/user_de/0/com.google.android.gms/app_chimera/m/00000014/dl-Appsearch.optional_261035100800.apk has no usable artifacts
03-28 22:40:08.630 I/artd    (  903): GetBestInfo: /data/user_de/0/com.google.android.gms/app_chimera/m/00000012/dl-MlkitOcrCommon.optional_261035100800.apk has no usable artifacts
03-28 22:40:08.634 I/artd    (  903): GetBestInfo: /data/user_de/0/com.google.android.gms/app_chimera/m/00000005/GoogleCertificates.apk has no usable artifacts
03-28 22:40:08.638 I/artd    (  903): GetBestInfo: vdex next to the dex file (/data/user/0/com.google.android.gms/app_dg_cache/E893C01D331CD1FBE6F076D28A1BA871F16A1DEC/oat/x86_64/the.vdex) is kOatUpToDate with filter 'verify' executable 'false'
03-28 22:40:08.639 I/artd    (  903): GetBestInfo: /data/user_de/0/com.google.android.gms/app_chimera/m/00000008/dl-TfliteDynamiteDynamite.integ_252130102100800.apk has no usable artifacts
03-28 22:40:08.644 I/artd    (  903): GetBestInfo: vdex next to the dex file (/data/user/0/com.google.android.gms/app_dg_cache/E054CA794C125F959C88D4849C82AB3F226237E6/oat/x86_64/the.vdex) is kOatUpToDate with filter 'verify' executable 'false'
03-28 22:40:08.645 I/artd    (  903): GetBestInfo: /data/user_de/0/com.google.android.gms/app_chimera/m/00000009/dl-Appsearch.optional_250834100800.apk has no usable artifacts
03-28 22:40:08.646 I/artd    (  903): GetBestInfo: /data/user_de/0/com.google.android.gms/app_chimera/m/0000000e/dl-PlayCloudSearch.optional_261035100000.apk has no usable artifacts
03-28 22:40:08.650 I/artd    (  903): GetBestInfo: vdex next to the dex file (/data/user/0/com.google.android.gms/app_dg_cache/492BB24C67899DCD3E45A896813896109D71DC84/oat/x86_64/the.vdex) is kOatUpToDate with filter 'verify' executable 'false'
03-28 22:40:08.651 I/artd    (  903): GetBestInfo: /data/user_de/0/com.google.android.gms/app_chimera/m/0000000f/dl-MlkitBarcodeUi.optional_261035100800.apk has no usable artifacts
03-28 22:40:08.656 I/artd    (  903): GetBestInfo: /data/user_de/0/com.google.android.gms/app_chimera/m/00000010/dl-VisionOcr.optional_261035100000.apk has no usable artifacts
03-28 22:40:08.658 I/artd    (  903): GetBestInfo: /data/user_de/0/com.google.android.gms/app_chimera/m/00000007/MeasurementDynamite.apk has no usable artifacts
03-28 22:40:12.059 D/ActivityManager(  723): freezing 10172 com.google.android.webview:webview_service
03-28 22:40:12.060 D/InetDiagMessage(  723): Destroyed 0 sockets, proto=IPPROTO_TCP, family=AF_INET, states=14
03-28 22:40:12.060 D/InetDiagMessage(  723): Destroyed 0 sockets, proto=IPPROTO_TCP, family=AF_INET6, states=14
03-28 22:40:12.060 D/InetDiagMessage(  723): Destroyed live tcp sockets for uids={10168} in 0ms
03-28 22:40:12.603 I/wpa_supplicant( 1470): wlan0: CTRL-EVENT-BEACON-LOSS 
03-28 22:40:12.674 E/FrameTracker( 1214): force finish cuj, time out: J<SPLASHSCREEN_EXIT_ANIM>
03-28 22:40:12.674 W/FrameTracker( 1214): Missed App frame:UNKNOWN: 3, 47338, 34355672, CUJ=J<SPLASHSCREEN_EXIT_ANIM>
03-28 22:40:12.674 W/FrameTracker( 1214): Missed SF frame:UNKNOWN: 3, 47338, 34355672, CUJ=J<SPLASHSCREEN_EXIT_ANIM>
03-28 22:40:12.674 W/FrameTracker( 1214): Missed SF frame:JANK_COMPOSER, 47352, 34080006, CUJ=J<SPLASHSCREEN_EXIT_ANIM>
03-28 22:40:12.674 W/FrameTracker( 1214): Missed SF frame:JANK_COMPOSER, 47360, 29354240, CUJ=J<SPLASHSCREEN_EXIT_ANIM>
03-28 22:40:12.674 W/FrameTracker( 1214): Missed App frame:UNKNOWN: 3, 47368, 34933774, CUJ=J<SPLASHSCREEN_EXIT_ANIM>
03-28 22:40:12.674 W/FrameTracker( 1214): Missed SF frame:UNKNOWN: 3, 47368, 34933774, CUJ=J<SPLASHSCREEN_EXIT_ANIM>
03-28 22:40:12.674 W/FrameTracker( 1214): Missed App frame:UNKNOWN: 3, 47383, 45250908, CUJ=J<SPLASHSCREEN_EXIT_ANIM>
03-28 22:40:12.674 W/FrameTracker( 1214): Missed SF frame:UNKNOWN: 3, 47383, 45250908, CUJ=J<SPLASHSCREEN_EXIT_ANIM>
03-28 22:40:12.674 W/FrameTracker( 1214): Missed SF frame:JANK_COMPOSER, 47398, 43947642, CUJ=J<SPLASHSCREEN_EXIT_ANIM>
03-28 22:40:12.674 W/FrameTracker( 1214): Missed SF frame:JANK_COMPOSER, 47413, 40547576, CUJ=J<SPLASHSCREEN_EXIT_ANIM>
03-28 22:40:12.674 W/FrameTracker( 1214): Missed SF frame:JANK_COMPOSER, 47428, 43963210, CUJ=J<SPLASHSCREEN_EXIT_ANIM>
03-28 22:40:12.674 W/FrameTracker( 1214): Missed SF frame:JANK_COMPOSER, 47436, 41356144, CUJ=J<SPLASHSCREEN_EXIT_ANIM>
03-28 22:40:12.674 W/FrameTracker( 1214): Missed SF frame:JANK_COMPOSER, 47444, 40442478, CUJ=J<SPLASHSCREEN_EXIT_ANIM>
03-28 22:40:12.674 W/FrameTracker( 1214): Missed SF frame:JANK_COMPOSER, 47452, 40996112, CUJ=J<SPLASHSCREEN_EXIT_ANIM>
03-28 22:40:12.674 W/FrameTracker( 1214): Missed SF frame:JANK_COMPOSER, 47460, 40494346, CUJ=J<SPLASHSCREEN_EXIT_ANIM>
03-28 22:40:12.674 W/FrameTracker( 1214): Missed SF frame:JANK_COMPOSER, 47468, 40383780, CUJ=J<SPLASHSCREEN_EXIT_ANIM>
03-28 22:40:12.674 W/FrameTracker( 1214): Missed SF frame:JANK_COMPOSER, 47476, 41563514, CUJ=J<SPLASHSCREEN_EXIT_ANIM>
03-28 22:40:12.674 W/FrameTracker( 1214): Missed SF frame:JANK_COMPOSER, 47484, 51404448, CUJ=J<SPLASHSCREEN_EXIT_ANIM>
03-28 22:40:12.796 D/SatelliteController( 1397): iisInCarrierRoamingNbIotNtn: satellite is disabled
03-28 22:40:13.840 D/ActivityManager(  723): freezing 10972 com.google.android.gms
03-28 22:40:14.104 I/UsageStatsService(  723): User[0] Flushing usage stats to disk
03-28 22:40:14.151 D/BackgroundInstallControlService(  723): Package event received: 0
03-28 22:40:14.210 W/System  (  723): A resource failed to call release. 
03-28 22:40:18.524 W/dumpsys (12949): Thread Pool max thread count is 0. Cannot cache binder as linkToDeath cannot be implemented. serviceName: package
03-28 22:40:18.619 I/artd    (  903): GetBestInfo: odex next to the dex file (/data/app/~~gnQgLvTci_eWYgxhvQTVSw==/com.google.android.gms-moQG432v3AQpEq1_pyGNVA==/oat/x86_64/base.odex) is kOatUpToDate with filter 'speed-profile' executable 'false'
03-28 22:40:18.621 I/artd    (  903): GetBestInfo: odex next to the dex file (/data/app/~~gnQgLvTci_eWYgxhvQTVSw==/com.google.android.gms-moQG432v3AQpEq1_pyGNVA==/oat/x86_64/split_AdsDynamite_installtime.odex) is kOatUpToDate with filter 'speed' executable 'false'
03-28 22:40:18.623 I/artd    (  903): GetBestInfo: odex next to the dex file (/data/app/~~gnQgLvTci_eWYgxhvQTVSw==/com.google.android.gms-moQG432v3AQpEq1_pyGNVA==/oat/x86_64/split_CronetDynamite_installtime.odex) is kOatUpToDate with filter 'speed' executable 'false'
03-28 22:40:18.624 I/artd    (  903): GetBestInfo: odex next to the dex file (/data/app/~~gnQgLvTci_eWYgxhvQTVSw==/com.google.android.gms-moQG432v3AQpEq1_pyGNVA==/oat/x86_64/split_DynamiteLoader_installtime.odex) is kOatUpToDate with filter 'speed' executable 'false'
03-28 22:40:18.625 I/artd    (  903): GetBestInfo: odex next to the dex file (/data/app/~~gnQgLvTci_eWYgxhvQTVSw==/com.google.android.gms-moQG432v3AQpEq1_pyGNVA==/oat/x86_64/split_DynamiteModulesA_installtime.odex) is kOatUpToDate with filter 'speed' executable 'false'
03-28 22:40:18.627 I/artd    (  903): GetBestInfo: odex next to the dex file (/data/app/~~gnQgLvTci_eWYgxhvQTVSw==/com.google.android.gms-moQG432v3AQpEq1_pyGNVA==/oat/x86_64/split_DynamiteModulesC_installtime.odex) is kOatUpToDate with filter 'speed' executable 'false'
