03-28 22:40:18.628 I/artd    (  903): GetBestInfo: odex next to the dex file (/data/app/~~gnQgLvTci_eWYgxhvQTVSw==/com.google.android.gms-moQG432v3AQpEq1_pyGNVA==/oat/x86_64/split_GoogleCertificates_installtime.odex) is kOatUpToDate with filter 'speed' executable 'false'
03-28 22:40:18.629 I/artd    (  903): GetBestInfo: odex next to the dex file (/data/app/~~gnQgLvTci_eWYgxhvQTVSw==/com.google.android.gms-moQG432v3AQpEq1_pyGNVA==/oat/x86_64/split_MapsDynamite_installtime.odex) is kOatUpToDate with filter 'speed' executable 'false'
03-28 22:40:18.630 I/artd    (  903): GetBestInfo: odex next to the dex file (/data/app/~~gnQgLvTci_eWYgxhvQTVSw==/com.google.android.gms-moQG432v3AQpEq1_pyGNVA==/oat/x86_64/split_MeasurementDynamite_installtime.odex) is kOatUpToDate with filter 'speed' executable 'false'
03-28 22:40:18.632 I/artd    (  903): GetBestInfo: /data/user_de/0/com.google.android.gms/app_chimera/m/00000004/DynamiteModulesC.apk has no usable artifacts
03-28 22:40:18.632 I/artd    (  903): GetBestInfo: /data/user_de/0/com.google.android.gms/app_chimera/m/00000001/CronetDynamite.apk has no usable artifacts
03-28 22:40:18.632 I/artd    (  903): GetBestInfo: /data/user_de/0/com.google.android.gms/app_chimera/m/00000002/DynamiteLoader.apk has no usable artifacts
03-28 22:40:18.633 I/artd    (  903): GetBestInfo: /data/user_de/0/com.google.android.gms/app_chimera/m/00000014/dl-Appsearch.optional_261035100800.apk has no usable artifacts
03-28 22:40:18.634 I/artd    (  903): GetBestInfo: /data/user_de/0/com.google.android.gms/app_chimera/m/00000012/dl-MlkitOcrCommon.optional_261035100800.apk has no usable artifacts
03-28 22:40:18.635 I/artd    (  903): GetBestInfo: /data/user_de/0/com.google.android.gms/app_chimera/m/00000005/GoogleCertificates.apk has no usable artifacts
03-28 22:40:18.636 I/artd    (  903): GetBestInfo: vdex next to the dex file (/data/user/0/com.google.android.gms/app_dg_cache/E893C01D331CD1FBE6F076D28A1BA871F16A1DEC/oat/x86_64/the.vdex) is kOatUpToDate with filter 'verify' executable 'false'
03-28 22:40:18.637 I/artd    (  903): GetBestInfo: /data/user_de/0/com.google.android.gms/app_chimera/m/00000008/dl-TfliteDynamiteDynamite.integ_252130102100800.apk has no usable artifacts
03-28 22:40:18.639 I/artd    (  903): GetBestInfo: vdex next to the dex file (/data/user/0/com.google.android.gms/app_dg_cache/E054CA794C125F959C88D4849C82AB3F226237E6/oat/x86_64/the.vdex) is kOatUpToDate with filter 'verify' executable 'false'
03-28 22:40:18.640 I/artd    (  903): GetBestInfo: /data/user_de/0/com.google.android.gms/app_chimera/m/00000009/dl-Appsearch.optional_250834100800.apk has no usable artifacts
03-28 22:40:18.641 I/artd    (  903): GetBestInfo: /data/user_de/0/com.google.android.gms/app_chimera/m/0000000e/dl-PlayCloudSearch.optional_261035100000.apk has no usable artifacts
03-28 22:40:18.643 I/artd    (  903): GetBestInfo: vdex next to the dex file (/data/user/0/com.google.android.gms/app_dg_cache/492BB24C67899DCD3E45A896813896109D71DC84/oat/x86_64/the.vdex) is kOatUpToDate with filter 'verify' executable 'false'
03-28 22:40:18.644 I/artd    (  903): GetBestInfo: /data/user_de/0/com.google.android.gms/app_chimera/m/0000000f/dl-MlkitBarcodeUi.optional_261035100800.apk has no usable artifacts
03-28 22:40:18.645 I/artd    (  903): GetBestInfo: /data/user_de/0/com.google.android.gms/app_chimera/m/00000010/dl-VisionOcr.optional_261035100000.apk has no usable artifacts
03-28 22:40:18.645 I/artd    (  903): GetBestInfo: /data/user_de/0/com.google.android.gms/app_chimera/m/00000007/MeasurementDynamite.apk has no usable artifacts
03-28 22:40:20.538 I/wpa_supplicant( 1470): wlan0: CTRL-EVENT-BEACON-LOSS 
03-28 22:40:22.796 D/SatelliteController( 1397): iisInCarrierRoamingNbIotNtn: satellite is disabled
03-28 22:40:27.983 V/SafetyCenterRefreshTrac(  723): Clearing refresh with id: 5cc05a0e-8ce9-4be9-94db-b7a02a089303_0
03-28 22:40:27.983 W/SafetyCenterRefreshTrac(  723): Timeout after PT1H0.049S for refresh with reason: 600, and id: 5cc05a0e-8ce9-4be9-94db-b7a02a089303_0
03-28 22:40:27.986 W/SafetyCenterRefreshTrac(  723): Refresh with id: 5cc05a0e-8ce9-4be9-94db-b7a02a089303_0 timed out for tracked source id: AdvancedProtection, and user id: 0
03-28 22:40:27.986 W/SafetyCenterRefreshTrac(  723): Refresh with id: 5cc05a0e-8ce9-4be9-94db-b7a02a089303_0 timed out for tracked source id: AdvancedProtectionIssueSource, and user id: 0
03-28 22:40:27.986 W/SafetyCenterRefreshTrac(  723): Refresh with id: 5cc05a0e-8ce9-4be9-94db-b7a02a089303_0 timed out for tracked source id: GoogleAutoLock, and user id: 0
03-28 22:40:28.474 I/wpa_supplicant( 1470): wlan0: CTRL-EVENT-BEACON-LOSS 
03-28 22:40:28.515 W/dumpsys (12952): Thread Pool max thread count is 0. Cannot cache binder as linkToDeath cannot be implemented. serviceName: package
03-28 22:40:28.606 I/artd    (  903): GetBestInfo: odex next to the dex file (/data/app/~~gnQgLvTci_eWYgxhvQTVSw==/com.google.android.gms-moQG432v3AQpEq1_pyGNVA==/oat/x86_64/base.odex) is kOatUpToDate with filter 'speed-profile' executable 'false'
03-28 22:40:28.609 I/artd    (  903): GetBestInfo: odex next to the dex file (/data/app/~~gnQgLvTci_eWYgxhvQTVSw==/com.google.android.gms-moQG432v3AQpEq1_pyGNVA==/oat/x86_64/split_AdsDynamite_installtime.odex) is kOatUpToDate with filter 'speed' executable 'false'
03-28 22:40:28.610 I/artd    (  903): GetBestInfo: odex next to the dex file (/data/app/~~gnQgLvTci_eWYgxhvQTVSw==/com.google.android.gms-moQG432v3AQpEq1_pyGNVA==/oat/x86_64/split_CronetDynamite_installtime.odex) is kOatUpToDate with filter 'speed' executable 'false'
03-28 22:40:28.612 I/artd    (  903): GetBestInfo: odex next to the dex file (/data/app/~~gnQgLvTci_eWYgxhvQTVSw==/com.google.android.gms-moQG432v3AQpEq1_pyGNVA==/oat/x86_64/split_DynamiteLoader_installtime.odex) is kOatUpToDate with filter 'speed' executable 'false'
03-28 22:40:28.613 I/artd    (  903): GetBestInfo: odex next to the dex file (/data/app/~~gnQgLvTci_eWYgxhvQTVSw==/com.google.android.gms-moQG432v3AQpEq1_pyGNVA==/oat/x86_64/split_DynamiteModulesA_installtime.odex) is kOatUpToDate with filter 'speed' executable 'false'
03-28 22:40:28.615 I/artd    (  903): GetBestInfo: odex next to the dex file (/data/app/~~gnQgLvTci_eWYgxhvQTVSw==/com.google.android.gms-moQG432v3AQpEq1_pyGNVA==/oat/x86_64/split_DynamiteModulesC_installtime.odex) is kOatUpToDate with filter 'speed' executable 'false'
03-28 22:40:28.616 I/artd    (  903): GetBestInfo: odex next to the dex file (/data/app/~~gnQgLvTci_eWYgxhvQTVSw==/com.google.android.gms-moQG432v3AQpEq1_pyGNVA==/oat/x86_64/split_GoogleCertificates_installtime.odex) is kOatUpToDate with filter 'speed' executable 'false'
03-28 22:40:28.617 I/artd    (  903): GetBestInfo: odex next to the dex file (/data/app/~~gnQgLvTci_eWYgxhvQTVSw==/com.google.android.gms-moQG432v3AQpEq1_pyGNVA==/oat/x86_64/split_MapsDynamite_installtime.odex) is kOatUpToDate with filter 'speed' executable 'false'
03-28 22:40:28.618 I/artd    (  903): GetBestInfo: odex next to the dex file (/data/app/~~gnQgLvTci_eWYgxhvQTVSw==/com.google.android.gms-moQG432v3AQpEq1_pyGNVA==/oat/x86_64/split_MeasurementDynamite_installtime.odex) is kOatUpToDate with filter 'speed' executable 'false'
03-28 22:40:28.620 I/artd    (  903): GetBestInfo: /data/user_de/0/com.google.android.gms/app_chimera/m/00000004/DynamiteModulesC.apk has no usable artifacts
03-28 22:40:28.620 I/artd    (  903): GetBestInfo: /data/user_de/0/com.google.android.gms/app_chimera/m/00000001/CronetDynamite.apk has no usable artifacts
03-28 22:40:28.621 I/artd    (  903): GetBestInfo: /data/user_de/0/com.google.android.gms/app_chimera/m/00000002/DynamiteLoader.apk has no usable artifacts
03-28 22:40:28.622 I/artd    (  903): GetBestInfo: /data/user_de/0/com.google.android.gms/app_chimera/m/00000014/dl-Appsearch.optional_261035100800.apk has no usable artifacts
03-28 22:40:28.623 I/artd    (  903): GetBestInfo: /data/user_de/0/com.google.android.gms/app_chimera/m/00000012/dl-MlkitOcrCommon.optional_261035100800.apk has no usable artifacts
03-28 22:40:28.624 I/artd    (  903): GetBestInfo: /data/user_de/0/com.google.android.gms/app_chimera/m/00000005/GoogleCertificates.apk has no usable artifacts
03-28 22:40:28.626 I/artd    (  903): GetBestInfo: vdex next to the dex file (/data/user/0/com.google.android.gms/app_dg_cache/E893C01D331CD1FBE6F076D28A1BA871F16A1DEC/oat/x86_64/the.vdex) is kOatUpToDate with filter 'verify' executable 'false'
03-28 22:40:28.627 I/artd    (  903): GetBestInfo: /data/user_de/0/com.google.android.gms/app_chimera/m/00000008/dl-TfliteDynamiteDynamite.integ_252130102100800.apk has no usable artifacts
03-28 22:40:28.628 I/artd    (  903): GetBestInfo: vdex next to the dex file (/data/user/0/com.google.android.gms/app_dg_cache/E054CA794C125F959C88D4849C82AB3F226237E6/oat/x86_64/the.vdex) is kOatUpToDate with filter 'verify' executable 'false'
03-28 22:40:28.630 I/artd    (  903): GetBestInfo: /data/user_de/0/com.google.android.gms/app_chimera/m/00000009/dl-Appsearch.optional_250834100800.apk has no usable artifacts
03-28 22:40:28.631 I/artd    (  903): GetBestInfo: /data/user_de/0/com.google.android.gms/app_chimera/m/0000000e/dl-PlayCloudSearch.optional_261035100000.apk has no usable artifacts
03-28 22:40:28.632 I/artd    (  903): GetBestInfo: vdex next to the dex file (/data/user/0/com.google.android.gms/app_dg_cache/492BB24C67899DCD3E45A896813896109D71DC84/oat/x86_64/the.vdex) is kOatUpToDate with filter 'verify' executable 'false'
03-28 22:40:28.633 I/artd    (  903): GetBestInfo: /data/user_de/0/com.google.android.gms/app_chimera/m/0000000f/dl-MlkitBarcodeUi.optional_261035100800.apk has no usable artifacts
03-28 22:40:28.635 I/artd    (  903): GetBestInfo: /data/user_de/0/com.google.android.gms/app_chimera/m/00000010/dl-VisionOcr.optional_261035100000.apk has no usable artifacts
03-28 22:40:28.635 I/artd    (  903): GetBestInfo: /data/user_de/0/com.google.android.gms/app_chimera/m/00000007/MeasurementDynamite.apk has no usable artifacts
03-28 22:40:32.796 D/SatelliteController( 1397): iisInCarrierRoamingNbIotNtn: satellite is disabled
03-28 22:40:34.390 I/.gms.persistent( 7251): Explicit concurrent mark compact GC freed 1132KB AllocSpace bytes, 14(388KB) LOS objects, 24% free, 12MB/16MB, paused 1.366ms,2.178ms total 54.326ms
03-28 22:40:36.410 I/wpa_supplicant( 1470): wlan0: CTRL-EVENT-BEACON-LOSS 
03-28 22:40:38.509 W/dumpsys (12955): Thread Pool max thread count is 0. Cannot cache binder as linkToDeath cannot be implemented. serviceName: package
03-28 22:40:38.614 I/artd    (  903): GetBestInfo: odex next to the dex file (/data/app/~~gnQgLvTci_eWYgxhvQTVSw==/com.google.android.gms-moQG432v3AQpEq1_pyGNVA==/oat/x86_64/base.odex) is kOatUpToDate with filter 'speed-profile' executable 'false'
03-28 22:40:38.615 I/artd    (  903): GetBestInfo: odex next to the dex file (/data/app/~~gnQgLvTci_eWYgxhvQTVSw==/com.google.android.gms-moQG432v3AQpEq1_pyGNVA==/oat/x86_64/split_AdsDynamite_installtime.odex) is kOatUpToDate with filter 'speed' executable 'false'
03-28 22:40:38.616 I/artd    (  903): GetBestInfo: odex next to the dex file (/data/app/~~gnQgLvTci_eWYgxhvQTVSw==/com.google.android.gms-moQG432v3AQpEq1_pyGNVA==/oat/x86_64/split_CronetDynamite_installtime.odex) is kOatUpToDate with filter 'speed' executable 'false'
03-28 22:40:38.618 I/artd    (  903): GetBestInfo: odex next to the dex file (/data/app/~~gnQgLvTci_eWYgxhvQTVSw==/com.google.android.gms-moQG432v3AQpEq1_pyGNVA==/oat/x86_64/split_DynamiteLoader_installtime.odex) is kOatUpToDate with filter 'speed' executable 'false'
03-28 22:40:38.619 I/artd    (  903): GetBestInfo: odex next to the dex file (/data/app/~~gnQgLvTci_eWYgxhvQTVSw==/com.google.android.gms-moQG432v3AQpEq1_pyGNVA==/oat/x86_64/split_DynamiteModulesA_installtime.odex) is kOatUpToDate with filter 'speed' executable 'false'
03-28 22:40:38.620 I/artd    (  903): GetBestInfo: odex next to the dex file (/data/app/~~gnQgLvTci_eWYgxhvQTVSw==/com.google.android.gms-moQG432v3AQpEq1_pyGNVA==/oat/x86_64/split_DynamiteModulesC_installtime.odex) is kOatUpToDate with filter 'speed' executable 'false'
03-28 22:40:38.621 I/artd    (  903): GetBestInfo: odex next to the dex file (/data/app/~~gnQgLvTci_eWYgxhvQTVSw==/com.google.android.gms-moQG432v3AQpEq1_pyGNVA==/oat/x86_64/split_GoogleCertificates_installtime.odex) is kOatUpToDate with filter 'speed' executable 'false'
03-28 22:40:38.623 I/artd    (  903): GetBestInfo: odex next to the dex file (/data/app/~~gnQgLvTci_eWYgxhvQTVSw==/com.google.android.gms-moQG432v3AQpEq1_pyGNVA==/oat/x86_64/split_MapsDynamite_installtime.odex) is kOatUpToDate with filter 'speed' executable 'false'
03-28 22:40:38.624 I/artd    (  903): GetBestInfo: odex next to the dex file (/data/app/~~gnQgLvTci_eWYgxhvQTVSw==/com.google.android.gms-moQG432v3AQpEq1_pyGNVA==/oat/x86_64/split_MeasurementDynamite_installtime.odex) is kOatUpToDate with filter 'speed' executable 'false'
03-28 22:40:38.625 I/artd    (  903): GetBestInfo: /data/user_de/0/com.google.android.gms/app_chimera/m/00000004/DynamiteModulesC.apk has no usable artifacts
03-28 22:40:38.626 I/artd    (  903): GetBestInfo: /data/user_de/0/com.google.android.gms/app_chimera/m/00000001/CronetDynamite.apk has no usable artifacts
03-28 22:40:38.626 I/artd    (  903): GetBestInfo: /data/user_de/0/com.google.android.gms/app_chimera/m/00000002/DynamiteLoader.apk has no usable artifacts
03-28 22:40:38.627 I/artd    (  903): GetBestInfo: /data/user_de/0/com.google.android.gms/app_chimera/m/00000014/dl-Appsearch.optional_261035100800.apk has no usable artifacts
03-28 22:40:38.628 I/artd    (  903): GetBestInfo: /data/user_de/0/com.google.android.gms/app_chimera/m/00000012/dl-MlkitOcrCommon.optional_261035100800.apk has no usable artifacts
03-28 22:40:38.629 I/artd    (  903): GetBestInfo: /data/user_de/0/com.google.android.gms/app_chimera/m/00000005/GoogleCertificates.apk has no usable artifacts
03-28 22:40:38.630 I/artd    (  903): GetBestInfo: vdex next to the dex file (/data/user/0/com.google.android.gms/app_dg_cache/E893C01D331CD1FBE6F076D28A1BA871F16A1DEC/oat/x86_64/the.vdex) is kOatUpToDate with filter 'verify' executable 'false'
03-28 22:40:38.631 I/artd    (  903): GetBestInfo: /data/user_de/0/com.google.android.gms/app_chimera/m/00000008/dl-TfliteDynamiteDynamite.integ_252130102100800.apk has no usable artifacts
03-28 22:40:38.632 I/artd    (  903): GetBestInfo: vdex next to the dex file (/data/user/0/com.google.android.gms/app_dg_cache/E054CA794C125F959C88D4849C82AB3F226237E6/oat/x86_64/the.vdex) is kOatUpToDate with filter 'verify' executable 'false'
03-28 22:40:38.633 I/artd    (  903): GetBestInfo: /data/user_de/0/com.google.android.gms/app_chimera/m/00000009/dl-Appsearch.optional_250834100800.apk has no usable artifacts
03-28 22:40:38.634 I/artd    (  903): GetBestInfo: /data/user_de/0/com.google.android.gms/app_chimera/m/0000000e/dl-PlayCloudSearch.optional_261035100000.apk has no usable artifacts
03-28 22:40:38.636 I/artd    (  903): GetBestInfo: vdex next to the dex file (/data/user/0/com.google.android.gms/app_dg_cache/492BB24C67899DCD3E45A896813896109D71DC84/oat/x86_64/the.vdex) is kOatUpToDate with filter 'verify' executable 'false'
03-28 22:40:38.636 I/artd    (  903): GetBestInfo: /data/user_de/0/com.google.android.gms/app_chimera/m/0000000f/dl-MlkitBarcodeUi.optional_261035100800.apk has no usable artifacts
03-28 22:40:38.637 I/artd    (  903): GetBestInfo: /data/user_de/0/com.google.android.gms/app_chimera/m/00000010/dl-VisionOcr.optional_261035100000.apk has no usable artifacts
03-28 22:40:38.638 I/artd    (  903): GetBestInfo: /data/user_de/0/com.google.android.gms/app_chimera/m/00000007/MeasurementDynamite.apk has no usable artifacts
03-28 22:40:42.491 D/FileUtils(  723): Rounded bytes from 2067259392 to 4000000000
03-28 22:40:42.607 V/ClearcutMetricXmitter( 1889): Transmission is done.
03-28 22:40:42.797 D/SatelliteController( 1397): iisInCarrierRoamingNbIotNtn: satellite is disabled
03-28 22:40:42.827 I/bbax    ( 1889): (REDACTED) getHotwordActive::active query: %s, watch: %s, devices connected: %s
03-28 22:40:44.602 I/wpa_supplicant( 1470): wlan0: CTRL-EVENT-BEACON-LOSS 
03-28 22:40:48.508 W/dumpsys (12960): Thread Pool max thread count is 0. Cannot cache binder as linkToDeath cannot be implemented. serviceName: package
03-28 22:40:48.619 I/artd    (  903): GetBestInfo: odex next to the dex file (/data/app/~~gnQgLvTci_eWYgxhvQTVSw==/com.google.android.gms-moQG432v3AQpEq1_pyGNVA==/oat/x86_64/base.odex) is kOatUpToDate with filter 'speed-profile' executable 'false'
03-28 22:40:48.620 I/artd    (  903): GetBestInfo: odex next to the dex file (/data/app/~~gnQgLvTci_eWYgxhvQTVSw==/com.google.android.gms-moQG432v3AQpEq1_pyGNVA==/oat/x86_64/split_AdsDynamite_installtime.odex) is kOatUpToDate with filter 'speed' executable 'false'
03-28 22:40:48.622 I/artd    (  903): GetBestInfo: odex next to the dex file (/data/app/~~gnQgLvTci_eWYgxhvQTVSw==/com.google.android.gms-moQG432v3AQpEq1_pyGNVA==/oat/x86_64/split_CronetDynamite_installtime.odex) is kOatUpToDate with filter 'speed' executable 'false'
03-28 22:40:48.623 I/artd    (  903): GetBestInfo: odex next to the dex file (/data/app/~~gnQgLvTci_eWYgxhvQTVSw==/com.google.android.gms-moQG432v3AQpEq1_pyGNVA==/oat/x86_64/split_DynamiteLoader_installtime.odex) is kOatUpToDate with filter 'speed' executable 'false'
03-28 22:40:48.624 I/artd    (  903): GetBestInfo: odex next to the dex file (/data/app/~~gnQgLvTci_eWYgxhvQTVSw==/com.google.android.gms-moQG432v3AQpEq1_pyGNVA==/oat/x86_64/split_DynamiteModulesA_installtime.odex) is kOatUpToDate with filter 'speed' executable 'false'
03-28 22:40:48.626 I/artd    (  903): GetBestInfo: odex next to the dex file (/data/app/~~gnQgLvTci_eWYgxhvQTVSw==/com.google.android.gms-moQG432v3AQpEq1_pyGNVA==/oat/x86_64/split_DynamiteModulesC_installtime.odex) is kOatUpToDate with filter 'speed' executable 'false'
03-28 22:40:48.627 I/artd    (  903): GetBestInfo: odex next to the dex file (/data/app/~~gnQgLvTci_eWYgxhvQTVSw==/com.google.android.gms-moQG432v3AQpEq1_pyGNVA==/oat/x86_64/split_GoogleCertificates_installtime.odex) is kOatUpToDate with filter 'speed' executable 'false'
03-28 22:40:48.628 I/artd    (  903): GetBestInfo: odex next to the dex file (/data/app/~~gnQgLvTci_eWYgxhvQTVSw==/com.google.android.gms-moQG432v3AQpEq1_pyGNVA==/oat/x86_64/split_MapsDynamite_installtime.odex) is kOatUpToDate with filter 'speed' executable 'false'
03-28 22:40:48.630 I/artd    (  903): GetBestInfo: odex next to the dex file (/data/app/~~gnQgLvTci_eWYgxhvQTVSw==/com.google.android.gms-moQG432v3AQpEq1_pyGNVA==/oat/x86_64/split_MeasurementDynamite_installtime.odex) is kOatUpToDate with filter 'speed' executable 'false'
03-28 22:40:48.631 I/artd    (  903): GetBestInfo: /data/user_de/0/com.google.android.gms/app_chimera/m/00000004/DynamiteModulesC.apk has no usable artifacts
03-28 22:40:48.631 I/artd    (  903): GetBestInfo: /data/user_de/0/com.google.android.gms/app_chimera/m/00000001/CronetDynamite.apk has no usable artifacts
03-28 22:40:48.632 I/artd    (  903): GetBestInfo: /data/user_de/0/com.google.android.gms/app_chimera/m/00000002/DynamiteLoader.apk has no usable artifacts
03-28 22:40:48.633 I/artd    (  903): GetBestInfo: /data/user_de/0/com.google.android.gms/app_chimera/m/00000014/dl-Appsearch.optional_261035100800.apk has no usable artifacts
03-28 22:40:48.634 I/artd    (  903): GetBestInfo: /data/user_de/0/com.google.android.gms/app_chimera/m/00000012/dl-MlkitOcrCommon.optional_261035100800.apk has no usable artifacts
03-28 22:40:48.634 I/artd    (  903): GetBestInfo: /data/user_de/0/com.google.android.gms/app_chimera/m/00000005/GoogleCertificates.apk has no usable artifacts
03-28 22:40:48.636 I/artd    (  903): GetBestInfo: vdex next to the dex file (/data/user/0/com.google.android.gms/app_dg_cache/E893C01D331CD1FBE6F076D28A1BA871F16A1DEC/oat/x86_64/the.vdex) is kOatUpToDate with filter 'verify' executable 'false'
03-28 22:40:48.637 I/artd    (  903): GetBestInfo: /data/user_de/0/com.google.android.gms/app_chimera/m/00000008/dl-TfliteDynamiteDynamite.integ_252130102100800.apk has no usable artifacts
03-28 22:40:48.638 I/artd    (  903): GetBestInfo: vdex next to the dex file (/data/user/0/com.google.android.gms/app_dg_cache/E054CA794C125F959C88D4849C82AB3F226237E6/oat/x86_64/the.vdex) is kOatUpToDate with filter 'verify' executable 'false'
03-28 22:40:48.639 I/artd    (  903): GetBestInfo: /data/user_de/0/com.google.android.gms/app_chimera/m/00000009/dl-Appsearch.optional_250834100800.apk has no usable artifacts
03-28 22:40:48.640 I/artd    (  903): GetBestInfo: /data/user_de/0/com.google.android.gms/app_chimera/m/0000000e/dl-PlayCloudSearch.optional_261035100000.apk has no usable artifacts
03-28 22:40:48.641 I/artd    (  903): GetBestInfo: vdex next to the dex file (/data/user/0/com.google.android.gms/app_dg_cache/492BB24C67899DCD3E45A896813896109D71DC84/oat/x86_64/the.vdex) is kOatUpToDate with filter 'verify' executable 'false'
03-28 22:40:48.642 I/artd    (  903): GetBestInfo: /data/user_de/0/com.google.android.gms/app_chimera/m/0000000f/dl-MlkitBarcodeUi.optional_261035100800.apk has no usable artifacts
03-28 22:40:48.643 I/artd    (  903): GetBestInfo: /data/user_de/0/com.google.android.gms/app_chimera/m/00000010/dl-VisionOcr.optional_261035100000.apk has no usable artifacts
03-28 22:40:48.644 I/artd    (  903): GetBestInfo: /data/user_de/0/com.google.android.gms/app_chimera/m/00000007/MeasurementDynamite.apk has no usable artifacts
03-28 22:40:52.538 I/wpa_supplicant( 1470): wlan0: CTRL-EVENT-BEACON-LOSS 
03-28 22:40:52.797 D/SatelliteController( 1397): iisInCarrierRoamingNbIotNtn: satellite is disabled
03-28 22:40:57.241 D/ControlsListingControllerImpl( 1214): Subscribing callback, service count: 0
03-28 22:40:57.242 D/ControlsListingControllerImpl( 1214): Unsubscribing callback
03-28 22:40:58.014 I/QuickAccessWalletTile( 1214): QAW service is unavailable, recreating the wallet client.
03-28 22:40:58.525 W/dumpsys (12963): Thread Pool max thread count is 0. Cannot cache binder as linkToDeath cannot be implemented. serviceName: package
03-28 22:40:58.622 I/artd    (  903): GetBestInfo: odex next to the dex file (/data/app/~~gnQgLvTci_eWYgxhvQTVSw==/com.google.android.gms-moQG432v3AQpEq1_pyGNVA==/oat/x86_64/base.odex) is kOatUpToDate with filter 'speed-profile' executable 'false'
03-28 22:40:58.624 I/artd    (  903): GetBestInfo: odex next to the dex file (/data/app/~~gnQgLvTci_eWYgxhvQTVSw==/com.google.android.gms-moQG432v3AQpEq1_pyGNVA==/oat/x86_64/split_AdsDynamite_installtime.odex) is kOatUpToDate with filter 'speed' executable 'false'
03-28 22:40:58.626 I/artd    (  903): GetBestInfo: odex next to the dex file (/data/app/~~gnQgLvTci_eWYgxhvQTVSw==/com.google.android.gms-moQG432v3AQpEq1_pyGNVA==/oat/x86_64/split_CronetDynamite_installtime.odex) is kOatUpToDate with filter 'speed' executable 'false'
03-28 22:40:58.627 I/artd    (  903): GetBestInfo: odex next to the dex file (/data/app/~~gnQgLvTci_eWYgxhvQTVSw==/com.google.android.gms-moQG432v3AQpEq1_pyGNVA==/oat/x86_64/split_DynamiteLoader_installtime.odex) is kOatUpToDate with filter 'speed' executable 'false'
03-28 22:40:58.628 I/artd    (  903): GetBestInfo: odex next to the dex file (/data/app/~~gnQgLvTci_eWYgxhvQTVSw==/com.google.android.gms-moQG432v3AQpEq1_pyGNVA==/oat/x86_64/split_DynamiteModulesA_installtime.odex) is kOatUpToDate with filter 'speed' executable 'false'
03-28 22:40:58.630 I/artd    (  903): GetBestInfo: odex next to the dex file (/data/app/~~gnQgLvTci_eWYgxhvQTVSw==/com.google.android.gms-moQG432v3AQpEq1_pyGNVA==/oat/x86_64/split_DynamiteModulesC_installtime.odex) is kOatUpToDate with filter 'speed' executable 'false'
03-28 22:40:58.631 I/artd    (  903): GetBestInfo: odex next to the dex file (/data/app/~~gnQgLvTci_eWYgxhvQTVSw==/com.google.android.gms-moQG432v3AQpEq1_pyGNVA==/oat/x86_64/split_GoogleCertificates_installtime.odex) is kOatUpToDate with filter 'speed' executable 'false'
03-28 22:40:58.632 I/artd    (  903): GetBestInfo: odex next to the dex file (/data/app/~~gnQgLvTci_eWYgxhvQTVSw==/com.google.android.gms-moQG432v3AQpEq1_pyGNVA==/oat/x86_64/split_MapsDynamite_installtime.odex) is kOatUpToDate with filter 'speed' executable 'false'
03-28 22:40:58.634 I/artd    (  903): GetBestInfo: odex next to the dex file (/data/app/~~gnQgLvTci_eWYgxhvQTVSw==/com.google.android.gms-moQG432v3AQpEq1_pyGNVA==/oat/x86_64/split_MeasurementDynamite_installtime.odex) is kOatUpToDate with filter 'speed' executable 'false'
03-28 22:40:58.635 I/artd    (  903): GetBestInfo: /data/user_de/0/com.google.android.gms/app_chimera/m/00000004/DynamiteModulesC.apk has no usable artifacts
03-28 22:40:58.635 I/artd    (  903): GetBestInfo: /data/user_de/0/com.google.android.gms/app_chimera/m/00000001/CronetDynamite.apk has no usable artifacts
03-28 22:40:58.636 I/artd    (  903): GetBestInfo: /data/user_de/0/com.google.android.gms/app_chimera/m/00000002/DynamiteLoader.apk has no usable artifacts
03-28 22:40:58.637 I/artd    (  903): GetBestInfo: /data/user_de/0/com.google.android.gms/app_chimera/m/00000014/dl-Appsearch.optional_261035100800.apk has no usable artifacts
03-28 22:40:58.638 I/artd    (  903): GetBestInfo: /data/user_de/0/com.google.android.gms/app_chimera/m/00000012/dl-MlkitOcrCommon.optional_261035100800.apk has no usable artifacts
03-28 22:40:58.638 I/artd    (  903): GetBestInfo: /data/user_de/0/com.google.android.gms/app_chimera/m/00000005/GoogleCertificates.apk has no usable artifacts
03-28 22:40:58.639 I/artd    (  903): GetBestInfo: vdex next to the dex file (/data/user/0/com.google.android.gms/app_dg_cache/E893C01D331CD1FBE6F076D28A1BA871F16A1DEC/oat/x86_64/the.vdex) is kOatUpToDate with filter 'verify' executable 'false'
03-28 22:40:58.641 I/artd    (  903): GetBestInfo: /data/user_de/0/com.google.android.gms/app_chimera/m/00000008/dl-TfliteDynamiteDynamite.integ_252130102100800.apk has no usable artifacts
03-28 22:40:58.642 I/artd    (  903): GetBestInfo: vdex next to the dex file (/data/user/0/com.google.android.gms/app_dg_cache/E054CA794C125F959C88D4849C82AB3F226237E6/oat/x86_64/the.vdex) is kOatUpToDate with filter 'verify' executable 'false'
03-28 22:40:58.643 I/artd    (  903): GetBestInfo: /data/user_de/0/com.google.android.gms/app_chimera/m/00000009/dl-Appsearch.optional_250834100800.apk has no usable artifacts
03-28 22:40:58.644 I/artd    (  903): GetBestInfo: /data/user_de/0/com.google.android.gms/app_chimera/m/0000000e/dl-PlayCloudSearch.optional_261035100000.apk has no usable artifacts
03-28 22:40:58.645 I/artd    (  903): GetBestInfo: vdex next to the dex file (/data/user/0/com.google.android.gms/app_dg_cache/492BB24C67899DCD3E45A896813896109D71DC84/oat/x86_64/the.vdex) is kOatUpToDate with filter 'verify' executable 'false'
03-28 22:40:58.646 I/artd    (  903): GetBestInfo: /data/user_de/0/com.google.android.gms/app_chimera/m/0000000f/dl-MlkitBarcodeUi.optional_261035100800.apk has no usable artifacts
03-28 22:40:58.647 I/artd    (  903): GetBestInfo: /data/user_de/0/com.google.android.gms/app_chimera/m/00000010/dl-VisionOcr.optional_261035100000.apk has no usable artifacts
03-28 22:40:58.648 I/artd    (  903): GetBestInfo: /data/user_de/0/com.google.android.gms/app_chimera/m/00000007/MeasurementDynamite.apk has no usable artifacts
03-28 22:41:00.475 I/wpa_supplicant( 1470): wlan0: CTRL-EVENT-BEACON-LOSS 
03-28 22:41:02.798 D/SatelliteController( 1397): iisInCarrierRoamingNbIotNtn: satellite is disabled
03-28 22:41:08.410 I/wpa_supplicant( 1470): wlan0: CTRL-EVENT-BEACON-LOSS 
03-28 22:41:08.518 W/dumpsys (12966): Thread Pool max thread count is 0. Cannot cache binder as linkToDeath cannot be implemented. serviceName: package
03-28 22:41:08.606 I/artd    (  903): GetBestInfo: odex next to the dex file (/data/app/~~gnQgLvTci_eWYgxhvQTVSw==/com.google.android.gms-moQG432v3AQpEq1_pyGNVA==/oat/x86_64/base.odex) is kOatUpToDate with filter 'speed-profile' executable 'false'
03-28 22:41:08.608 I/artd    (  903): GetBestInfo: odex next to the dex file (/data/app/~~gnQgLvTci_eWYgxhvQTVSw==/com.google.android.gms-moQG432v3AQpEq1_pyGNVA==/oat/x86_64/split_AdsDynamite_installtime.odex) is kOatUpToDate with filter 'speed' executable 'false'
03-28 22:41:08.609 I/artd    (  903): GetBestInfo: odex next to the dex file (/data/app/~~gnQgLvTci_eWYgxhvQTVSw==/com.google.android.gms-moQG432v3AQpEq1_pyGNVA==/oat/x86_64/split_CronetDynamite_installtime.odex) is kOatUpToDate with filter 'speed' executable 'false'
03-28 22:41:08.610 I/artd    (  903): GetBestInfo: odex next to the dex file (/data/app/~~gnQgLvTci_eWYgxhvQTVSw==/com.google.android.gms-moQG432v3AQpEq1_pyGNVA==/oat/x86_64/split_DynamiteLoader_installtime.odex) is kOatUpToDate with filter 'speed' executable 'false'
03-28 22:41:08.611 I/artd    (  903): GetBestInfo: odex next to the dex file (/data/app/~~gnQgLvTci_eWYgxhvQTVSw==/com.google.android.gms-moQG432v3AQpEq1_pyGNVA==/oat/x86_64/split_DynamiteModulesA_installtime.odex) is kOatUpToDate with filter 'speed' executable 'false'
03-28 22:41:08.613 I/artd    (  903): GetBestInfo: odex next to the dex file (/data/app/~~gnQgLvTci_eWYgxhvQTVSw==/com.google.android.gms-moQG432v3AQpEq1_pyGNVA==/oat/x86_64/split_DynamiteModulesC_installtime.odex) is kOatUpToDate with filter 'speed' executable 'false'
03-28 22:41:08.614 I/artd    (  903): GetBestInfo: odex next to the dex file (/data/app/~~gnQgLvTci_eWYgxhvQTVSw==/com.google.android.gms-moQG432v3AQpEq1_pyGNVA==/oat/x86_64/split_GoogleCertificates_installtime.odex) is kOatUpToDate with filter 'speed' executable 'false'
03-28 22:41:08.615 I/artd    (  903): GetBestInfo: odex next to the dex file (/data/app/~~gnQgLvTci_eWYgxhvQTVSw==/com.google.android.gms-moQG432v3AQpEq1_pyGNVA==/oat/x86_64/split_MapsDynamite_installtime.odex) is kOatUpToDate with filter 'speed' executable 'false'
03-28 22:41:08.617 I/artd    (  903): GetBestInfo: odex next to the dex file (/data/app/~~gnQgLvTci_eWYgxhvQTVSw==/com.google.android.gms-moQG432v3AQpEq1_pyGNVA==/oat/x86_64/split_MeasurementDynamite_installtime.odex) is kOatUpToDate with filter 'speed' executable 'false'
03-28 22:41:08.618 I/artd    (  903): GetBestInfo: /data/user_de/0/com.google.android.gms/app_chimera/m/00000004/DynamiteModulesC.apk has no usable artifacts
03-28 22:41:08.618 I/artd    (  903): GetBestInfo: /data/user_de/0/com.google.android.gms/app_chimera/m/00000001/CronetDynamite.apk has no usable artifacts
03-28 22:41:08.619 I/artd    (  903): GetBestInfo: /data/user_de/0/com.google.android.gms/app_chimera/m/00000002/DynamiteLoader.apk has no usable artifacts
03-28 22:41:08.620 I/artd    (  903): GetBestInfo: /data/user_de/0/com.google.android.gms/app_chimera/m/00000014/dl-Appsearch.optional_261035100800.apk has no usable artifacts
03-28 22:41:08.621 I/artd    (  903): GetBestInfo: /data/user_de/0/com.google.android.gms/app_chimera/m/00000012/dl-MlkitOcrCommon.optional_261035100800.apk has no usable artifacts
03-28 22:41:08.622 I/artd    (  903): GetBestInfo: /data/user_de/0/com.google.android.gms/app_chimera/m/00000005/GoogleCertificates.apk has no usable artifacts
03-28 22:41:08.624 I/artd    (  903): GetBestInfo: vdex next to the dex file (/data/user/0/com.google.android.gms/app_dg_cache/E893C01D331CD1FBE6F076D28A1BA871F16A1DEC/oat/x86_64/the.vdex) is kOatUpToDate with filter 'verify' executable 'false'
03-28 22:41:08.625 I/artd    (  903): GetBestInfo: /data/user_de/0/com.google.android.gms/app_chimera/m/00000008/dl-TfliteDynamiteDynamite.integ_252130102100800.apk has no usable artifacts
03-28 22:41:08.626 I/artd    (  903): GetBestInfo: vdex next to the dex file (/data/user/0/com.google.android.gms/app_dg_cache/E054CA794C125F959C88D4849C82AB3F226237E6/oat/x86_64/the.vdex) is kOatUpToDate with filter 'verify' executable 'false'
03-28 22:41:08.627 I/artd    (  903): GetBestInfo: /data/user_de/0/com.google.android.gms/app_chimera/m/00000009/dl-Appsearch.optional_250834100800.apk has no usable artifacts
03-28 22:41:08.628 I/artd    (  903): GetBestInfo: /data/user_de/0/com.google.android.gms/app_chimera/m/0000000e/dl-PlayCloudSearch.optional_261035100000.apk has no usable artifacts
03-28 22:41:08.629 I/artd    (  903): GetBestInfo: vdex next to the dex file (/data/user/0/com.google.android.gms/app_dg_cache/492BB24C67899DCD3E45A896813896109D71DC84/oat/x86_64/the.vdex) is kOatUpToDate with filter 'verify' executable 'false'
03-28 22:41:08.630 I/artd    (  903): GetBestInfo: /data/user_de/0/com.google.android.gms/app_chimera/m/0000000f/dl-MlkitBarcodeUi.optional_261035100800.apk has no usable artifacts
03-28 22:41:08.631 I/artd    (  903): GetBestInfo: /data/user_de/0/com.google.android.gms/app_chimera/m/00000010/dl-VisionOcr.optional_261035100000.apk has no usable artifacts
03-28 22:41:08.631 I/artd    (  903): GetBestInfo: /data/user_de/0/com.google.android.gms/app_chimera/m/00000007/MeasurementDynamite.apk has no usable artifacts
03-28 22:41:12.798 D/SatelliteController( 1397): iisInCarrierRoamingNbIotNtn: satellite is disabled
03-28 22:41:16.603 I/wpa_supplicant( 1470): wlan0: CTRL-EVENT-BEACON-LOSS 
03-28 22:41:18.505 W/dumpsys (12969): Thread Pool max thread count is 0. Cannot cache binder as linkToDeath cannot be implemented. serviceName: package
03-28 22:41:18.619 I/artd    (  903): GetBestInfo: odex next to the dex file (/data/app/~~gnQgLvTci_eWYgxhvQTVSw==/com.google.android.gms-moQG432v3AQpEq1_pyGNVA==/oat/x86_64/base.odex) is kOatUpToDate with filter 'speed-profile' executable 'false'
03-28 22:41:18.623 I/artd    (  903): GetBestInfo: odex next to the dex file (/data/app/~~gnQgLvTci_eWYgxhvQTVSw==/com.google.android.gms-moQG432v3AQpEq1_pyGNVA==/oat/x86_64/split_AdsDynamite_installtime.odex) is kOatUpToDate with filter 'speed' executable 'false'
03-28 22:41:18.625 I/artd    (  903): GetBestInfo: odex next to the dex file (/data/app/~~gnQgLvTci_eWYgxhvQTVSw==/com.google.android.gms-moQG432v3AQpEq1_pyGNVA==/oat/x86_64/split_CronetDynamite_installtime.odex) is kOatUpToDate with filter 'speed' executable 'false'
03-28 22:41:18.626 I/artd    (  903): GetBestInfo: odex next to the dex file (/data/app/~~gnQgLvTci_eWYgxhvQTVSw==/com.google.android.gms-moQG432v3AQpEq1_pyGNVA==/oat/x86_64/split_DynamiteLoader_installtime.odex) is kOatUpToDate with filter 'speed' executable 'false'
03-28 22:41:18.628 I/artd    (  903): GetBestInfo: odex next to the dex file (/data/app/~~gnQgLvTci_eWYgxhvQTVSw==/com.google.android.gms-moQG432v3AQpEq1_pyGNVA==/oat/x86_64/split_DynamiteModulesA_installtime.odex) is kOatUpToDate with filter 'speed' executable 'false'
03-28 22:41:18.629 I/artd    (  903): GetBestInfo: odex next to the dex file (/data/app/~~gnQgLvTci_eWYgxhvQTVSw==/com.google.android.gms-moQG432v3AQpEq1_pyGNVA==/oat/x86_64/split_DynamiteModulesC_installtime.odex) is kOatUpToDate with filter 'speed' executable 'false'
03-28 22:41:18.631 I/artd    (  903): GetBestInfo: odex next to the dex file (/data/app/~~gnQgLvTci_eWYgxhvQTVSw==/com.google.android.gms-moQG432v3AQpEq1_pyGNVA==/oat/x86_64/split_GoogleCertificates_installtime.odex) is kOatUpToDate with filter 'speed' executable 'false'
03-28 22:41:18.632 I/artd    (  903): GetBestInfo: odex next to the dex file (/data/app/~~gnQgLvTci_eWYgxhvQTVSw==/com.google.android.gms-moQG432v3AQpEq1_pyGNVA==/oat/x86_64/split_MapsDynamite_installtime.odex) is kOatUpToDate with filter 'speed' executable 'false'
03-28 22:41:18.634 I/artd    (  903): GetBestInfo: odex next to the dex file (/data/app/~~gnQgLvTci_eWYgxhvQTVSw==/com.google.android.gms-moQG432v3AQpEq1_pyGNVA==/oat/x86_64/split_MeasurementDynamite_installtime.odex) is kOatUpToDate with filter 'speed' executable 'false'
03-28 22:41:18.637 I/artd    (  903): GetBestInfo: /data/user_de/0/com.google.android.gms/app_chimera/m/00000004/DynamiteModulesC.apk has no usable artifacts
03-28 22:41:18.638 I/artd    (  903): GetBestInfo: /data/user_de/0/com.google.android.gms/app_chimera/m/00000001/CronetDynamite.apk has no usable artifacts
03-28 22:41:18.641 I/artd    (  903): GetBestInfo: /data/user_de/0/com.google.android.gms/app_chimera/m/00000002/DynamiteLoader.apk has no usable artifacts
03-28 22:41:18.642 I/artd    (  903): GetBestInfo: /data/user_de/0/com.google.android.gms/app_chimera/m/00000014/dl-Appsearch.optional_261035100800.apk has no usable artifacts
03-28 22:41:18.643 I/artd    (  903): GetBestInfo: /data/user_de/0/com.google.android.gms/app_chimera/m/00000012/dl-MlkitOcrCommon.optional_261035100800.apk has no usable artifacts
03-28 22:41:18.644 I/artd    (  903): GetBestInfo: /data/user_de/0/com.google.android.gms/app_chimera/m/00000005/GoogleCertificates.apk has no usable artifacts
03-28 22:41:18.645 I/artd    (  903): GetBestInfo: vdex next to the dex file (/data/user/0/com.google.android.gms/app_dg_cache/E893C01D331CD1FBE6F076D28A1BA871F16A1DEC/oat/x86_64/the.vdex) is kOatUpToDate with filter 'verify' executable 'false'
03-28 22:41:18.646 I/artd    (  903): GetBestInfo: /data/user_de/0/com.google.android.gms/app_chimera/m/00000008/dl-TfliteDynamiteDynamite.integ_252130102100800.apk has no usable artifacts
03-28 22:41:18.648 I/artd    (  903): GetBestInfo: vdex next to the dex file (/data/user/0/com.google.android.gms/app_dg_cache/E054CA794C125F959C88D4849C82AB3F226237E6/oat/x86_64/the.vdex) is kOatUpToDate with filter 'verify' executable 'false'
03-28 22:41:18.650 I/artd    (  903): GetBestInfo: /data/user_de/0/com.google.android.gms/app_chimera/m/00000009/dl-Appsearch.optional_250834100800.apk has no usable artifacts
03-28 22:41:18.651 I/artd    (  903): GetBestInfo: /data/user_de/0/com.google.android.gms/app_chimera/m/0000000e/dl-PlayCloudSearch.optional_261035100000.apk has no usable artifacts
03-28 22:41:18.652 I/artd    (  903): GetBestInfo: vdex next to the dex file (/data/user/0/com.google.android.gms/app_dg_cache/492BB24C67899DCD3E45A896813896109D71DC84/oat/x86_64/the.vdex) is kOatUpToDate with filter 'verify' executable 'false'
03-28 22:41:18.653 I/artd    (  903): GetBestInfo: /data/user_de/0/com.google.android.gms/app_chimera/m/0000000f/dl-MlkitBarcodeUi.optional_261035100800.apk has no usable artifacts
03-28 22:41:18.655 I/artd    (  903): GetBestInfo: /data/user_de/0/com.google.android.gms/app_chimera/m/00000010/dl-VisionOcr.optional_261035100000.apk has no usable artifacts
03-28 22:41:18.655 I/artd    (  903): GetBestInfo: /data/user_de/0/com.google.android.gms/app_chimera/m/00000007/MeasurementDynamite.apk has no usable artifacts
03-28 22:41:18.665 I/system_server(  723): Background concurrent mark compact GC freed 25MB AllocSpace bytes, 7(320KB) LOS objects, 44% free, 29MB/53MB, paused 1.938ms,1.393ms total 115.220ms
03-28 22:41:22.798 D/SatelliteController( 1397): iisInCarrierRoamingNbIotNtn: satellite is disabled
03-28 22:41:24.538 I/wpa_supplicant( 1470): wlan0: CTRL-EVENT-BEACON-LOSS 
03-28 22:41:28.513 W/dumpsys (12972): Thread Pool max thread count is 0. Cannot cache binder as linkToDeath cannot be implemented. serviceName: package
03-28 22:41:28.605 I/artd    (  903): GetBestInfo: odex next to the dex file (/data/app/~~gnQgLvTci_eWYgxhvQTVSw==/com.google.android.gms-moQG432v3AQpEq1_pyGNVA==/oat/x86_64/base.odex) is kOatUpToDate with filter 'speed-profile' executable 'false'
03-28 22:41:28.607 I/artd    (  903): GetBestInfo: odex next to the dex file (/data/app/~~gnQgLvTci_eWYgxhvQTVSw==/com.google.android.gms-moQG432v3AQpEq1_pyGNVA==/oat/x86_64/split_AdsDynamite_installtime.odex) is kOatUpToDate with filter 'speed' executable 'false'
03-28 22:41:28.608 I/artd    (  903): GetBestInfo: odex next to the dex file (/data/app/~~gnQgLvTci_eWYgxhvQTVSw==/com.google.android.gms-moQG432v3AQpEq1_pyGNVA==/oat/x86_64/split_CronetDynamite_installtime.odex) is kOatUpToDate with filter 'speed' executable 'false'
03-28 22:41:28.610 I/artd    (  903): GetBestInfo: odex next to the dex file (/data/app/~~gnQgLvTci_eWYgxhvQTVSw==/com.google.android.gms-moQG432v3AQpEq1_pyGNVA==/oat/x86_64/split_DynamiteLoader_installtime.odex) is kOatUpToDate with filter 'speed' executable 'false'
03-28 22:41:28.611 I/artd    (  903): GetBestInfo: odex next to the dex file (/data/app/~~gnQgLvTci_eWYgxhvQTVSw==/com.google.android.gms-moQG432v3AQpEq1_pyGNVA==/oat/x86_64/split_DynamiteModulesA_installtime.odex) is kOatUpToDate with filter 'speed' executable 'false'
03-28 22:41:28.612 I/artd    (  903): GetBestInfo: odex next to the dex file (/data/app/~~gnQgLvTci_eWYgxhvQTVSw==/com.google.android.gms-moQG432v3AQpEq1_pyGNVA==/oat/x86_64/split_DynamiteModulesC_installtime.odex) is kOatUpToDate with filter 'speed' executable 'false'
03-28 22:41:28.614 I/artd    (  903): GetBestInfo: odex next to the dex file (/data/app/~~gnQgLvTci_eWYgxhvQTVSw==/com.google.android.gms-moQG432v3AQpEq1_pyGNVA==/oat/x86_64/split_GoogleCertificates_installtime.odex) is kOatUpToDate with filter 'speed' executable 'false'
03-28 22:41:28.615 I/artd    (  903): GetBestInfo: odex next to the dex file (/data/app/~~gnQgLvTci_eWYgxhvQTVSw==/com.google.android.gms-moQG432v3AQpEq1_pyGNVA==/oat/x86_64/split_MapsDynamite_installtime.odex) is kOatUpToDate with filter 'speed' executable 'false'
03-28 22:41:28.617 I/artd    (  903): GetBestInfo: odex next to the dex file (/data/app/~~gnQgLvTci_eWYgxhvQTVSw==/com.google.android.gms-moQG432v3AQpEq1_pyGNVA==/oat/x86_64/split_MeasurementDynamite_installtime.odex) is kOatUpToDate with filter 'speed' executable 'false'
03-28 22:41:28.618 I/artd    (  903): GetBestInfo: /data/user_de/0/com.google.android.gms/app_chimera/m/00000004/DynamiteModulesC.apk has no usable artifacts
03-28 22:41:28.618 I/artd    (  903): GetBestInfo: /data/user_de/0/com.google.android.gms/app_chimera/m/00000001/CronetDynamite.apk has no usable artifacts
03-28 22:41:28.619 I/artd    (  903): GetBestInfo: /data/user_de/0/com.google.android.gms/app_chimera/m/00000002/DynamiteLoader.apk has no usable artifacts
03-28 22:41:28.620 I/artd    (  903): GetBestInfo: /data/user_de/0/com.google.android.gms/app_chimera/m/00000014/dl-Appsearch.optional_261035100800.apk has no usable artifacts
03-28 22:41:28.621 I/artd    (  903): GetBestInfo: /data/user_de/0/com.google.android.gms/app_chimera/m/00000012/dl-MlkitOcrCommon.optional_261035100800.apk has no usable artifacts
03-28 22:41:28.621 I/artd    (  903): GetBestInfo: /data/user_de/0/com.google.android.gms/app_chimera/m/00000005/GoogleCertificates.apk has no usable artifacts
03-28 22:41:28.622 I/artd    (  903): GetBestInfo: vdex next to the dex file (/data/user/0/com.google.android.gms/app_dg_cache/E893C01D331CD1FBE6F076D28A1BA871F16A1DEC/oat/x86_64/the.vdex) is kOatUpToDate with filter 'verify' executable 'false'
03-28 22:41:28.624 I/artd    (  903): GetBestInfo: /data/user_de/0/com.google.android.gms/app_chimera/m/00000008/dl-TfliteDynamiteDynamite.integ_252130102100800.apk has no usable artifacts
03-28 22:41:28.625 I/artd    (  903): GetBestInfo: vdex next to the dex file (/data/user/0/com.google.android.gms/app_dg_cache/E054CA794C125F959C88D4849C82AB3F226237E6/oat/x86_64/the.vdex) is kOatUpToDate with filter 'verify' executable 'false'
03-28 22:41:28.626 I/artd    (  903): GetBestInfo: /data/user_de/0/com.google.android.gms/app_chimera/m/00000009/dl-Appsearch.optional_250834100800.apk has no usable artifacts
03-28 22:41:28.627 I/artd    (  903): GetBestInfo: /data/user_de/0/com.google.android.gms/app_chimera/m/0000000e/dl-PlayCloudSearch.optional_261035100000.apk has no usable artifacts
03-28 22:41:28.629 I/artd    (  903): GetBestInfo: vdex next to the dex file (/data/user/0/com.google.android.gms/app_dg_cache/492BB24C67899DCD3E45A896813896109D71DC84/oat/x86_64/the.vdex) is kOatUpToDate with filter 'verify' executable 'false'
03-28 22:41:28.630 I/artd    (  903): GetBestInfo: /data/user_de/0/com.google.android.gms/app_chimera/m/0000000f/dl-MlkitBarcodeUi.optional_261035100800.apk has no usable artifacts
03-28 22:41:28.631 I/artd    (  903): GetBestInfo: /data/user_de/0/com.google.android.gms/app_chimera/m/00000010/dl-VisionOcr.optional_261035100000.apk has no usable artifacts
03-28 22:41:28.631 I/artd    (  903): GetBestInfo: /data/user_de/0/com.google.android.gms/app_chimera/m/00000007/MeasurementDynamite.apk has no usable artifacts
03-28 22:41:32.190 D/ActivityManager(  723): sync unfroze 9939 com.google.android.partnersetup for 6
03-28 22:41:32.215 W/ProcessStats(  723): Tracking association SourceState{7f85084 system/1000 ImpBg #12192} whose proc state 6 is better than process ProcessState{fce3d57 com.google.android.partnersetup/10140 pkg=com.google.android.partnersetup} proc state 15 (6 skipped)
03-28 22:41:32.284 D/NetworkStatsObservers(  723): Registering observer for RequestInfo from pid/uid:723/1000(android) for DataUsageRequest [ requestId=14, networkTemplate=NetworkTemplate: matchRule=MOBILE, matchSubscriberIds=[310260...], matchWifiNetworkKeys=[], metered=YES, defaultNetwork=NO, thresholdInBytes=3402000 ] accessLevel:3
03-28 22:41:32.286 D/NetworkStatsObservers(  723): Unregistering RequestInfo from pid/uid:723/1000(android) for DataUsageRequest [ requestId=13, networkTemplate=NetworkTemplate: matchRule=MOBILE, matchSubscriberIds=[310260...], matchWifiNetworkKeys=[], metered=YES, defaultNetwork=NO, thresholdInBytes=3402585 ] accessLevel:3
03-28 22:41:32.285 D/ActivityThread( 9939): Package [com.studentsaas.student] reported as REPLACED, but missing application info. Assuming REMOVED.
03-28 22:41:32.289 D/ActivityThread( 9939): Package [com.studentsaas.student] reported as REPLACED, but missing application info. Assuming REMOVED.
03-28 22:41:32.318 D/WifiNl80211Manager(  723): Scan result ready event
03-28 22:41:32.318 D/WifiNative(  723): Scan result ready event
03-28 22:41:32.320 I/WifiScanner( 7251): onFullResults
03-28 22:41:32.320 I/WifiScanner( 7251): onFullResults
03-28 22:41:32.323 I/HalDevMgr(  723): bestIfaceCreationProposal is null, requestIface=STA, existingIface=[name=wlan0 type=STA]
03-28 22:41:32.345 I/.gms.persistent( 7251): AssetManager2(0x79408d83acd8) locale list changing from [] to [en-US]
03-28 22:41:32.361 I/NetworkScheduler.Stats( 7251): (REDACTED) Task %s/%s started execution. cause:%s exec_start_elapsed_seconds: %s
03-28 22:41:32.364 D/CompatChangeReporter( 9939): Compat change id reported: 312399441; UID 10140; state: ENABLED
03-28 22:41:32.398 I/NetworkScheduler.Stats( 7251): (REDACTED) Task %s/%s finished executing. cause:%s result: %s elapsed_millis: %s uptime_millis: %s exec_start_elapsed_seconds: %s
03-28 22:41:32.454 W/id.partnersetup( 9939): Reducing the number of considered missed Gc histogram windows from 219 to 100
03-28 22:41:32.498 W/JobInfo ( 9939): Job 'com.google.android.partnersetup/.InstalledAppJobService#4096' has a deadline with no functional constraints. The deadline won't improve job execution latency. Consider removing the deadline.
03-28 22:41:32.498 W/JobInfo (  723): Job 'com.google.android.partnersetup/.InstalledAppJobService#4096' has a deadline with no functional constraints. The deadline won't improve job execution latency. Consider removing the deadline.
03-28 22:41:32.503 W/JobInfo ( 9939): Job 'com.google.android.partnersetup/.InstalledAppJobService#4096' has a deadline with no functional constraints. The deadline won't improve job execution latency. Consider removing the deadline.
03-28 22:41:32.504 W/JobInfo (  723): Job 'com.google.android.partnersetup/.InstalledAppJobService#4096' has a deadline with no functional constraints. The deadline won't improve job execution latency. Consider removing the deadline.
03-28 22:41:32.580 W/JobScheduler(  723): Job didn't exist in JobStore: b59bfbd #u0a140/4096 com.google.android.partnersetup/.InstalledAppJobService
03-28 22:41:32.700 W/AppOps  (  723): Noting op not finished: uid 10147 pkg com.google.android.gms code 113 startTime of in progress event=1774715659744
03-28 22:41:32.712 W/AppOps  (  723): Noting op not finished: uid 10147 pkg com.google.android.gms code 79 startTime of in progress event=1774715659744
03-28 22:41:32.717 I/ActivityScheduler( 7251): nextTriggerTime: 3970275, in 238100ms, detectorType: 39, FULL_TYPE alarmWindowMillis: 80000
03-28 22:41:32.799 D/SatelliteController( 1397): iisInCarrierRoamingNbIotNtn: satellite is disabled
03-28 22:41:33.702 W/AppOps  (  723): Noting op not finished: uid 10147 pkg com.google.android.gms code 113 startTime of in progress event=1774715659744
03-28 22:41:34.450 I/bluetooth(10310): system/gd/hci/le_address_manager.cc:576 GetNextPrivateAddressIntervalRange: client=LeAddressManager, nonwake=7m19s, wake=14m54s
03-28 22:41:34.457 I/bluetooth(10310): system/gd/hci/le_address_manager.cc:777 OnCommandComplete: Received command complete with op_code LE_SET_RANDOM_ADDRESS(0x2005)
03-28 22:41:34.457 I/bluetooth(10310): system/gd/hci/le_address_manager.cc:797 OnCommandComplete: update random address : xx:xx:xx:xx:5c:20
03-28 22:41:34.457 I/bluetooth(10310): system/gd/hci/le_address_manager.cc:392 resume_registered_clients: Resuming registered clients
03-28 22:41:34.457 I/bluetooth(10310): system/gd/hci/le_scanning_manager.cc:601 stop_scan: Scanning already stopped, return!
03-28 22:41:37.598 D/InetDiagMessage(  723): Destroyed 0 sockets, proto=IPPROTO_TCP, family=AF_INET, states=14
03-28 22:41:37.599 D/InetDiagMessage(  723): Destroyed 0 sockets, proto=IPPROTO_TCP, family=AF_INET6, states=14
03-28 22:41:37.599 D/InetDiagMessage(  723): Destroyed live tcp sockets for uids={10140} in 1ms
03-28 22:41:37.599 D/InetDiagMessage(  723): Destroyed 0 sockets, proto=IPPROTO_TCP, family=AF_INET, states=14
03-28 22:41:37.599 D/InetDiagMessage(  723): Destroyed 0 sockets, proto=IPPROTO_TCP, family=AF_INET6, states=14
03-28 22:41:37.599 D/InetDiagMessage(  723): Destroyed live tcp sockets for uids={20140} in 1ms
03-28 22:41:38.517 W/dumpsys (12989): Thread Pool max thread count is 0. Cannot cache binder as linkToDeath cannot be implemented. serviceName: package
