03-28 22:40:02.196  7541  7541 I EmojiCompatManager: 	at android.os.Looper.loopOnce(Looper.java:248)
03-28 22:40:02.196  7541  7541 I EmojiCompatManager: 	at android.os.Looper.loop(Looper.java:338)
03-28 22:40:02.196  7541  7541 I EmojiCompatManager: 	at android.app.ActivityThread.main(ActivityThread.java:9067)
03-28 22:40:02.196  7541  7541 I EmojiCompatManager: 	at java.lang.reflect.Method.invoke(Native Method)
03-28 22:40:02.196  7541  7541 I EmojiCompatManager: 	at com.android.internal.os.RuntimeInit$MethodAndArgsCaller.run(RuntimeInit.java:593)
03-28 22:40:02.196  7541  7541 I EmojiCompatManager: 	at com.android.internal.os.ZygoteInit.main(ZygoteInit.java:932)
03-28 22:40:02.196   723   723 I ResourceTimer: GetResourceValue count=22466 pvalues=14000,32000,39000,170000
03-28 22:40:02.196   723   723 I ResourceTimer: RetrieveAttributes count=6096 pvalues=13000,21000,37000,380000
03-28 22:40:02.198   723   743 W PackageConfigPersister: App-specific configuration not found for packageName: com.studentsaas.student and userId: 0
03-28 22:40:02.204   723  1169 D BackgroundInstallControlService: Package event received: 0
03-28 22:40:02.238  7251  7645 I FontLog : (REDACTED) Pulling font file for id = %d, cache size = %d
03-28 22:40:02.394   615   709 W IPCThreadState: Sending oneway calls to frozen process.
03-28 22:40:02.419  1214  1333 W WindowOnBackDispatcher: sendCancelIfRunning: isInProgress=false callback=android.view.ViewRootImpl$$ExternalSyntheticLambda13@5c2a1de
03-28 22:40:02.420   723  2192 D CoreBackPreview: Window{a3a0419 u0 Splash Screen com.studentsaas.student EXITING}: Setting back callback null
03-28 22:40:02.507 12840 12874 D Capacitor: Handling local request: http://localhost/assets/index-ByjzEesw.js
03-28 22:40:02.510 12840 12876 D Capacitor: Handling local request: http://localhost/assets/index-18-l-p2w.css
03-28 22:40:02.651 12840 12846 I entsaas.student: Compiler allocated 5042KB to compile void android.view.ViewRootImpl.performTraversals()
03-28 22:40:02.806  1397  1722 D SatelliteController: iisInCarrierRoamingNbIotNtn: satellite is disabled
03-28 22:40:02.925  1214  1227 W System  : A resource failed to call release. 
03-28 22:40:02.925  1214  1227 W System  : A resource failed to call release. 
03-28 22:40:02.925  1214  1227 W System  : A resource failed to call release. 
03-28 22:40:02.925  1214  1227 W System  : A resource failed to call release. 
03-28 22:40:02.925  1214  1227 W System  : A resource failed to call release. 
03-28 22:40:02.925  1214  1227 W System  : A resource failed to call release. 
03-28 22:40:02.925  1214  1227 W System  : A resource failed to call release. 
03-28 22:40:02.992   723  3595 E TaskPersister: File error accessing recents directory (directory doesn't exist?).
03-28 22:40:03.161 12840 12874 D Capacitor: Handling local request: http://localhost/assets/index-ovVujv-_.js
03-28 22:40:03.162 12840 12874 D Capacitor: Handling local request: http://localhost/favicon.ico
03-28 22:40:03.163 12840 12874 D Capacitor: Handling local request: http://localhost/assets/Login-nCDo6rFi.js
03-28 22:40:03.164 12840 12876 D Capacitor: Handling local request: http://localhost/assets/ThemeSelector-DMxRpyPC.js
03-28 22:40:03.164 12840 12878 D Capacitor: Handling local request: http://localhost/assets/ThemeSelector-XSxbycEM.css
03-28 22:40:03.165 12840 12874 D Capacitor: Handling local request: http://localhost/assets/Auth-vKnLDGms.css
03-28 22:40:03.166 12840 12876 D Capacitor: Handling local request: http://localhost/favicon.ico
03-28 22:40:03.166 12840 12874 D Capacitor: Handling local request: http://localhost/favicon.ico
03-28 22:40:03.201 12840 12840 V Capacitor/Plugin: To native (Capacitor plugin): callbackId: 60666381, pluginId: App, methodName: addListener
03-28 22:40:03.203 12840 12840 V Capacitor: callback: 60666381, pluginId: App, methodName: addListener, methodData: {"eventName":"appUrlOpen"}
03-28 22:40:03.206 12840 12874 D Capacitor: Handling local request: http://localhost/assets/index-HHHTmMQH.js
03-28 22:40:03.219 12840 12878 D Capacitor: Handling local request: http://localhost/assets/index-DaZ6eiU_.js
03-28 22:40:03.610  7541  7541 I GoogleInputMethodService: GoogleInputMethodService.onStartInput():1293 onStartInput(EditorInfo{EditorInfo{packageName=com.studentsaas.student, inputType=d1, inputTypeString=WebEmailAddress[], enableLearning=true, autoCorrection=false, autoComplete=true, imeOptions=12000005, privateImeOptions=null, actionName=NEXT, actionLabel=null, initialSelStart=0, initialSelEnd=0, initialCapsMode=0, label=null, fieldId=2131230918, fieldName=null, extras=null, hintText=null, hintLocales=[]}}, true)
03-28 22:40:03.611  7541  7541 W SessionManager: SessionManager.beginSession():53 Try to begin an already begun session [INPUT_SESSION], end it first
03-28 22:40:03.622  7541  7541 I Module  : DeviceLockedStatusModuleProvider$Module.updateDeviceLockedStatus():100 repeatCheckTimes = 1, locked = false
03-28 22:40:03.625  7541  7541 I EmojiCompatManager: EmojiCompatManager.getEmojiCompatIfLoaded():343 EmojiCompat.init() was never called.
03-28 22:40:03.625  7541  7541 I EmojiCompatManager: java.lang.IllegalStateException: EmojiCompat is not initialized. Please call EmojiCompat.init() first
03-28 22:40:03.625  7541  7541 I EmojiCompatManager: 	at asx.p(PG:6)
03-28 22:40:03.625  7541  7541 I EmojiCompatManager: 	at axb.b(PG:13)
03-28 22:40:03.625  7541  7541 I EmojiCompatManager: 	at jnr.b(PG:2)
03-28 22:40:03.625  7541  7541 I EmojiCompatManager: 	at jnr.c(PG:4)
03-28 22:40:03.625  7541  7541 I EmojiCompatManager: 	at jnr.f(PG:3)
03-28 22:40:03.625  7541  7541 I EmojiCompatManager: 	at jnx.c(PG:3)
03-28 22:40:03.625  7541  7541 I EmojiCompatManager: 	at kif.cz(PG:47)
03-28 22:40:03.625  7541  7541 I EmojiCompatManager: 	at lhl.run(PG:1025)
03-28 22:40:03.625  7541  7541 I EmojiCompatManager: 	at jaf.execute(PG:12)
03-28 22:40:03.625  7541  7541 I EmojiCompatManager: 	at nco.v(PG:13)
03-28 22:40:03.625  7541  7541 I EmojiCompatManager: 	at lhn.m(PG:96)
03-28 22:40:03.625  7541  7541 I EmojiCompatManager: 	at lhn.k(PG:25)
03-28 22:40:03.625  7541  7541 I EmojiCompatManager: 	at kgn.onStartInput(PG:250)
03-28 22:40:03.625  7541  7541 I EmojiCompatManager: 	at android.inputmethodservice.InputMethodService.doStartInput(InputMethodService.java:3521)
03-28 22:40:03.625  7541  7541 I EmojiCompatManager: 	at android.inputmethodservice.InputMethodService$InputMethodImpl.restartInput(InputMethodService.java:891)
03-28 22:40:03.625  7541  7541 I EmojiCompatManager: 	at android.inputmethodservice.InputMethodService$InputMethodImpl.dispatchStartInput(InputMethodService.java:906)
03-28 22:40:03.625  7541  7541 I EmojiCompatManager: 	at android.inputmethodservice.IInputMethodWrapper.executeMessage(IInputMethodWrapper.java:201)
03-28 22:40:03.625  7541  7541 I EmojiCompatManager: 	at com.android.internal.os.HandlerCaller$MyHandler.handleMessage(HandlerCaller.java:44)
03-28 22:40:03.625  7541  7541 I EmojiCompatManager: 	at android.os.Handler.dispatchMessage(Handler.java:110)
03-28 22:40:03.625  7541  7541 I EmojiCompatManager: 	at android.os.Looper.loopOnce(Looper.java:248)
03-28 22:40:03.625  7541  7541 I EmojiCompatManager: 	at android.os.Looper.loop(Looper.java:338)
03-28 22:40:03.625  7541  7541 I EmojiCompatManager: 	at android.app.ActivityThread.main(ActivityThread.java:9067)
03-28 22:40:03.625  7541  7541 I EmojiCompatManager: 	at java.lang.reflect.Method.invoke(Native Method)
03-28 22:40:03.625  7541  7541 I EmojiCompatManager: 	at com.android.internal.os.RuntimeInit$MethodAndArgsCaller.run(RuntimeInit.java:593)
03-28 22:40:03.625  7541  7541 I EmojiCompatManager: 	at com.android.internal.os.ZygoteInit.main(ZygoteInit.java:932)
03-28 22:40:03.627   723  2361 W PackageConfigPersister: App-specific configuration not found for packageName: com.studentsaas.student and userId: 0
03-28 22:40:03.664 12840 12840 V Capacitor/Plugin: To native (Capacitor plugin): callbackId: 60666382, pluginId: PushNotifications, methodName: checkPermissions
03-28 22:40:03.664 12840 12840 V Capacitor: callback: 60666382, pluginId: PushNotifications, methodName: checkPermissions, methodData: {}
03-28 22:40:03.712 12840 12840 V Capacitor/Plugin: To native (Capacitor plugin): callbackId: 60666383, pluginId: PushNotifications, methodName: register
03-28 22:40:03.712 12840 12840 V Capacitor: callback: 60666383, pluginId: PushNotifications, methodName: register, methodData: {}
03-28 22:40:03.719 12840 12902 E Capacitor: Serious error executing plugin
03-28 22:40:03.719 12840 12902 E Capacitor: java.lang.reflect.InvocationTargetException
03-28 22:40:03.719 12840 12902 E Capacitor: 	at java.lang.reflect.Method.invoke(Native Method)
03-28 22:40:03.719 12840 12902 E Capacitor: 	at com.getcapacitor.PluginHandle.invoke(PluginHandle.java:138)
03-28 22:40:03.719 12840 12902 E Capacitor: 	at com.getcapacitor.Bridge.lambda$callPluginMethod$0(Bridge.java:844)
03-28 22:40:03.719 12840 12902 E Capacitor: 	at com.getcapacitor.Bridge.$r8$lambda$FNYM7cvgeBk0k8YXQH7M96Mrf-c(Unknown Source:0)
03-28 22:40:03.719 12840 12902 E Capacitor: 	at com.getcapacitor.Bridge$$ExternalSyntheticLambda0.run(D8$$SyntheticClass:0)
03-28 22:40:03.719 12840 12902 E Capacitor: 	at android.os.Handler.handleCallback(Handler.java:995)
03-28 22:40:03.719 12840 12902 E Capacitor: 	at android.os.Handler.dispatchMessage(Handler.java:103)
03-28 22:40:03.719 12840 12902 E Capacitor: 	at android.os.Looper.loopOnce(Looper.java:248)
03-28 22:40:03.719 12840 12902 E Capacitor: 	at android.os.Looper.loop(Looper.java:338)
03-28 22:40:03.719 12840 12902 E Capacitor: 	at android.os.HandlerThread.run(HandlerThread.java:85)
03-28 22:40:03.719 12840 12902 E Capacitor: Caused by: java.lang.IllegalStateException: Default FirebaseApp is not initialized in this process com.studentsaas.student. Make sure to call FirebaseApp.initializeApp(Context) first.
03-28 22:40:03.719 12840 12902 E Capacitor: 	at com.google.firebase.FirebaseApp.getInstance(FirebaseApp.java:179)
03-28 22:40:03.719 12840 12902 E Capacitor: 	at com.google.firebase.messaging.FirebaseMessaging.getInstance(FirebaseMessaging.java:120)
03-28 22:40:03.719 12840 12902 E Capacitor: 	at com.capacitorjs.plugins.pushnotifications.PushNotificationsPlugin.register(PushNotificationsPlugin.java:102)
03-28 22:40:03.719 12840 12902 E Capacitor: 	... 10 more
--------- beginning of crash
03-28 22:40:03.725 12840 12902 E AndroidRuntime: FATAL EXCEPTION: CapacitorPlugins
03-28 22:40:03.725 12840 12902 E AndroidRuntime: Process: com.studentsaas.student, PID: 12840
03-28 22:40:03.725 12840 12902 E AndroidRuntime: java.lang.RuntimeException: java.lang.reflect.InvocationTargetException
03-28 22:40:03.725 12840 12902 E AndroidRuntime: 	at com.getcapacitor.Bridge.lambda$callPluginMethod$0(Bridge.java:853)
03-28 22:40:03.725 12840 12902 E AndroidRuntime: 	at com.getcapacitor.Bridge.$r8$lambda$FNYM7cvgeBk0k8YXQH7M96Mrf-c(Unknown Source:0)
03-28 22:40:03.725 12840 12902 E AndroidRuntime: 	at com.getcapacitor.Bridge$$ExternalSyntheticLambda0.run(D8$$SyntheticClass:0)
03-28 22:40:03.725 12840 12902 E AndroidRuntime: 	at android.os.Handler.handleCallback(Handler.java:995)
03-28 22:40:03.725 12840 12902 E AndroidRuntime: 	at android.os.Handler.dispatchMessage(Handler.java:103)
03-28 22:40:03.725 12840 12902 E AndroidRuntime: 	at android.os.Looper.loopOnce(Looper.java:248)
03-28 22:40:03.725 12840 12902 E AndroidRuntime: 	at android.os.Looper.loop(Looper.java:338)
03-28 22:40:03.725 12840 12902 E AndroidRuntime: 	at android.os.HandlerThread.run(HandlerThread.java:85)
03-28 22:40:03.725 12840 12902 E AndroidRuntime: Caused by: java.lang.reflect.InvocationTargetException
03-28 22:40:03.725 12840 12902 E AndroidRuntime: 	at java.lang.reflect.Method.invoke(Native Method)
03-28 22:40:03.725 12840 12902 E AndroidRuntime: 	at com.getcapacitor.PluginHandle.invoke(PluginHandle.java:138)
03-28 22:40:03.725 12840 12902 E AndroidRuntime: 	at com.getcapacitor.Bridge.lambda$callPluginMethod$0(Bridge.java:844)
03-28 22:40:03.725 12840 12902 E AndroidRuntime: 	... 7 more
03-28 22:40:03.725 12840 12902 E AndroidRuntime: Caused by: java.lang.IllegalStateException: Default FirebaseApp is not initialized in this process com.studentsaas.student. Make sure to call FirebaseApp.initializeApp(Context) first.
03-28 22:40:03.725 12840 12902 E AndroidRuntime: 	at com.google.firebase.FirebaseApp.getInstance(FirebaseApp.java:179)
03-28 22:40:03.725 12840 12902 E AndroidRuntime: 	at com.google.firebase.messaging.FirebaseMessaging.getInstance(FirebaseMessaging.java:120)
03-28 22:40:03.725 12840 12902 E AndroidRuntime: 	at com.capacitorjs.plugins.pushnotifications.PushNotificationsPlugin.register(PushNotificationsPlugin.java:102)
03-28 22:40:03.725 12840 12902 E AndroidRuntime: 	... 10 more
03-28 22:40:03.755   723  2361 W ActivityTaskManager:   Force finishing activity com.studentsaas.student/.MainActivity
03-28 22:40:03.756   723 12935 I DropBoxManagerService: add tag=data_app_crash isTagEnabled=true flags=0x2
03-28 22:40:03.759   569   672 I BpBinder: onLastStrongRef automatically unlinking death recipients: 
03-28 22:40:03.761  1214  1283 V WindowManagerShell: Transition requested (#40): android.os.BinderProxy@312c823 TransitionRequestInfo { type = CLOSE, triggerTask = TaskInfo{userId=0 taskId=17 effectiveUid=10217 displayId=0 isRunning=true baseIntent=Intent { flg=0x10000000 cmp=com.studentsaas.student/.MainActivity } baseActivity=ComponentInfo{com.studentsaas.student/com.studentsaas.student.MainActivity} topActivity=ComponentInfo{com.studentsaas.student/com.studentsaas.student.MainActivity} origActivity=null realActivity=ComponentInfo{com.studentsaas.student/com.studentsaas.student.MainActivity} numActivities=1 lastActiveTime=3639670 supportsMultiWindow=true resizeMode=1 isResizeable=true minWidth=-1 minHeight=-1 defaultMinSize=220 token=WCT{android.window.IWindowContainerToken$Stub$Proxy@60c1120} topActivityType=1 pictureInPictureParams=null shouldDockBigOverlays=false launchIntoPipHostTaskId=-1 lastParentTaskIdBeforePip=-1 displayCutoutSafeInsets=Rect(0, 0 - 0, 0) topActivityInfo=ActivityInfo{f1b3ad9 com.studentsaas.student.MainActivity} launchCookies=[] positionInParent=Point(0, 0) parentTaskId=-1 isFocused=true isVisible=true isVisibleRequested=true isTopActivityNoDisplay=false isSleeping=false locusId=null displayAreaFeatureId=1 isTopActivityTransparent=false isActivityStackTransparent=false lastNonFullscreenBounds=Rect(276, 694 - 804, 1774) capturedLink=null capturedLinkTimestamp=0 requestedVisibleTypes=-9 topActivityRequestOpenInBrowserEducationTimestamp=0 appCompatTaskInfo=AppCompatTaskInfo { topActivityInSizeCompat=false eligibleForLetterboxEducation= false isLetterboxEducationEnabled= true isLetterboxDoubleTapEnabled= false eligibleForUserAspectRatioButton= false topActivityBoundsLetterboxed= false isFromLetterboxDoubleTap= false topActivityLetterboxVerticalPosition= -1 topActivityLetterboxHorizontalPosition= -1 topActivityLetterboxWidth=-1 topActivityLetterboxHeight=-1 topActivityAppBounds=Rect(0, 0 - 1080, 2400) isUserFullscreenOverrideEnabled=false isSystemFullscreenOverrideEnabled=false hasMinAspectRatioOverride=false topActivityLetterboxBounds=null cameraCompatTaskInfo=CameraCompatTaskInfo { freeformCameraCompatMode=inactive}} topActivityMainWindowFrame=null}, pipChange = null, remoteTransition = null, displayChange = null, flags = 16, debugId = 40 }
03-28 22:40:03.771 12840 12902 I Process : Sending signal. PID: 12840 SIG: 9
03-28 22:40:03.779   569   569 I BpBinder: onLastStrongRef automatically unlinking death recipients: 
03-28 22:40:03.787   723   877 W InputDispatcher: channel '31b914 com.studentsaas.student/com.studentsaas.student.MainActivity' ~ Consumer closed input channel or an error occurred.  events=0x9
03-28 22:40:03.787   723   877 E InputDispatcher: channel '31b914 com.studentsaas.student/com.studentsaas.student.MainActivity' ~ Channel is unrecoverably broken and will be disposed!
03-28 22:40:03.788   723   877 I WindowManager: WINDOW DIED Window{31b914 u0 com.studentsaas.student/com.studentsaas.student.MainActivity}
03-28 22:40:03.789   723  2192 I ActivityManager: Process com.studentsaas.student (pid 12840) has died: fg  TOP 
03-28 22:40:03.791   723  2000 I WindowManager: WIN DEATH: Window{31b914 u0 com.studentsaas.student/com.studentsaas.student.MainActivity EXITING}
03-28 22:40:03.792   723  1125 D ConnectivityService: releasing NetworkRequest [ REQUEST id=413, [ Capabilities: INTERNET&NOT_RESTRICTED&TRUSTED&NOT_VCN_MANAGED&NOT_BANDWIDTH_CONSTRAINED Uid: 10217 RequestorUid: 10217 RequestorPkg: com.studentsaas.student UnderlyingNetworks: Null] ] (release request)
03-28 22:40:03.793   723  1352 I ImeTracker: com.studentsaas.student:26c52aa6: onRequestHide at ORIGIN_SERVER reason HIDE_REMOVE_CLIENT fromUser false
03-28 22:40:03.796   723  1352 I ImeTracker: com.studentsaas.student:26c52aa6: onCancelled at PHASE_SERVER_SHOULD_HIDE
03-28 22:40:03.796   493   493 I Zygote  : Process 12840 exited due to signal 9 (Killed)
03-28 22:40:03.798  1537  1537 I adbd    : Remote process closed the socket (on MSG_PEEK)
03-28 22:40:03.799   723   763 I libprocessgroup: Removed cgroup /sys/fs/cgroup/apps/uid_10217/pid_12840
03-28 22:40:03.809  1303  1303 I Zygote  : Process 12866 exited cleanly (0)
03-28 22:40:03.811   723  2192 W ActivityManager: pid 723 system sent binder code 12 with flags 1 to frozen apps and got error -32
03-28 22:40:03.813   723  2192 W ActivityManager: Exception when unbinding service com.studentsaas.student/org.chromium.content.app.SandboxedProcessService0:0
03-28 22:40:03.813   723  2192 W ActivityManager: android.os.DeadObjectException
03-28 22:40:03.813   723  2192 W ActivityManager: 	at android.os.BinderProxy.transactNative(Native Method)
03-28 22:40:03.813   723  2192 W ActivityManager: 	at android.os.BinderProxy.transact(BinderProxy.java:592)
03-28 22:40:03.813   723  2192 W ActivityManager: 	at android.app.IApplicationThread$Stub$Proxy.scheduleUnbindService(IApplicationThread.java:1751)
03-28 22:40:03.813   723  2192 W ActivityManager: 	at android.app.IApplicationThread$Delegator.scheduleUnbindService(IApplicationThread.java:271)
03-28 22:40:03.813   723  2192 W ActivityManager: 	at com.android.server.am.ActiveServices.removeConnectionLocked(ActiveServices.java:6673)
03-28 22:40:03.813   723  2192 W ActivityManager: 	at com.android.server.am.ActiveServices.killServicesLocked(ActiveServices.java:7234)
03-28 22:40:03.813   723  2192 W ActivityManager: 	at com.android.server.am.ActivityManagerService.cleanUpApplicationRecordLocked(ActivityManagerService.java:13544)
03-28 22:40:03.813   723  2192 W ActivityManager: 	at com.android.server.am.ActivityManagerService.handleAppDiedLocked(ActivityManagerService.java:3349)
03-28 22:40:03.813   723  2192 W ActivityManager: 	at com.android.server.am.ActivityManagerService.appDiedLocked(ActivityManagerService.java:3470)
03-28 22:40:03.813   723  2192 W ActivityManager: 	at com.android.server.am.ActivityManagerService$AppDeathRecipient.binderDied(ActivityManagerService.java:1526)
03-28 22:40:03.813   723  2192 W ActivityManager: 	at android.os.IBinder$DeathRecipient.binderDied(IBinder.java:340)
03-28 22:40:03.813   723  2192 W ActivityManager: 	at android.os.BinderProxy.sendDeathNotice(BinderProxy.java:780)
03-28 22:40:03.814   723  2192 D CompatChangeReporter: Compat change id reported: 311208629; UID 10217; state: ENABLED
03-28 22:40:03.815 10972 10972 D BoundBrokerSvc: onUnbind: Intent { act=com.google.android.gms.safetynet.service.START xflg=0x4 pkg=com.google.android.gms }
03-28 22:40:03.817   723  2192 W ActivityManager: pid 723 system sent binder code 31 with flags 1 to frozen apps and got error -32
03-28 22:40:03.817   723  2192 D ActivityManager: Too many transaction errors, throttling freezer binder callback.
03-28 22:40:03.818   723  2192 W ActivityManager: pid 723 system sent binder code 41 with flags 1 to frozen apps and got error -32
03-28 22:40:03.818   723  2192 D ActivityManager: Too many transaction errors, throttling freezer binder callback.
03-28 22:40:03.818   723  2192 I ActivityManager: Killing 12866:com.google.android.webview:sandboxed_process0:org.chromium.content.app.SandboxedProcessService0:0/u0a217i9 (adj 900): isolated not needed
03-28 22:40:03.819   246   246 W lowmemorykiller: Failed to open /proc/12866/oom_score_adj; errno=2: process 12866 might have been killed
03-28 22:40:03.830   723   755 W ActivityManager: setHasOverlayUi called on unknown pid: 12840
03-28 22:40:03.830   723   755 V WindowManager: Unknown focus tokens, dropping reportFocusChanged
03-28 22:40:03.831   723  1125 D InetDiagMessage: Destroyed 0 sockets, proto=IPPROTO_TCP, family=AF_INET, states=14
03-28 22:40:03.833  1493  1493 D ViewRootImpl: Skipping stats log for color mode
03-28 22:40:03.834  1493  1493 D StatsLog: LAUNCHER_ONRESUME
03-28 22:40:03.835   723  1169 D BackgroundInstallControlService: Package event received: 0
03-28 22:40:03.835   723  1169 D BackgroundInstallControlService: Package event received: 0
03-28 22:40:03.835   723  1125 D InetDiagMessage: Destroyed 0 sockets, proto=IPPROTO_TCP, family=AF_INET6, states=14
03-28 22:40:03.835   723  1125 D InetDiagMessage: Destroyed live tcp sockets for uids={10217} in 6ms
03-28 22:40:03.835   723  1169 D BackgroundInstallControlService: Package event received: 0
03-28 22:40:03.839  1214  1283 D WindowManagerShell: setLauncherKeepClearAreaHeight: visible=true, height=527
03-28 22:40:03.839   723  1125 D InetDiagMessage: Destroyed 0 sockets, proto=IPPROTO_TCP, family=AF_INET, states=14
03-28 22:40:03.840   723  1125 D InetDiagMessage: Destroyed 0 sockets, proto=IPPROTO_TCP, family=AF_INET6, states=14
03-28 22:40:03.840   723  1125 D InetDiagMessage: Destroyed live tcp sockets for uids={20217} in 4ms
03-28 22:40:03.840   723   763 I libprocessgroup: Removed cgroup /sys/fs/cgroup/apps/uid_99009/pid_12866
03-28 22:40:03.845  1493  1510 D QuickstepModelDelegate: notifyAppTargetEvent action=1 launchLocation=workspace/0/[-1,-1]/[1,1]
03-28 22:40:03.847  1493  1493 D NexusLauncherModelDelegate: notifySmartspaceEvent: SmartspaceTargetEvent{mSmartspaceTarget=null, mSmartspaceActionId='null', mEventType=6}
03-28 22:40:03.849  1875  2261 I AiAiEcho: Predicting[0]:  [CONTEXT sampling_count=5 ]
03-28 22:40:03.849  1875  2261 I AiAiEcho: EchoTargets: 
03-28 22:40:03.849  1875  2261 I AiAiEcho: Filtered by AiAi flag check: 
03-28 22:40:03.849  1875  2261 I AiAiEcho: [CONTEXT ratelimit_period="10 SECONDS" ]
03-28 22:40:03.849  1875  2261 I AiAiEcho: #remoteViewsTwiddler: feature disabled.
03-28 22:40:03.851  1875  2261 I AiAiEcho: #postPredictionTargets: Sending updates to UISurface home with targets# 0 (types=[])
03-28 22:40:03.853  1493  1493 D BaseDepthController: setSurface:
03-28 22:40:03.853  1493  1493 D BaseDepthController: 	mWaitingOnSurfaceValidity: false
03-28 22:40:03.853  1493  1493 D BaseDepthController: 	mBaseSurface: Surface(name=com.google.android.apps.nexuslauncher/com.google.android.apps.nexuslauncher.NexusLauncherActivity)/@0xbc9dd7
03-28 22:40:03.989  1493  1493 I NotificationListener: Handling notification state refresh for com.android.vending#0
03-28 22:40:03.989  1493  1493 I NotificationListener: Handling notification state refresh for android#0
03-28 22:40:03.989  1493  1493 I NotificationListener: Handling notification state refresh for com.android.systemui#0
03-28 22:40:03.990  1493  1493 D SsBaseTemplateCard: No text view can be set up
03-28 22:40:03.990  1493  1493 D SsBaseTemplateCard: Passed-in item info is null
03-28 22:40:03.990  1493  1493 D SsBaseTemplateCard: Passed-in item info is null
03-28 22:40:03.990  1493  1493 D SsBaseTemplateCard: Passed-in item info is null
03-28 22:40:03.990  1493  1493 I SsBaseTemplateCard: Secondary card pane is null
03-28 22:40:04.012  1214  1529 V WindowManagerShell: onTransitionReady(transaction=3105261356768)
03-28 22:40:04.012  1214  1283 V WindowManagerShell: onTransitionReady (#40) android.os.BinderProxy@312c823: {id=40 t=CLOSE f=0x10 trk=0 r=[0@Point(0, 0)] c=[
03-28 22:40:04.012  1214  1283 V WindowManagerShell:         {m=TO_FRONT f=SHOW_WALLPAPER|MOVE_TO_TOP leash=Surface(name=Task=1)/@0x75c5c9e sb=Rect(0, 0 - 1080, 2400) eb=Rect(0, 0 - 1080, 2400) epz=Point(1080, 2400) d=0 taskParent=-1},
03-28 22:40:04.012  1214  1283 V WindowManagerShell:         {m=CLOSE f=NONE leash=Surface(name=Task=17)/@0x6bfc37f sb=Rect(0, 0 - 1080, 2400) eb=Rect(0, 0 - 1080, 2400) epz=Point(1080, 2400) d=0 taskParent=-1},
03-28 22:40:04.012  1214  1283 V WindowManagerShell:         {m=TO_FRONT f=IS_WALLPAPER leash=Surface(name=WallpaperWindowToken{fd65578 showWhenLocked=false})/@0x711f4c sb=Rect(0, 0 - 1080, 2400) eb=Rect(0, 0 - 1080, 2400) epz=Point(1080, 2400) d=0}
03-28 22:40:04.012  1214  1283 V WindowManagerShell:     ]}
03-28 22:40:04.013  1214  1283 V WindowManagerShell: Playing animation for (#40) android.os.BinderProxy@312c823@0
03-28 22:40:04.013  1214  1283 V ShellRecents: RecentsTransitionHandler.startAnimation: no controller found
03-28 22:40:04.014  1214  1283 V WindowManagerShell: Transition doesn't have explicit remote, search filters for match for {id=40 t=CLOSE f=0x10 trk=0 r=[0@Point(0, 0)] c=[{m=TO_FRONT f=SHOW_WALLPAPER|MOVE_TO_TOP leash=Surface(name=Task=1)/@0x75c5c9e sb=Rect(0, 0 - 1080, 2400) eb=Rect(0, 0 - 1080, 2400) epz=Point(1080, 2400) d=0 taskParent=-1},{m=CLOSE f=NONE leash=Surface(name=Task=17)/@0x6bfc37f sb=Rect(0, 0 - 1080, 2400) eb=Rect(0, 0 - 1080, 2400) epz=Point(1080, 2400) d=0 taskParent=-1},{m=TO_FRONT f=IS_WALLPAPER leash=Surface(name=WallpaperWindowToken{fd65578 showWhenLocked=false})/@0x711f4c sb=Rect(0, 0 - 1080, 2400) eb=Rect(0, 0 - 1080, 2400) epz=Point(1080, 2400) d=0}]}
03-28 22:40:04.014  1214  1283 V WindowManagerShell:  Checking filter Pair{{types=[] flags=0x0] notFlags=0x0 checks=[{atype=undefined independent=true modes=[CLOSE,TO_BACK] flags=IN_TASK_WITH_EMBEDDED_ACTIVITY mustBeTask=false order=ANY topActivity=null launchCookie=null taskFragmentToken=android.os.BinderProxy@d2b0204 windowingMode=undefined}]} RemoteTransition { remoteTransition = android.window.IRemoteTransition$Stub$Proxy@90543ed, appThread = android.app.IApplicationThread$Stub$Proxy@83e5222, debugName = overlayBackTransition }}
03-28 22:40:04.014  1214  1283 V WindowManagerShell:  Checking filter Pair{{types=[] flags=0x0] notFlags=0x0 checks=[{atype=dream independent=true modes=[OPEN,TO_FRONT] flags=NONE mustBeTask=false order=ANY topActivity=null launchCookie=null windowingMode=undefined},{atype=home independent=true modes=[CLOSE,TO_BACK] flags=NONE mustBeTask=false order=ANY topActivity=null launchCookie=null windowingMode=undefined}]} RemoteTransition { remoteTransition = android.window.IRemoteTransition$Stub$Proxy@7db84b3, appThread = android.app.IApplicationThread$Stub$Proxy@583a70, debugName = LauncherToDream }}
03-28 22:40:04.014  1214  1283 V WindowManagerShell:  Checking filter Pair{{types=[] flags=0x0] notFlags=0x100 checks=[{atype=home independent=true modes=[OPEN,TO_FRONT] flags=NONE mustBeTask=false order=TOP topActivity=ComponentInfo{com.google.android.apps.nexuslauncher/com.google.android.apps.nexuslauncher.NexusLauncherActivity} launchCookie=null windowingMode=undefined},{atype=standard independent=true modes=[CLOSE,TO_BACK] flags=NONE mustBeTask=false order=ANY topActivity=null launchCookie=null windowingMode=undefined},{NOT atype=undefined independent=true modes=[] flags=NONE mustBeTask=true order=ANY topActivity=null launchCookie=null customAnim=true windowingMode=undefined}]} RemoteTransition { remoteTransition = android.window.IRemoteTransition$Stub$Proxy@9ff31e9, appThread = android.app.IApplicationThread$Stub$Proxy@6136e6e, debugName = QuickstepLaunchHome }}
03-28 22:40:04.014  1214  1283 D RemoteTransitionHandler: Found filterPair{{types=[] flags=0x0] notFlags=0x100 checks=[{atype=home independent=true modes=[OPEN,TO_FRONT] flags=NONE mustBeTask=false order=TOP topActivity=ComponentInfo{com.google.android.apps.nexuslauncher/com.google.android.apps.nexuslauncher.NexusLauncherActivity} launchCookie=null windowingMode=undefined},{atype=standard independent=true modes=[CLOSE,TO_BACK] flags=NONE mustBeTask=false order=ANY topActivity=null launchCookie=null windowingMode=undefined},{NOT atype=undefined independent=true modes=[] flags=NONE mustBeTask=true order=ANY topActivity=null launchCookie=null customAnim=true windowingMode=undefined}]} RemoteTransition { remoteTransition = android.window.IRemoteTransition$Stub$Proxy@9ff31e9, appThread = android.app.IApplicationThread$Stub$Proxy@6136e6e, debugName = QuickstepLaunchHome }}
03-28 22:40:04.014  1214  1283 V WindowManagerShell:  Delegate animation for (#40) to RemoteTransition { remoteTransition = android.window.IRemoteTransition$Stub$Proxy@9ff31e9, appThread = android.app.IApplicationThread$Stub$Proxy@6136e6e, debugName = QuickstepLaunchHome }
03-28 22:40:04.025  1493  1493 D StateManager: createAtomicAnimation - fromState: Background, toState: Normal, partial trace:
03-28 22:40:04.025  1493  1493 D StateManager: 	at com.android.quickstep.util.ScalingWorkspaceRevealAnim.<init>(go/retraceme 72a59688580715d19f0e415c69e80376c2f062d1648c80db6730905005a27c20:39)
03-28 22:40:04.025  1493  1493 D StateManager: 	at com.android.launcher3.QuickstepTransitionManager.createWallpaperOpenAnimations(go/retraceme 72a59688580715d19f0e415c69e80376c2f062d1648c80db6730905005a27c20:168)
03-28 22:40:04.025  1493  1493 D StateManager: 	at com.android.launcher3.QuickstepTransitionManager$WallpaperOpenLauncherAnimationRunner.onAnimationStart(go/retraceme 72a59688580715d19f0e415c69e80376c2f062d1648c80db6730905005a27c20:17)
03-28 22:40:04.026  1493  1493 D b/311077782: LauncherAnimationRunner.setAnimation
03-28 22:40:04.040  1493  1510 I s.nexuslauncher: AssetManager2(0x79408d87a798) locale list changing from [] to [en-US]
03-28 22:40:04.043  1493  1510 W HWUI    : Image decoding logging dropped!
03-28 22:40:04.069   723   752 V WindowManager: Sent Transition (#40) createdAt=03-28 22:40:03.755 via request=TransitionRequestInfo { type = CLOSE, triggerTask = TaskInfo{userId=0 taskId=17 effectiveUid=10217 displayId=0 isRunning=true baseIntent=Intent { flg=0x10000000 cmp=com.studentsaas.student/.MainActivity } baseActivity=ComponentInfo{com.studentsaas.student/com.studentsaas.student.MainActivity} topActivity=ComponentInfo{com.studentsaas.student/com.studentsaas.student.MainActivity} origActivity=null realActivity=ComponentInfo{com.studentsaas.student/com.studentsaas.student.MainActivity} numActivities=1 lastActiveTime=3639670 supportsMultiWindow=true resizeMode=1 isResizeable=true minWidth=-1 minHeight=-1 defaultMinSize=220 token=WCT{RemoteToken{385e24 Task{fa9edc7 #17 type=standard A=10217:com.studentsaas.student}}} topActivityType=1 pictureInPictureParams=null shouldDockBigOverlays=false launchIntoPipHostTaskId=-1 lastParentTaskIdBeforePip=-1 displayCutoutSafeInsets=Rect(0, 0 - 0, 0) topActivityInfo=ActivityInfo{8873d8d com.studentsaas.student.MainActivity} launchCookies=[] positionInParent=Point(0, 0) parentTaskId=-1 isFocused=true isVisible=true isVisibleRequested=true isTopActivityNoDisplay=false isSleeping=false locusId=null displayAreaFeatureId=1 isTopActivityTransparent=false isActivityStackTransparent=false lastNonFullscreenBounds=Rect(276, 694 - 804, 1774) capturedLink=null capturedLinkTimestamp=0 requestedVisibleTypes=-9 topActivityRequestOpenInBrowserEducationTimestamp=0 appCompatTaskInfo=AppCompatTaskInfo { topActivityInSizeCompat=false eligibleForLetterboxEducation= false isLetterboxEducationEnabled= true isLetterboxDoubleTapEnabled= false eligibleForUserAspectRatioButton= false topActivityBoundsLetterboxed= false isFromLetterboxDoubleTap= false topActivityLetterboxVerticalPosition= -1 topActivityLetterboxHorizontalPosition= -1 topActivityLetterboxWidth=-1 topActivityLetterboxHeight=-1 topActivityAppBounds=Rect(0, 0 - 1080, 2400) isUserFullscreenOverrideEnabled=false isSystemFullscreenOverrideEnabled=false hasMinAspectRatioOverride=false topActivityLetterboxBounds=null cameraCompatTaskInfo=CameraCompatTaskInfo { freeformCameraCompatMode=inactive}} topActivityMainWindowFrame=null}, pipChange = null, remoteTransition = null, displayChange = null, flags = 16, debugId = 40 }
03-28 22:40:04.069   723   752 V WindowManager:     startWCT=WindowContainerTransaction { changes= {} hops= [] errorCallbackToken=null taskFragmentOrganizer=null }
03-28 22:40:04.069   723   752 V WindowManager:     info={id=40 t=CLOSE f=0x10 trk=0 r=[0@Point(0, 0)] c=[
03-28 22:40:04.069   723   752 V WindowManager:         {WCT{RemoteToken{3ddd7d7 Task{b13e422 #1 type=home}}} m=TO_FRONT f=SHOW_WALLPAPER|MOVE_TO_TOP leash=Surface(name=Task=1)/@0xf62a667 sb=Rect(0, 0 - 1080, 2400) eb=Rect(0, 0 - 1080, 2400) epz=Point(1080, 2400) d=0 taskParent=-1},
03-28 22:40:04.069   723   752 V WindowManager:         {WCT{RemoteToken{385e24 Task{fa9edc7 #17 type=standard A=10217:com.studentsaas.student}}} m=CLOSE f=NONE leash=Surface(name=Task=17)/@0xd509278 sb=Rect(0, 0 - 1080, 2400) eb=Rect(0, 0 - 1080, 2400) epz=Point(1080, 2400) d=0 taskParent=-1},
03-28 22:40:04.069   723   752 V WindowManager:         {m=TO_FRONT f=IS_WALLPAPER leash=Surface(name=WallpaperWindowToken{fd65578 showWhenLocked=false})/@0x91e9981 sb=Rect(0, 0 - 1080, 2400) eb=Rect(0, 0 - 1080, 2400) epz=Point(1080, 2400) d=0}
03-28 22:40:04.069   723   752 V WindowManager:     ]}
03-28 22:40:04.072  1214  1283 V WindowManagerShell:  animated by com.android.wm.shell.transition.RemoteTransitionHandler@39e0cba
03-28 22:40:04.104   723   888 I ImeTracker: com.google.android.apps.nexuslauncher:ce67dcfb: onRequestHide at ORIGIN_SERVER reason HIDE_UNSPECIFIED_WINDOW fromUser false
03-28 22:40:04.105  7541  7541 I GoogleInputMethodService: GoogleInputMethodService.onFinishInput():2043 
03-28 22:40:04.106   723  2192 I ImeTracker: system_server:f695d22d: onRequestHide at ORIGIN_SERVER reason IME_REQUESTED_CHANGED_LISTENER fromUser false
03-28 22:40:04.107   723   755 I ImeTracker: system_server:f695d22d: onCancelled at PHASE_SERVER_SHOULD_HIDE
03-28 22:40:04.108  7541  7541 I Module  : DeviceLockedStatusModuleProvider$Module.updateDeviceLockedStatus():100 repeatCheckTimes = 0, locked = false
03-28 22:40:04.109  7541  7541 I GoogleInputMethodService: GoogleInputMethodService.onStartInput():1293 onStartInput(EditorInfo{EditorInfo{packageName=com.google.android.apps.nexuslauncher, inputType=0, inputTypeString=NULL, enableLearning=false, autoCorrection=false, autoComplete=false, imeOptions=0, privateImeOptions=null, actionName=UNSPECIFIED, actionLabel=null, initialSelStart=-1, initialSelEnd=-1, initialCapsMode=0, label=null, fieldId=0, fieldName=null, extras=null, hintText=null, hintLocales=[]}}, false)
03-28 22:40:04.110  7541  7541 I Module  : DeviceLockedStatusModuleProvider$Module.updateDeviceLockedStatus():100 repeatCheckTimes = 1, locked = false
03-28 22:40:04.111  7541  7541 I EmojiCompatManager: EmojiCompatManager.getEmojiCompatIfLoaded():343 EmojiCompat.init() was never called.
03-28 22:40:04.111  7541  7541 I EmojiCompatManager: java.lang.IllegalStateException: EmojiCompat is not initialized. Please call EmojiCompat.init() first
03-28 22:40:04.111  7541  7541 I EmojiCompatManager: 	at asx.p(PG:6)
03-28 22:40:04.111  7541  7541 I EmojiCompatManager: 	at axb.b(PG:13)
03-28 22:40:04.111  7541  7541 I EmojiCompatManager: 	at jnr.b(PG:2)
03-28 22:40:04.111  7541  7541 I EmojiCompatManager: 	at jnr.c(PG:4)
03-28 22:40:04.111  7541  7541 I EmojiCompatManager: 	at jnr.f(PG:3)
03-28 22:40:04.111  7541  7541 I EmojiCompatManager: 	at jnx.c(PG:3)
03-28 22:40:04.111  7541  7541 I EmojiCompatManager: 	at kif.cz(PG:47)
03-28 22:40:04.111  7541  7541 I EmojiCompatManager: 	at lhl.run(PG:1025)
03-28 22:40:04.111  7541  7541 I EmojiCompatManager: 	at jaf.execute(PG:12)
03-28 22:40:04.111  7541  7541 I EmojiCompatManager: 	at nco.v(PG:13)
03-28 22:40:04.111  7541  7541 I EmojiCompatManager: 	at lhn.m(PG:96)
03-28 22:40:04.111  7541  7541 I EmojiCompatManager: 	at lhn.k(PG:25)
03-28 22:40:04.111  7541  7541 I EmojiCompatManager: 	at kgn.onStartInput(PG:250)
03-28 22:40:04.111  7541  7541 I EmojiCompatManager: 	at android.inputmethodservice.InputMethodService.doStartInput(InputMethodService.java:3521)
03-28 22:40:04.111  7541  7541 I EmojiCompatManager: 	at android.inputmethodservice.InputMethodService$InputMethodImpl.startInput(InputMethodService.java:879)
03-28 22:40:04.111  7541  7541 I EmojiCompatManager: 	at android.inputmethodservice.InputMethodService$InputMethodImpl.dispatchStartInput(InputMethodService.java:908)
03-28 22:40:04.111  7541  7541 I EmojiCompatManager: 	at android.inputmethodservice.IInputMethodWrapper.executeMessage(IInputMethodWrapper.java:201)
03-28 22:40:04.111  7541  7541 I EmojiCompatManager: 	at com.android.internal.os.HandlerCaller$MyHandler.handleMessage(HandlerCaller.java:44)
03-28 22:40:04.111  7541  7541 I EmojiCompatManager: 	at android.os.Handler.dispatchMessage(Handler.java:110)
03-28 22:40:04.111  7541  7541 I EmojiCompatManager: 	at android.os.Looper.loopOnce(Looper.java:248)
03-28 22:40:04.111  7541  7541 I EmojiCompatManager: 	at android.os.Looper.loop(Looper.java:338)
03-28 22:40:04.111  7541  7541 I EmojiCompatManager: 	at android.app.ActivityThread.main(ActivityThread.java:9067)
03-28 22:40:04.111  7541  7541 I EmojiCompatManager: 	at java.lang.reflect.Method.invoke(Native Method)
03-28 22:40:04.111  7541  7541 I EmojiCompatManager: 	at com.android.internal.os.RuntimeInit$MethodAndArgsCaller.run(RuntimeInit.java:593)
03-28 22:40:04.111  7541  7541 I EmojiCompatManager: 	at com.android.internal.os.ZygoteInit.main(ZygoteInit.java:932)
03-28 22:40:04.111   723  2192 W PackageConfigPersister: App-specific configuration not found for packageName: com.google.android.apps.nexuslauncher and userId: 0
03-28 22:40:04.119  1493  1493 D InsetsController: hide(ime(), fromIme=false)
03-28 22:40:04.119  1493  1493 I ImeTracker: com.google.android.apps.nexuslauncher:ce67dcfb: onCancelled at PHASE_CLIENT_ALREADY_HIDDEN
03-28 22:40:04.245  7541  7547 W putmethod.latin: Reducing the number of considered missed Gc histogram windows from 140 to 100
03-28 22:40:04.257   723   755 W ActivityTaskManager: Activity top resumed state loss timeout for ActivityRecord{244785926 u0 com.studentsaas.student/.MainActivity t17 f} isExiting}
03-28 22:40:04.411  1470  1470 I wpa_supplicant: wlan0: CTRL-EVENT-BEACON-LOSS 
